Copyright 1986-2022 Xilinx, Inc. All Rights Reserved. Copyright 2022-2023 Advanced Micro Devices, Inc. All Rights Reserved.
---------------------------------------------------------------------------------------------------------------------------------------------
| Tool Version : Vivado v.2023.1 (lin64) Build 3865809 Sun May  7 15:04:56 MDT 2023
| Date         : Thu Jul  2 04:59:46 2026
| Host         : lnx-141209 running 64-bit Ubuntu 24.04.4 LTS
| Command      : report_timing_summary -file /home/lnx-141209/Desktop/FluxCore/reports/synthesis/fluxcore_soc_timing_summary_synth.rpt
| Design       : fluxcore_soc
| Device       : 7z020-clg400
| Speed File   : -1  PRODUCTION 1.12 2019-11-22
| Design State : Synthesized
---------------------------------------------------------------------------------------------------------------------------------------------

Timing Summary Report

------------------------------------------------------------------------------------------------
| Timer Settings
| --------------
------------------------------------------------------------------------------------------------

  Enable Multi Corner Analysis               :  Yes
  Enable Pessimism Removal                   :  Yes
  Pessimism Removal Resolution               :  Nearest Common Node
  Enable Input Delay Default Clock           :  No
  Enable Preset / Clear Arcs                 :  No
  Disable Flight Delays                      :  No
  Ignore I/O Paths                           :  No
  Timing Early Launch at Borrowing Latches   :  No
  Borrow Time for Max Delay Exceptions       :  Yes
  Merge Timing Exceptions                    :  Yes

  Corner  Analyze    Analyze    
  Name    Max Paths  Min Paths  
  ------  ---------  ---------  
  Slow    Yes        Yes        
  Fast    Yes        Yes        


------------------------------------------------------------------------------------------------
| Report Methodology
| ------------------
------------------------------------------------------------------------------------------------

No report available as report_methodology has not been run prior. Run report_methodology on the current design for the summary of methodology violations.



check_timing report

Table of Contents
-----------------
1. checking no_clock (0)
2. checking constant_clock (0)
3. checking pulse_width_clock (0)
4. checking unconstrained_internal_endpoints (0)
5. checking no_input_delay (0)
6. checking no_output_delay (0)
7. checking multiple_clock (0)
8. checking generated_clocks (0)
9. checking loops (0)
10. checking partial_input_delay (0)
11. checking partial_output_delay (0)
12. checking latch_loops (0)

1. checking no_clock (0)
------------------------
 There are 0 register/latch pins with no clock.


2. checking constant_clock (0)
------------------------------
 There are 0 register/latch pins with constant_clock.


3. checking pulse_width_clock (0)
---------------------------------
 There are 0 register/latch pins which need pulse_width check


4. checking unconstrained_internal_endpoints (0)
------------------------------------------------
 There are 0 pins that are not constrained for maximum delay.

 There are 0 pins that are not constrained for maximum delay due to constant clock.


5. checking no_input_delay (0)
------------------------------
 There are 0 input ports with no input delay specified.

 There are 0 input ports with no input delay but user has a false path constraint.


6. checking no_output_delay (0)
-------------------------------
 There are 0 ports with no output delay specified.

 There are 0 ports with no output delay but user has a false path constraint

 There are 0 ports with no output delay but with a timing clock defined on it or propagating through it


7. checking multiple_clock (0)
------------------------------
 There are 0 register/latch pins with multiple clocks.


8. checking generated_clocks (0)
--------------------------------
 There are 0 generated clocks that are not connected to a clock source.


9. checking loops (0)
---------------------
 There are 0 combinational loops in the design.


10. checking partial_input_delay (0)
------------------------------------
 There are 0 input ports with partial input delay specified.


11. checking partial_output_delay (0)
-------------------------------------
 There are 0 ports with partial output delay specified.


12. checking latch_loops (0)
----------------------------
 There are 0 combinational latch loops in the design through latch input



------------------------------------------------------------------------------------------------
| Design Timing Summary
| ---------------------
------------------------------------------------------------------------------------------------

    WNS(ns)      TNS(ns)  TNS Failing Endpoints  TNS Total Endpoints      WHS(ns)      THS(ns)  THS Failing Endpoints  THS Total Endpoints     WPWS(ns)     TPWS(ns)  TPWS Failing Endpoints  TPWS Total Endpoints  
    -------      -------  ---------------------  -------------------      -------      -------  ---------------------  -------------------     --------     --------  ----------------------  --------------------  
      0.911        0.000                      0                 7173        0.137        0.000                      0                 7173        9.500        0.000                       0                  2437  


All user specified timing constraints are met.


------------------------------------------------------------------------------------------------
| Clock Summary
| -------------
------------------------------------------------------------------------------------------------

Clock         Waveform(ns)       Period(ns)      Frequency(MHz)
-----         ------------       ----------      --------------
fluxcore_clk  {0.000 10.000}     20.000          50.000          


------------------------------------------------------------------------------------------------
| Intra Clock Table
| -----------------
------------------------------------------------------------------------------------------------

Clock             WNS(ns)      TNS(ns)  TNS Failing Endpoints  TNS Total Endpoints      WHS(ns)      THS(ns)  THS Failing Endpoints  THS Total Endpoints     WPWS(ns)     TPWS(ns)  TPWS Failing Endpoints  TPWS Total Endpoints  
-----             -------      -------  ---------------------  -------------------      -------      -------  ---------------------  -------------------     --------     --------  ----------------------  --------------------  
fluxcore_clk        0.911        0.000                      0                 7173        0.137        0.000                      0                 7173        9.500        0.000                       0                  2437  


------------------------------------------------------------------------------------------------
| Inter Clock Table
| -----------------
------------------------------------------------------------------------------------------------

From Clock    To Clock          WNS(ns)      TNS(ns)  TNS Failing Endpoints  TNS Total Endpoints      WHS(ns)      THS(ns)  THS Failing Endpoints  THS Total Endpoints  
----------    --------          -------      -------  ---------------------  -------------------      -------      -------  ---------------------  -------------------  


------------------------------------------------------------------------------------------------
| Other Path Groups Table
| -----------------------
------------------------------------------------------------------------------------------------

Path Group    From Clock    To Clock          WNS(ns)      TNS(ns)  TNS Failing Endpoints  TNS Total Endpoints      WHS(ns)      THS(ns)  THS Failing Endpoints  THS Total Endpoints  
----------    ----------    --------          -------      -------  ---------------------  -------------------      -------      -------  ---------------------  -------------------  


------------------------------------------------------------------------------------------------
| Timing Details
| --------------
------------------------------------------------------------------------------------------------


---------------------------------------------------------------------------------------------------
From Clock:  fluxcore_clk
  To Clock:  fluxcore_clk

Setup :            0  Failing Endpoints,  Worst Slack        0.911ns,  Total Violation        0.000ns
Hold  :            0  Failing Endpoints,  Worst Slack        0.137ns,  Total Violation        0.000ns
PW    :            0  Failing Endpoints,  Worst Slack        9.500ns,  Total Violation        0.000ns
---------------------------------------------------------------------------------------------------


Max Delay Paths
--------------------------------------------------------------------------------------
Slack (MET) :             0.911ns  (required time - arrival time)
  Source:                 g_no_dcache.u_dmem/mem1_reg/CLKARDCLK
                            (rising edge-triggered cell RAMB18E1 clocked by fluxcore_clk  {rise@0.000ns fall@10.000ns period=20.000ns})
  Destination:            u_cpu/u_ex_mem_reg/q_o_reg[alu_result][30]/D
                            (rising edge-triggered cell FDRE clocked by fluxcore_clk  {rise@0.000ns fall@10.000ns period=20.000ns})
  Path Group:             fluxcore_clk
  Path Type:              Setup (Max at Slow Process Corner)
  Requirement:            20.000ns  (fluxcore_clk rise@20.000ns - fluxcore_clk rise@0.000ns)
  Data Path Delay:        18.953ns  (logic 11.384ns (60.064%)  route 7.569ns (39.936%))
  Logic Levels:           24  (CARRY4=12 DSP48E1=2 LUT2=1 LUT4=1 LUT5=3 LUT6=5)
  Clock Path Skew:        -0.145ns (DCD - SCD + CPR)
    Destination Clock Delay (DCD):    2.694ns = ( 22.694 - 20.000 ) 
    Source Clock Delay      (SCD):    2.960ns
    Clock Pessimism Removal (CPR):    0.120ns
  Clock Uncertainty:      0.035ns  ((TSJ^2 + TIJ^2)^1/2 + DJ) / 2 + PE
    Total System Jitter     (TSJ):    0.071ns
    Total Input Jitter      (TIJ):    0.000ns
    Discrete Jitter          (DJ):    0.000ns
    Phase Error              (PE):    0.000ns

    Location             Delay type                Incr(ns)  Path(ns)    Netlist Resource(s)
  -------------------------------------------------------------------    -------------------
                         (clock fluxcore_clk rise edge)
                                                      0.000     0.000 r  
    K17                                               0.000     0.000 r  clk (IN)
                         net (fo=0)                   0.000     0.000    clk
    K17                  IBUF (Prop_ibuf_I_O)         1.475     1.475 r  clk_IBUF_inst/O
                         net (fo=1, unplaced)         0.800     2.275    clk_IBUF
                         BUFG (Prop_bufg_I_O)         0.101     2.376 r  clk_IBUF_BUFG_inst/O
                         net (fo=2436, unplaced)      0.584     2.960    g_no_dcache.u_dmem/clk
                         RAMB18E1                                     r  g_no_dcache.u_dmem/mem1_reg/CLKARDCLK
  -------------------------------------------------------------------    -------------------
                         RAMB18E1 (Prop_ramb18e1_CLKARDCLK_DOADO[7])
                                                      2.454     5.414 r  g_no_dcache.u_dmem/mem1_reg/DOADO[7]
                         net (fo=1, unplaced)         0.800     6.213    u_bus/mem_rdata[15]
                         LUT4 (Prop_lut4_I3_O)        0.124     6.337 r  u_bus/u_cpu_i_17/O
                         net (fo=8, unplaced)         0.940     7.277    u_cpu/u_mem_wb_reg/dmem_rdata_i[15]
                         LUT6 (Prop_lut6_I2_O)        0.124     7.401 r  u_cpu/u_mem_wb_reg/retire_o[rd_data][23]_INST_0_i_1/O
                         net (fo=3, unplaced)         0.467     7.868    u_cpu/u_mem_wb_reg/retire_o[rd_data][23]_INST_0_i_1_n_0
                         LUT5 (Prop_lut5_I4_O)        0.124     7.992 r  u_cpu/u_mem_wb_reg/retire_o[rd_data][30]_INST_0_i_1/O
                         net (fo=14, unplaced)        0.500     8.492    u_cpu/u_mem_wb_reg/retire_o[rd_data][30]_INST_0_i_1_n_0
                         LUT5 (Prop_lut5_I0_O)        0.124     8.616 r  u_cpu/u_mem_wb_reg/retire_o[rd_data][16]_INST_0/O
                         net (fo=37, unplaced)        0.494     9.110    u_cpu/u_id_ex_reg/prod_su__1_15
                         LUT6 (Prop_lut6_I3_O)        0.124     9.234 r  u_cpu/u_id_ex_reg/prod_ss__1_i_1/O
                         net (fo=32, unplaced)        0.800    10.034    u_cpu/u_muldiv/id_ex_fwd_s[rs1_data][16]
                         DSP48E1 (Prop_dsp48e1_A[16]_PCOUT[47])
                                                      4.036    14.070 r  u_cpu/u_muldiv/prod_uu__1/PCOUT[47]
                         net (fo=1, unplaced)         0.055    14.125    u_cpu/u_muldiv/prod_uu__1_n_106
                         DSP48E1 (Prop_dsp48e1_PCIN[47]_P[0])
                                                      1.518    15.643 r  u_cpu/u_muldiv/prod_uu__2/P[0]
                         net (fo=2, unplaced)         0.800    16.443    u_cpu/u_muldiv/prod_uu__2_n_105
                         LUT2 (Prop_lut2_I0_O)        0.124    16.567 r  u_cpu/u_muldiv/q_o[alu_result][0]_i_93/O
                         net (fo=1, unplaced)         0.000    16.567    u_cpu/u_muldiv/q_o[alu_result][0]_i_93_n_0
                         CARRY4 (Prop_carry4_S[1]_CO[3])
                                                      0.533    17.100 r  u_cpu/u_muldiv/q_o_reg[alu_result][0]_i_81/CO[3]
                         net (fo=1, unplaced)         0.009    17.109    u_cpu/u_muldiv/q_o_reg[alu_result][0]_i_81_n_0
                         CARRY4 (Prop_carry4_CI_CO[3])
                                                      0.117    17.226 r  u_cpu/u_muldiv/q_o_reg[alu_result][0]_i_71/CO[3]
                         net (fo=1, unplaced)         0.000    17.226    u_cpu/u_muldiv/q_o_reg[alu_result][0]_i_71_n_0
                         CARRY4 (Prop_carry4_CI_CO[3])
                                                      0.117    17.343 r  u_cpu/u_muldiv/q_o_reg[alu_result][0]_i_61/CO[3]
                         net (fo=1, unplaced)         0.000    17.343    u_cpu/u_muldiv/q_o_reg[alu_result][0]_i_61_n_0
                         CARRY4 (Prop_carry4_CI_CO[3])
                                                      0.117    17.460 r  u_cpu/u_muldiv/q_o_reg[alu_result][0]_i_45/CO[3]
                         net (fo=1, unplaced)         0.000    17.460    u_cpu/u_muldiv/q_o_reg[alu_result][0]_i_45_n_0
                         CARRY4 (Prop_carry4_CI_CO[3])
                                                      0.117    17.577 r  u_cpu/u_muldiv/q_o_reg[alu_result][0]_i_30/CO[3]
                         net (fo=1, unplaced)         0.000    17.577    u_cpu/u_muldiv/q_o_reg[alu_result][0]_i_30_n_0
                         CARRY4 (Prop_carry4_CI_CO[3])
                                                      0.117    17.694 r  u_cpu/u_muldiv/q_o_reg[alu_result][7]_i_26/CO[3]
                         net (fo=1, unplaced)         0.000    17.694    u_cpu/u_muldiv/q_o_reg[alu_result][7]_i_26_n_0
                         CARRY4 (Prop_carry4_CI_CO[3])
                                                      0.117    17.811 r  u_cpu/u_muldiv/q_o_reg[alu_result][11]_i_26/CO[3]
                         net (fo=1, unplaced)         0.000    17.811    u_cpu/u_muldiv/q_o_reg[alu_result][11]_i_26_n_0
                         CARRY4 (Prop_carry4_CI_CO[3])
                                                      0.117    17.928 r  u_cpu/u_muldiv/q_o_reg[alu_result][15]_i_27/CO[3]
                         net (fo=1, unplaced)         0.000    17.928    u_cpu/u_muldiv/q_o_reg[alu_result][15]_i_27_n_0
                         CARRY4 (Prop_carry4_CI_CO[3])
                                                      0.117    18.045 r  u_cpu/u_muldiv/q_o_reg[alu_result][19]_i_34/CO[3]
                         net (fo=1, unplaced)         0.000    18.045    u_cpu/u_muldiv/q_o_reg[alu_result][19]_i_34_n_0
                         CARRY4 (Prop_carry4_CI_CO[3])
                                                      0.117    18.162 r  u_cpu/u_muldiv/q_o_reg[alu_result][23]_i_32/CO[3]
                         net (fo=1, unplaced)         0.000    18.162    u_cpu/u_muldiv/q_o_reg[alu_result][23]_i_32_n_0
                         CARRY4 (Prop_carry4_CI_CO[3])
                                                      0.117    18.279 r  u_cpu/u_muldiv/q_o_reg[alu_result][27]_i_34/CO[3]
                         net (fo=1, unplaced)         0.000    18.279    u_cpu/u_muldiv/q_o_reg[alu_result][27]_i_34_n_0
                         CARRY4 (Prop_carry4_CI_O[2])
                                                      0.256    18.535 r  u_cpu/u_muldiv/q_o_reg[alu_result][31]_i_67/O[2]
                         net (fo=1, unplaced)         0.905    19.440    u_cpu/u_id_ex_reg/data2[30]
                         LUT6 (Prop_lut6_I3_O)        0.301    19.741 r  u_cpu/u_id_ex_reg/q_o[alu_result][30]_i_22/O
                         net (fo=1, unplaced)         0.449    20.190    u_cpu/u_id_ex_reg/q_o[alu_result][30]_i_22_n_0
                         LUT6 (Prop_lut6_I2_O)        0.124    20.314 r  u_cpu/u_id_ex_reg/q_o[alu_result][30]_i_15/O
                         net (fo=1, unplaced)         0.449    20.763    u_cpu/u_muldiv/q_o_reg[alu_result][30]
                         LUT5 (Prop_lut5_I3_O)        0.124    20.887 r  u_cpu/u_muldiv/q_o[alu_result][30]_i_5/O
                         net (fo=1, unplaced)         0.902    21.789    u_cpu/u_id_ex_reg/q_o_reg[alu_result][30]
                         LUT6 (Prop_lut6_I5_O)        0.124    21.913 r  u_cpu/u_id_ex_reg/q_o[alu_result][30]_i_1/O
                         net (fo=1, unplaced)         0.000    21.913    u_cpu/u_ex_mem_reg/q_o_reg[alu_result][31]_3[30]
                         FDRE                                         r  u_cpu/u_ex_mem_reg/q_o_reg[alu_result][30]/D
  -------------------------------------------------------------------    -------------------

                         (clock fluxcore_clk rise edge)
                                                     20.000    20.000 r  
    K17                                               0.000    20.000 r  clk (IN)
                         net (fo=0)                   0.000    20.000    clk
    K17                  IBUF (Prop_ibuf_I_O)         1.404    21.404 r  clk_IBUF_inst/O
                         net (fo=1, unplaced)         0.760    22.164    clk_IBUF
                         BUFG (Prop_bufg_I_O)         0.091    22.255 r  clk_IBUF_BUFG_inst/O
                         net (fo=2436, unplaced)      0.439    22.694    u_cpu/u_ex_mem_reg/clk
                         FDRE                                         r  u_cpu/u_ex_mem_reg/q_o_reg[alu_result][30]/C
                         clock pessimism              0.120    22.815    
                         clock uncertainty           -0.035    22.779    
                         FDRE (Setup_fdre_C_D)        0.044    22.823    u_cpu/u_ex_mem_reg/q_o_reg[alu_result][30]
  -------------------------------------------------------------------
                         required time                         22.823    
                         arrival time                         -21.913    
  -------------------------------------------------------------------
                         slack                                  0.911    





Min Delay Paths
--------------------------------------------------------------------------------------
Slack (MET) :             0.137ns  (arrival time - required time)
  Source:                 u_cpu/u_csr/mscratch_q_reg[3]/C
                            (rising edge-triggered cell FDRE clocked by fluxcore_clk  {rise@0.000ns fall@10.000ns period=20.000ns})
  Destination:            u_cpu/u_csr/mscratch_q_reg[3]/D
                            (rising edge-triggered cell FDRE clocked by fluxcore_clk  {rise@0.000ns fall@10.000ns period=20.000ns})
  Path Group:             fluxcore_clk
  Path Type:              Hold (Min at Fast Process Corner)
  Requirement:            0.000ns  (fluxcore_clk rise@0.000ns - fluxcore_clk rise@0.000ns)
  Data Path Delay:        0.381ns  (logic 0.245ns (64.350%)  route 0.136ns (35.650%))
  Logic Levels:           1  (LUT4=1)
  Clock Path Skew:        0.145ns (DCD - SCD - CPR)
    Destination Clock Delay (DCD):    1.073ns
    Source Clock Delay      (SCD):    0.720ns
    Clock Pessimism Removal (CPR):    0.209ns

    Location             Delay type                Incr(ns)  Path(ns)    Netlist Resource(s)
  -------------------------------------------------------------------    -------------------
                         (clock fluxcore_clk rise edge)
                                                      0.000     0.000 r  
    K17                                               0.000     0.000 r  clk (IN)
                         net (fo=0)                   0.000     0.000    clk
    K17                  IBUF (Prop_ibuf_I_O)         0.243     0.243 r  clk_IBUF_inst/O
                         net (fo=1, unplaced)         0.337     0.580    clk_IBUF
                         BUFG (Prop_bufg_I_O)         0.026     0.606 r  clk_IBUF_BUFG_inst/O
                         net (fo=2436, unplaced)      0.114     0.720    u_cpu/u_csr/clk
                         FDRE                                         r  u_cpu/u_csr/mscratch_q_reg[3]/C
  -------------------------------------------------------------------    -------------------
                         FDRE (Prop_fdre_C_Q)         0.147     0.867 r  u_cpu/u_csr/mscratch_q_reg[3]/Q
                         net (fo=2, unplaced)         0.136     1.003    u_cpu/u_ex_mem_reg/mscratch_q_reg[3]
                         LUT4 (Prop_lut4_I3_O)        0.098     1.101 r  u_cpu/u_ex_mem_reg/mscratch_q[3]_i_1/O
                         net (fo=1, unplaced)         0.000     1.101    u_cpu/u_csr/mscratch_q_reg[3]_1
                         FDRE                                         r  u_cpu/u_csr/mscratch_q_reg[3]/D
  -------------------------------------------------------------------    -------------------

                         (clock fluxcore_clk rise edge)
                                                      0.000     0.000 r  
    K17                                               0.000     0.000 r  clk (IN)
                         net (fo=0)                   0.000     0.000    clk
    K17                  IBUF (Prop_ibuf_I_O)         0.431     0.431 r  clk_IBUF_inst/O
                         net (fo=1, unplaced)         0.355     0.785    clk_IBUF
                         BUFG (Prop_bufg_I_O)         0.029     0.814 r  clk_IBUF_BUFG_inst/O
                         net (fo=2436, unplaced)      0.259     1.073    u_cpu/u_csr/clk
                         FDRE                                         r  u_cpu/u_csr/mscratch_q_reg[3]/C
                         clock pessimism             -0.209     0.865    
                         FDRE (Hold_fdre_C_D)         0.099     0.964    u_cpu/u_csr/mscratch_q_reg[3]
  -------------------------------------------------------------------
                         required time                         -0.964    
                         arrival time                           1.101    
  -------------------------------------------------------------------
                         slack                                  0.137    





Pulse Width Checks
--------------------------------------------------------------------------------------
Clock Name:         fluxcore_clk
Waveform(ns):       { 0.000 10.000 }
Period(ns):         20.000
Sources:            { clk }

Check Type        Corner  Lib Pin             Reference Pin  Required(ns)  Actual(ns)  Slack(ns)  Location  Pin
Min Period        n/a     RAMB18E1/CLKARDCLK  n/a            2.576         20.000      17.424               g_no_dcache.u_dmem/mem0_reg/CLKARDCLK
Low Pulse Width   Slow    FDRE/C              n/a            0.500         10.000      9.500                rst_sync_q_reg[0]/C
High Pulse Width  Slow    FDRE/C              n/a            0.500         10.000      9.500                rst_sync_q_reg[0]/C



