#! /usr/local/bin/vvp
:ivl_version "11.0 (stable)" "(v11_0-132-gb2f2414f4)";
:ivl_delay_selection "TYPICAL";
:vpi_time_precision - 12;
:vpi_module "/usr/local/lib/ivl/system.vpi";
:vpi_module "/usr/local/lib/ivl/vhdl_sys.vpi";
:vpi_module "/usr/local/lib/ivl/vhdl_textio.vpi";
:vpi_module "/usr/local/lib/ivl/v2005_math.vpi";
:vpi_module "/usr/local/lib/ivl/va_math.vpi";
:vpi_module "/usr/local/lib/ivl/v2009.vpi";
S_0x5692b00fbe80 .scope package, "$unit" "$unit" 2 1;
 .timescale 0 0;
S_0x5692b00d2e50 .scope module, "tb_dcache" "tb_dcache" 3 17;
 .timescale -9 -12;
P_0x5692b00d3190 .param/l "INDEX_W" 1 3 23, +C4<00000000000000000000000000000011>;
P_0x5692b00d31d0 .param/l "NSETS" 1 3 22, +C4<00000000000000000000000000001000>;
P_0x5692b00d3210 .param/l "TAG_W" 1 3 24, +C4<00000000000000000000000000011011>;
v0x5692b0129220 .array "bram", 255 0, 31 0;
v0x5692b0129300_0 .var "clk", 0 0;
v0x5692b01293c0_0 .var "cpu_addr", 31 0;
v0x5692b0129490_0 .net "cpu_rdata", 31 0, L_0x5692b0103390;  1 drivers
v0x5692b0129560_0 .var "cpu_ren", 0 0;
v0x5692b0129650_0 .var "cpu_wdata", 31 0;
v0x5692b0129720_0 .var "cpu_wen", 0 0;
v0x5692b01297f0_0 .var "cpu_wstrb", 3 0;
v0x5692b01298c0_0 .net "dmem_stall", 0 0, v0x5692b0127910_0;  1 drivers
v0x5692b0129990_0 .var/2s "fail_count", 31 0;
v0x5692b0129a30_0 .net "hit_count", 31 0, L_0x5692b01041a0;  1 drivers
v0x5692b0129b00_0 .net "mem_addr", 31 0, v0x5692b0127d30_0;  1 drivers
v0x5692b0129bd0_0 .var "mem_rdata", 31 0;
v0x5692b0129ca0_0 .net "mem_ren", 0 0, v0x5692b0127ef0_0;  1 drivers
v0x5692b0129d70_0 .net "mem_wdata", 31 0, v0x5692b0127fb0_0;  1 drivers
v0x5692b0129e40_0 .net "mem_wen", 0 0, v0x5692b0128090_0;  1 drivers
v0x5692b0129f10_0 .net "mem_wstrb", 3 0, v0x5692b0128150_0;  1 drivers
v0x5692b0129fe0_0 .net "miss_count", 31 0, L_0x5692b01044e0;  1 drivers
v0x5692b012a0b0_0 .var/2s "pass_count", 31 0;
v0x5692b012a150_0 .var "rst", 0 0;
S_0x5692b0086480 .scope begin, "$ivl_for_loop1" "$ivl_for_loop1" 3 123, 3 123 0, S_0x5692b00d2e50;
 .timescale -9 -12;
v0x5692b0103570_0 .var/2s "i", 31 0;
S_0x5692b0125d30 .scope task, "check" "check" 3 87, 3 87 0, S_0x5692b00d2e50;
 .timescale -9 -12;
v0x5692b0104380_0 .var "cond", 0 0;
v0x5692b0104600_0 .var/str "name";
TD_tb_dcache.check ;
    %load/vec4 v0x5692b0104380_0;
    %nor/r;
    %flag_set/vec4 8;
    %jmp/0xz  T_0.0, 8;
    %vpi_call/w 3 89 "$display", "FAIL  %0t  %s", $time, v0x5692b0104600_0 {0 0 0};
    ; show_stmt_assign_vector: Get l-value for compressed += operand
    %load/vec4 v0x5692b0129990_0;
    %pushi/vec4 1, 0, 32;
    %add;
    %cast2;
    %store/vec4 v0x5692b0129990_0, 0, 32;
    %jmp T_0.1;
T_0.0 ;
    %vpi_call/w 3 92 "$display", "PASS  %0t  %s", $time, v0x5692b0104600_0 {0 0 0};
    ; show_stmt_assign_vector: Get l-value for compressed += operand
    %load/vec4 v0x5692b012a0b0_0;
    %pushi/vec4 1, 0, 32;
    %add;
    %cast2;
    %store/vec4 v0x5692b012a0b0_0, 0, 32;
T_0.1 ;
    %end;
S_0x5692b0125f70 .scope task, "drive" "drive" 3 98, 3 98 0, S_0x5692b00d2e50;
 .timescale -9 -12;
v0x5692b0105330_0 .var "addr", 31 0;
v0x5692b0105580_0 .var "ren", 0 0;
v0x5692b00b7940_0 .var "wdata", 31 0;
v0x5692b00f2b40_0 .var "wen", 0 0;
v0x5692b0126230_0 .var "wstrb", 3 0;
E_0x5692b00c3e90 .event posedge, v0x5692b0127030_0;
TD_tb_dcache.drive ;
    %load/vec4 v0x5692b0105330_0;
    %store/vec4 v0x5692b01293c0_0, 0, 32;
    %load/vec4 v0x5692b0105580_0;
    %store/vec4 v0x5692b0129560_0, 0, 1;
    %load/vec4 v0x5692b00f2b40_0;
    %store/vec4 v0x5692b0129720_0, 0, 1;
    %load/vec4 v0x5692b0126230_0;
    %store/vec4 v0x5692b01297f0_0, 0, 4;
    %load/vec4 v0x5692b00b7940_0;
    %store/vec4 v0x5692b0129650_0, 0, 32;
    %wait E_0x5692b00c3e90;
    %delay 1000, 0;
    %end;
S_0x5692b0126360 .scope module, "dut" "dcache" 3 61, 4 44 0, S_0x5692b00d2e50;
 .timescale 0 0;
    .port_info 0 /INPUT 1 "clk";
    .port_info 1 /INPUT 1 "rst";
    .port_info 2 /INPUT 32 "cpu_addr_i";
    .port_info 3 /INPUT 1 "cpu_ren_i";
    .port_info 4 /INPUT 1 "cpu_wen_i";
    .port_info 5 /INPUT 4 "cpu_wstrb_i";
    .port_info 6 /INPUT 32 "cpu_wdata_i";
    .port_info 7 /OUTPUT 32 "cpu_rdata_o";
    .port_info 8 /OUTPUT 1 "dmem_stall_o";
    .port_info 9 /OUTPUT 32 "mem_addr_o";
    .port_info 10 /OUTPUT 1 "mem_ren_o";
    .port_info 11 /OUTPUT 1 "mem_wen_o";
    .port_info 12 /OUTPUT 4 "mem_wstrb_o";
    .port_info 13 /OUTPUT 32 "mem_wdata_o";
    .port_info 14 /INPUT 32 "mem_rdata_i";
    .port_info 15 /OUTPUT 32 "hit_count_o";
    .port_info 16 /OUTPUT 32 "miss_count_o";
P_0x5692b00f91a0 .param/l "INDEX_W" 1 4 72, +C4<00000000000000000000000000000011>;
P_0x5692b00f91e0 .param/l "NSETS" 0 4 46, +C4<00000000000000000000000000001000>;
P_0x5692b00f9220 .param/l "ST_FILL" 1 4 77, C4<1>;
P_0x5692b00f9260 .param/l "ST_IDLE" 1 4 76, C4<0>;
P_0x5692b00f92a0 .param/l "TAG_W" 1 4 73, +C4<00000000000000000000000000011011>;
L_0x5692b0103390 .functor BUFZ 32, v0x5692b01272e0_0, C4<00000000000000000000000000000000>, C4<00000000000000000000000000000000>, C4<00000000000000000000000000000000>;
L_0x5692b01041a0 .functor BUFZ 32, v0x5692b0127ab0_0, C4<00000000000000000000000000000000>, C4<00000000000000000000000000000000>, C4<00000000000000000000000000000000>;
L_0x5692b01044e0 .functor BUFZ 32, v0x5692b01283f0_0, C4<00000000000000000000000000000000>, C4<00000000000000000000000000000000>, C4<00000000000000000000000000000000>;
v0x5692b0127030_0 .net "clk", 0 0, v0x5692b0129300_0;  1 drivers
v0x5692b0127110_0 .net "cpu_addr_i", 31 0, v0x5692b01293c0_0;  1 drivers
v0x5692b01271f0_0 .net "cpu_rdata_o", 31 0, L_0x5692b0103390;  alias, 1 drivers
v0x5692b01272e0_0 .var "cpu_rdata_q", 31 0;
v0x5692b01273c0_0 .net "cpu_ren_i", 0 0, v0x5692b0129560_0;  1 drivers
v0x5692b01274d0_0 .net "cpu_wdata_i", 31 0, v0x5692b0129650_0;  1 drivers
v0x5692b01275b0_0 .net "cpu_wen_i", 0 0, v0x5692b0129720_0;  1 drivers
v0x5692b0127670_0 .net "cpu_wstrb_i", 3 0, v0x5692b01297f0_0;  1 drivers
v0x5692b0127750 .array "data_q", 7 0, 31 0;
v0x5692b0127910_0 .var "dmem_stall_o", 0 0;
v0x5692b01279d0_0 .net "hit_count_o", 31 0, L_0x5692b01041a0;  alias, 1 drivers
v0x5692b0127ab0_0 .var "hit_count_q", 31 0;
v0x5692b0127b90_0 .var "hit_s", 0 0;
v0x5692b0127c50_0 .var "index_s", 2 0;
v0x5692b0127d30_0 .var "mem_addr_o", 31 0;
v0x5692b0127e10_0 .net "mem_rdata_i", 31 0, v0x5692b0129bd0_0;  1 drivers
v0x5692b0127ef0_0 .var "mem_ren_o", 0 0;
v0x5692b0127fb0_0 .var "mem_wdata_o", 31 0;
v0x5692b0128090_0 .var "mem_wen_o", 0 0;
v0x5692b0128150_0 .var "mem_wstrb_o", 3 0;
v0x5692b0128230_0 .var "miss_addr_q", 31 0;
v0x5692b0128310_0 .net "miss_count_o", 31 0, L_0x5692b01044e0;  alias, 1 drivers
v0x5692b01283f0_0 .var "miss_count_q", 31 0;
v0x5692b01284d0_0 .var "miss_index_q", 2 0;
v0x5692b01285b0_0 .var "miss_tag_q", 26 0;
v0x5692b0128690_0 .net "rst", 0 0, v0x5692b012a150_0;  1 drivers
v0x5692b0128750_0 .var "state_q", 0 0;
v0x5692b0128810_0 .var "store_merged_s", 31 0;
v0x5692b01288f0 .array "tag_q", 7 0, 26 0;
v0x5692b0128b00_0 .var "tag_s", 26 0;
v0x5692b0128be0 .array "valid_q", 7 0, 0 0;
E_0x5692b00c7140/0 .event edge, v0x5692b0127110_0, v0x5692b0126f50_0, v0x5692b0128750_0, v0x5692b0127c50_0;
v0x5692b0128be0_0 .array/port v0x5692b0128be0, 0;
v0x5692b0128be0_1 .array/port v0x5692b0128be0, 1;
v0x5692b0128be0_2 .array/port v0x5692b0128be0, 2;
v0x5692b0128be0_3 .array/port v0x5692b0128be0, 3;
E_0x5692b00c7140/1 .event edge, v0x5692b0128be0_0, v0x5692b0128be0_1, v0x5692b0128be0_2, v0x5692b0128be0_3;
v0x5692b0128be0_4 .array/port v0x5692b0128be0, 4;
v0x5692b0128be0_5 .array/port v0x5692b0128be0, 5;
v0x5692b0128be0_6 .array/port v0x5692b0128be0, 6;
v0x5692b0128be0_7 .array/port v0x5692b0128be0, 7;
E_0x5692b00c7140/2 .event edge, v0x5692b0128be0_4, v0x5692b0128be0_5, v0x5692b0128be0_6, v0x5692b0128be0_7;
v0x5692b01288f0_0 .array/port v0x5692b01288f0, 0;
v0x5692b01288f0_1 .array/port v0x5692b01288f0, 1;
v0x5692b01288f0_2 .array/port v0x5692b01288f0, 2;
v0x5692b01288f0_3 .array/port v0x5692b01288f0, 3;
E_0x5692b00c7140/3 .event edge, v0x5692b01288f0_0, v0x5692b01288f0_1, v0x5692b01288f0_2, v0x5692b01288f0_3;
v0x5692b01288f0_4 .array/port v0x5692b01288f0, 4;
v0x5692b01288f0_5 .array/port v0x5692b01288f0, 5;
v0x5692b01288f0_6 .array/port v0x5692b01288f0, 6;
v0x5692b01288f0_7 .array/port v0x5692b01288f0, 7;
E_0x5692b00c7140/4 .event edge, v0x5692b01288f0_4, v0x5692b01288f0_5, v0x5692b01288f0_6, v0x5692b01288f0_7;
v0x5692b0127750_0 .array/port v0x5692b0127750, 0;
v0x5692b0127750_1 .array/port v0x5692b0127750, 1;
v0x5692b0127750_2 .array/port v0x5692b0127750, 2;
E_0x5692b00c7140/5 .event edge, v0x5692b0128b00_0, v0x5692b0127750_0, v0x5692b0127750_1, v0x5692b0127750_2;
v0x5692b0127750_3 .array/port v0x5692b0127750, 3;
v0x5692b0127750_4 .array/port v0x5692b0127750, 4;
v0x5692b0127750_5 .array/port v0x5692b0127750, 5;
v0x5692b0127750_6 .array/port v0x5692b0127750, 6;
E_0x5692b00c7140/6 .event edge, v0x5692b0127750_3, v0x5692b0127750_4, v0x5692b0127750_5, v0x5692b0127750_6;
v0x5692b0127750_7 .array/port v0x5692b0127750, 7;
E_0x5692b00c7140/7 .event edge, v0x5692b0127750_7, v0x5692b0127670_0, v0x5692b01274d0_0, v0x5692b01273c0_0;
E_0x5692b00c7140/8 .event edge, v0x5692b0127b90_0, v0x5692b01275b0_0, v0x5692b0128230_0;
E_0x5692b00c7140 .event/or E_0x5692b00c7140/0, E_0x5692b00c7140/1, E_0x5692b00c7140/2, E_0x5692b00c7140/3, E_0x5692b00c7140/4, E_0x5692b00c7140/5, E_0x5692b00c7140/6, E_0x5692b00c7140/7, E_0x5692b00c7140/8;
S_0x5692b0126a50 .scope begin, "$ivl_for_loop0" "$ivl_for_loop0" 4 157, 4 157 0, S_0x5692b0126360;
 .timescale 0 0;
v0x5692b0126c50_0 .var/2s "i", 31 0;
S_0x5692b0126d50 .scope begin, "comb" "comb" 4 102, 4 102 0, S_0x5692b0126360;
 .timescale 0 0;
v0x5692b0126f50_0 .var/i "idx_int", 31 0;
S_0x5692b0128ff0 .scope task, "idle_cycle" "idle_cycle" 3 113, 3 113 0, S_0x5692b00d2e50;
 .timescale -9 -12;
TD_tb_dcache.idle_cycle ;
    %pushi/vec4 0, 0, 32;
    %store/vec4 v0x5692b01293c0_0, 0, 32;
    %pushi/vec4 0, 0, 1;
    %store/vec4 v0x5692b0129560_0, 0, 1;
    %pushi/vec4 0, 0, 1;
    %store/vec4 v0x5692b0129720_0, 0, 1;
    %pushi/vec4 0, 0, 4;
    %store/vec4 v0x5692b01297f0_0, 0, 4;
    %pushi/vec4 0, 0, 32;
    %store/vec4 v0x5692b0129650_0, 0, 32;
    %wait E_0x5692b00c3e90;
    %delay 1000, 0;
    %end;
    .scope S_0x5692b0126360;
T_3 ;
    %wait E_0x5692b00c7140;
    %fork t_1, S_0x5692b0126d50;
    %jmp t_0;
    .scope S_0x5692b0126d50;
t_1 ;
    %load/vec4 v0x5692b0127110_0;
    %ix/load 4, 2, 0;
    %flag_set/imm 4, 0;
    %shiftr 4;
    %pushi/vec4 7, 0, 32;
    %and;
    %store/vec4 v0x5692b0126f50_0, 0, 32;
    %load/vec4 v0x5692b0126f50_0;
    %parti/s 3, 0, 2;
    %store/vec4 v0x5692b0127c50_0, 0, 3;
    %load/vec4 v0x5692b0127110_0;
    %ix/load 4, 5, 0;
    %flag_set/imm 4, 0;
    %shiftr 4;
    %pad/u 27;
    %store/vec4 v0x5692b0128b00_0, 0, 27;
    %load/vec4 v0x5692b0128750_0;
    %cmpi/e 0, 0, 1;
    %flag_get/vec4 4;
    %jmp/0 T_3.1, 4;
    %load/vec4 v0x5692b0127c50_0;
    %pad/u 5;
    %ix/vec4 4;
    %load/vec4a v0x5692b0128be0, 4;
    %and;
T_3.1;
    %flag_set/vec4 8;
    %flag_get/vec4 8;
    %jmp/0 T_3.0, 8;
    %load/vec4 v0x5692b0127c50_0;
    %pad/u 5;
    %ix/vec4 4;
    %load/vec4a v0x5692b01288f0, 4;
    %load/vec4 v0x5692b0128b00_0;
    %cmp/e;
    %flag_get/vec4 4;
    %and;
T_3.0;
    %store/vec4 v0x5692b0127b90_0, 0, 1;
    %load/vec4 v0x5692b0127c50_0;
    %pad/u 5;
    %ix/vec4 4;
    %load/vec4a v0x5692b0127750, 4;
    %store/vec4 v0x5692b0128810_0, 0, 32;
    %load/vec4 v0x5692b0127670_0;
    %parti/s 1, 0, 2;
    %flag_set/vec4 8;
    %jmp/0xz  T_3.2, 8;
    %load/vec4 v0x5692b01274d0_0;
    %parti/s 8, 0, 2;
    %ix/load 4, 0, 0;
    %flag_set/imm 4, 0;
    %store/vec4 v0x5692b0128810_0, 4, 8;
T_3.2 ;
    %load/vec4 v0x5692b0127670_0;
    %parti/s 1, 1, 2;
    %flag_set/vec4 8;
    %jmp/0xz  T_3.4, 8;
    %load/vec4 v0x5692b01274d0_0;
    %parti/s 8, 8, 5;
    %ix/load 4, 8, 0;
    %flag_set/imm 4, 0;
    %store/vec4 v0x5692b0128810_0, 4, 8;
T_3.4 ;
    %load/vec4 v0x5692b0127670_0;
    %parti/s 1, 2, 3;
    %flag_set/vec4 8;
    %jmp/0xz  T_3.6, 8;
    %load/vec4 v0x5692b01274d0_0;
    %parti/s 8, 16, 6;
    %ix/load 4, 16, 0;
    %flag_set/imm 4, 0;
    %store/vec4 v0x5692b0128810_0, 4, 8;
T_3.6 ;
    %load/vec4 v0x5692b0127670_0;
    %parti/s 1, 3, 3;
    %flag_set/vec4 8;
    %jmp/0xz  T_3.8, 8;
    %load/vec4 v0x5692b01274d0_0;
    %parti/s 8, 24, 6;
    %ix/load 4, 24, 0;
    %flag_set/imm 4, 0;
    %store/vec4 v0x5692b0128810_0, 4, 8;
T_3.8 ;
    %pushi/vec4 0, 0, 1;
    %store/vec4 v0x5692b0127910_0, 0, 1;
    %load/vec4 v0x5692b0127110_0;
    %store/vec4 v0x5692b0127d30_0, 0, 32;
    %pushi/vec4 0, 0, 1;
    %store/vec4 v0x5692b0127ef0_0, 0, 1;
    %pushi/vec4 0, 0, 1;
    %store/vec4 v0x5692b0128090_0, 0, 1;
    %load/vec4 v0x5692b0127670_0;
    %store/vec4 v0x5692b0128150_0, 0, 4;
    %load/vec4 v0x5692b01274d0_0;
    %store/vec4 v0x5692b0127fb0_0, 0, 32;
    %load/vec4 v0x5692b0128750_0;
    %dup/vec4;
    %pushi/vec4 0, 0, 1;
    %cmp/u;
    %jmp/1 T_3.10, 6;
    %dup/vec4;
    %pushi/vec4 1, 0, 1;
    %cmp/u;
    %jmp/1 T_3.11, 6;
    %jmp T_3.13;
T_3.10 ;
    %load/vec4 v0x5692b01273c0_0;
    %flag_set/vec4 9;
    %flag_get/vec4 9;
    %jmp/0 T_3.16, 9;
    %load/vec4 v0x5692b0127b90_0;
    %nor/r;
    %and;
T_3.16;
    %flag_set/vec4 8;
    %jmp/0xz  T_3.14, 8;
    %pushi/vec4 1, 0, 1;
    %store/vec4 v0x5692b0127910_0, 0, 1;
    %pushi/vec4 1, 0, 1;
    %store/vec4 v0x5692b0127ef0_0, 0, 1;
T_3.14 ;
    %load/vec4 v0x5692b01275b0_0;
    %flag_set/vec4 8;
    %jmp/0xz  T_3.17, 8;
    %pushi/vec4 1, 0, 1;
    %store/vec4 v0x5692b0128090_0, 0, 1;
    %load/vec4 v0x5692b0127670_0;
    %store/vec4 v0x5692b0128150_0, 0, 4;
    %load/vec4 v0x5692b01274d0_0;
    %store/vec4 v0x5692b0127fb0_0, 0, 32;
T_3.17 ;
    %jmp T_3.13;
T_3.11 ;
    %load/vec4 v0x5692b0128230_0;
    %store/vec4 v0x5692b0127d30_0, 0, 32;
    %pushi/vec4 1, 0, 1;
    %store/vec4 v0x5692b0127ef0_0, 0, 1;
    %jmp T_3.13;
T_3.13 ;
    %pop/vec4 1;
    %end;
    .scope S_0x5692b0126360;
t_0 %join;
    %jmp T_3;
    .thread T_3, $push;
    .scope S_0x5692b0126360;
T_4 ;
    %wait E_0x5692b00c3e90;
    %load/vec4 v0x5692b0128690_0;
    %flag_set/vec4 8;
    %jmp/0xz  T_4.0, 8;
    %pushi/vec4 0, 0, 1;
    %assign/vec4 v0x5692b0128750_0, 0;
    %pushi/vec4 0, 0, 32;
    %assign/vec4 v0x5692b01272e0_0, 0;
    %pushi/vec4 0, 0, 32;
    %assign/vec4 v0x5692b0127ab0_0, 0;
    %pushi/vec4 0, 0, 32;
    %assign/vec4 v0x5692b01283f0_0, 0;
    %fork t_3, S_0x5692b0126a50;
    %jmp t_2;
    .scope S_0x5692b0126a50;
t_3 ;
    %pushi/vec4 0, 0, 32;
    %store/vec4 v0x5692b0126c50_0, 0, 32;
T_4.2 ;
    %load/vec4 v0x5692b0126c50_0;
    %cmpi/s 8, 0, 32;
    %jmp/0xz T_4.3, 5;
    %pushi/vec4 0, 0, 1;
    %ix/getv/s 3, v0x5692b0126c50_0;
    %ix/load 4, 0, 0; Constant delay
    %assign/vec4/a/d v0x5692b0128be0, 0, 4;
    ; show_stmt_assign_vector: Get l-value for compressed += operand
    %load/vec4 v0x5692b0126c50_0;
    %pushi/vec4 1, 0, 32;
    %add;
    %cast2;
    %store/vec4 v0x5692b0126c50_0, 0, 32;
    %jmp T_4.2;
T_4.3 ;
    %end;
    .scope S_0x5692b0126360;
t_2 %join;
    %jmp T_4.1;
T_4.0 ;
    %load/vec4 v0x5692b0128750_0;
    %dup/vec4;
    %pushi/vec4 0, 0, 1;
    %cmp/u;
    %jmp/1 T_4.4, 6;
    %dup/vec4;
    %pushi/vec4 1, 0, 1;
    %cmp/u;
    %jmp/1 T_4.5, 6;
    %pushi/vec4 0, 0, 1;
    %assign/vec4 v0x5692b0128750_0, 0;
    %jmp T_4.7;
T_4.4 ;
    %load/vec4 v0x5692b01273c0_0;
    %flag_set/vec4 8;
    %jmp/0xz  T_4.8, 8;
    %load/vec4 v0x5692b0127b90_0;
    %flag_set/vec4 8;
    %jmp/0xz  T_4.10, 8;
    %load/vec4 v0x5692b0127c50_0;
    %pad/u 5;
    %ix/vec4 4;
    %load/vec4a v0x5692b0127750, 4;
    %assign/vec4 v0x5692b01272e0_0, 0;
    %load/vec4 v0x5692b0127ab0_0;
    %addi 1, 0, 32;
    %assign/vec4 v0x5692b0127ab0_0, 0;
    %jmp T_4.11;
T_4.10 ;
    %load/vec4 v0x5692b0127c50_0;
    %assign/vec4 v0x5692b01284d0_0, 0;
    %load/vec4 v0x5692b0128b00_0;
    %assign/vec4 v0x5692b01285b0_0, 0;
    %load/vec4 v0x5692b0127110_0;
    %assign/vec4 v0x5692b0128230_0, 0;
    %load/vec4 v0x5692b01283f0_0;
    %addi 1, 0, 32;
    %assign/vec4 v0x5692b01283f0_0, 0;
    %pushi/vec4 1, 0, 1;
    %assign/vec4 v0x5692b0128750_0, 0;
T_4.11 ;
T_4.8 ;
    %load/vec4 v0x5692b01275b0_0;
    %flag_set/vec4 9;
    %flag_get/vec4 9;
    %jmp/0 T_4.14, 9;
    %load/vec4 v0x5692b0127b90_0;
    %and;
T_4.14;
    %flag_set/vec4 8;
    %jmp/0xz  T_4.12, 8;
    %load/vec4 v0x5692b0128810_0;
    %load/vec4 v0x5692b0127c50_0;
    %pad/u 5;
    %ix/vec4 3;
    %ix/load 4, 0, 0; Constant delay
    %assign/vec4/a/d v0x5692b0127750, 0, 4;
T_4.12 ;
    %jmp T_4.7;
T_4.5 ;
    %pushi/vec4 1, 0, 1;
    %load/vec4 v0x5692b01284d0_0;
    %pad/u 5;
    %ix/vec4 3;
    %ix/load 4, 0, 0; Constant delay
    %assign/vec4/a/d v0x5692b0128be0, 0, 4;
    %load/vec4 v0x5692b01285b0_0;
    %load/vec4 v0x5692b01284d0_0;
    %pad/u 5;
    %ix/vec4 3;
    %ix/load 4, 0, 0; Constant delay
    %assign/vec4/a/d v0x5692b01288f0, 0, 4;
    %load/vec4 v0x5692b0127e10_0;
    %load/vec4 v0x5692b01284d0_0;
    %pad/u 5;
    %ix/vec4 3;
    %ix/load 4, 0, 0; Constant delay
    %assign/vec4/a/d v0x5692b0127750, 0, 4;
    %load/vec4 v0x5692b0127e10_0;
    %assign/vec4 v0x5692b01272e0_0, 0;
    %pushi/vec4 0, 0, 1;
    %assign/vec4 v0x5692b0128750_0, 0;
    %jmp T_4.7;
T_4.7 ;
    %pop/vec4 1;
T_4.1 ;
    %jmp T_4;
    .thread T_4;
    .scope S_0x5692b00d2e50;
T_5 ;
    %pushi/vec4 0, 0, 1;
    %store/vec4 v0x5692b0129300_0, 0, 1;
    %pushi/vec4 0, 0, 32;
    %store/vec4 v0x5692b012a0b0_0, 0, 32;
    %pushi/vec4 0, 0, 32;
    %store/vec4 v0x5692b0129990_0, 0, 32;
    %end;
    .thread T_5, $init;
    .scope S_0x5692b00d2e50;
T_6 ;
    %delay 5000, 0;
    %load/vec4 v0x5692b0129300_0;
    %inv;
    %store/vec4 v0x5692b0129300_0, 0, 1;
    %jmp T_6;
    .thread T_6;
    .scope S_0x5692b00d2e50;
T_7 ;
    %wait E_0x5692b00c3e90;
    %load/vec4 v0x5692b0129e40_0;
    %flag_set/vec4 8;
    %jmp/0xz  T_7.0, 8;
    %load/vec4 v0x5692b0129f10_0;
    %parti/s 1, 0, 2;
    %flag_set/vec4 8;
    %jmp/0xz  T_7.2, 8;
    %load/vec4 v0x5692b0129d70_0;
    %parti/s 8, 0, 2;
    %load/vec4 v0x5692b0129b00_0;
    %parti/s 8, 2, 3;
    %pad/u 10;
    %ix/vec4 3;
    %ix/load 4, 0, 0; Constant delay
    %assign/vec4/a/d v0x5692b0129220, 0, 4;
T_7.2 ;
    %load/vec4 v0x5692b0129f10_0;
    %parti/s 1, 1, 2;
    %flag_set/vec4 8;
    %jmp/0xz  T_7.4, 8;
    %load/vec4 v0x5692b0129d70_0;
    %parti/s 8, 8, 5;
    %load/vec4 v0x5692b0129b00_0;
    %parti/s 8, 2, 3;
    %pad/u 10;
    %ix/vec4 3;
    %ix/load 4, 8, 0; part off
    %ix/load 5, 0, 0; Constant delay
    %assign/vec4/a/d v0x5692b0129220, 4, 5;
T_7.4 ;
    %load/vec4 v0x5692b0129f10_0;
    %parti/s 1, 2, 3;
    %flag_set/vec4 8;
    %jmp/0xz  T_7.6, 8;
    %load/vec4 v0x5692b0129d70_0;
    %parti/s 8, 16, 6;
    %load/vec4 v0x5692b0129b00_0;
    %parti/s 8, 2, 3;
    %pad/u 10;
    %ix/vec4 3;
    %ix/load 4, 16, 0; part off
    %ix/load 5, 0, 0; Constant delay
    %assign/vec4/a/d v0x5692b0129220, 4, 5;
T_7.6 ;
    %load/vec4 v0x5692b0129f10_0;
    %parti/s 1, 3, 3;
    %flag_set/vec4 8;
    %jmp/0xz  T_7.8, 8;
    %load/vec4 v0x5692b0129d70_0;
    %parti/s 8, 24, 6;
    %load/vec4 v0x5692b0129b00_0;
    %parti/s 8, 2, 3;
    %pad/u 10;
    %ix/vec4 3;
    %ix/load 4, 24, 0; part off
    %ix/load 5, 0, 0; Constant delay
    %assign/vec4/a/d v0x5692b0129220, 4, 5;
T_7.8 ;
T_7.0 ;
    %load/vec4 v0x5692b0129b00_0;
    %parti/s 8, 2, 3;
    %pad/u 10;
    %ix/vec4 4;
    %load/vec4a v0x5692b0129220, 4;
    %assign/vec4 v0x5692b0129bd0_0, 0;
    %jmp T_7;
    .thread T_7;
    .scope S_0x5692b00d2e50;
T_8 ;
    %fork t_5, S_0x5692b0086480;
    %jmp t_4;
    .scope S_0x5692b0086480;
t_5 ;
    %pushi/vec4 0, 0, 32;
    %store/vec4 v0x5692b0103570_0, 0, 32;
T_8.0 ;
    %load/vec4 v0x5692b0103570_0;
    %cmpi/s 256, 0, 32;
    %jmp/0xz T_8.1, 5;
    %pushi/vec4 2684354560, 0, 32;
    %load/vec4 v0x5692b0103570_0;
    %or;
    %ix/getv/s 4, v0x5692b0103570_0;
    %store/vec4a v0x5692b0129220, 4, 0;
    ; show_stmt_assign_vector: Get l-value for compressed += operand
    %load/vec4 v0x5692b0103570_0;
    %pushi/vec4 1, 0, 32;
    %add;
    %cast2;
    %store/vec4 v0x5692b0103570_0, 0, 32;
    %jmp T_8.0;
T_8.1 ;
    %end;
    .scope S_0x5692b00d2e50;
t_4 %join;
    %pushi/vec4 0, 0, 32;
    %store/vec4 v0x5692b01293c0_0, 0, 32;
    %pushi/vec4 0, 0, 1;
    %store/vec4 v0x5692b0129560_0, 0, 1;
    %pushi/vec4 0, 0, 1;
    %store/vec4 v0x5692b0129720_0, 0, 1;
    %pushi/vec4 0, 0, 4;
    %store/vec4 v0x5692b01297f0_0, 0, 4;
    %pushi/vec4 0, 0, 32;
    %store/vec4 v0x5692b0129650_0, 0, 32;
    %pushi/vec4 1, 0, 1;
    %store/vec4 v0x5692b012a150_0, 0, 1;
    %pushi/vec4 3, 0, 32;
T_8.2 %dup/vec4;
    %pushi/vec4 0, 0, 32;
    %cmp/s;
    %jmp/1xz T_8.3, 5;
    %jmp/1 T_8.3, 4;
    %pushi/vec4 1, 0, 32;
    %sub;
    %wait E_0x5692b00c3e90;
    %jmp T_8.2;
T_8.3 ;
    %pop/vec4 1;
    %delay 1000, 0;
    %pushi/vec4 0, 0, 1;
    %store/vec4 v0x5692b012a150_0, 0, 1;
    %wait E_0x5692b00c3e90;
    %delay 1000, 0;
    %vpi_call/w 3 134 "$display", "\012--- S1: Read miss after reset ---" {0 0 0};
    %pushi/vec4 8, 0, 32;
    %store/vec4 v0x5692b01293c0_0, 0, 32;
    %pushi/vec4 1, 0, 1;
    %store/vec4 v0x5692b0129560_0, 0, 1;
    %delay 0, 0;
    %pushi/str "S1.miss_stall";
    %store/str v0x5692b0104600_0;
    %load/vec4 v0x5692b01298c0_0;
    %pushi/vec4 1, 0, 1;
    %cmp/e;
    %flag_get/vec4 6;
    %store/vec4 v0x5692b0104380_0, 0, 1;
    %fork TD_tb_dcache.check, S_0x5692b0125d30;
    %join;
    %wait E_0x5692b00c3e90;
    %delay 1000, 0;
    %pushi/str "S1.fill_nostall";
    %store/str v0x5692b0104600_0;
    %load/vec4 v0x5692b01298c0_0;
    %pushi/vec4 0, 0, 1;
    %cmp/e;
    %flag_get/vec4 6;
    %store/vec4 v0x5692b0104380_0, 0, 1;
    %fork TD_tb_dcache.check, S_0x5692b0125d30;
    %join;
    %wait E_0x5692b00c3e90;
    %delay 1000, 0;
    %pushi/vec4 0, 0, 1;
    %store/vec4 v0x5692b0129560_0, 0, 1;
    %pushi/vec4 0, 0, 32;
    %store/vec4 v0x5692b01293c0_0, 0, 32;
    %pushi/str "S1.rdata_N2";
    %store/str v0x5692b0104600_0;
    %load/vec4 v0x5692b0129490_0;
    %pushi/vec4 2684354562, 0, 32;
    %cmp/e;
    %flag_get/vec4 6;
    %store/vec4 v0x5692b0104380_0, 0, 1;
    %fork TD_tb_dcache.check, S_0x5692b0125d30;
    %join;
    %vpi_call/w 3 154 "$display", "\012--- S2: Read hit on cached line ---" {0 0 0};
    %fork TD_tb_dcache.idle_cycle, S_0x5692b0128ff0;
    %join;
    %pushi/vec4 8, 0, 32;
    %store/vec4 v0x5692b01293c0_0, 0, 32;
    %pushi/vec4 1, 0, 1;
    %store/vec4 v0x5692b0129560_0, 0, 1;
    %pushi/str "S2.no_miss";
    %store/str v0x5692b0104600_0;
    %load/vec4 v0x5692b01298c0_0;
    %pushi/vec4 0, 0, 1;
    %cmp/e;
    %flag_get/vec4 6;
    %store/vec4 v0x5692b0104380_0, 0, 1;
    %fork TD_tb_dcache.check, S_0x5692b0125d30;
    %join;
    %wait E_0x5692b00c3e90;
    %delay 1000, 0;
    %pushi/vec4 0, 0, 1;
    %store/vec4 v0x5692b0129560_0, 0, 1;
    %pushi/vec4 0, 0, 32;
    %store/vec4 v0x5692b01293c0_0, 0, 32;
    %pushi/str "S2.hit_count_inc";
    %store/str v0x5692b0104600_0;
    %load/vec4 v0x5692b0129a30_0;
    %pushi/vec4 1, 0, 32;
    %cmp/e;
    %flag_get/vec4 6;
    %store/vec4 v0x5692b0104380_0, 0, 1;
    %fork TD_tb_dcache.check, S_0x5692b0125d30;
    %join;
    %pushi/str "S2.rdata";
    %store/str v0x5692b0104600_0;
    %load/vec4 v0x5692b0129490_0;
    %pushi/vec4 2684354562, 0, 32;
    %cmp/e;
    %flag_get/vec4 6;
    %store/vec4 v0x5692b0104380_0, 0, 1;
    %fork TD_tb_dcache.check, S_0x5692b0125d30;
    %join;
    %vpi_call/w 3 169 "$display", "\012--- S3: Write-through hit ---" {0 0 0};
    %fork TD_tb_dcache.idle_cycle, S_0x5692b0128ff0;
    %join;
    %pushi/vec4 8, 0, 32;
    %store/vec4 v0x5692b01293c0_0, 0, 32;
    %pushi/vec4 1, 0, 1;
    %store/vec4 v0x5692b0129720_0, 0, 1;
    %pushi/vec4 15, 0, 4;
    %store/vec4 v0x5692b01297f0_0, 0, 4;
    %pushi/vec4 3735928559, 0, 32;
    %store/vec4 v0x5692b0129650_0, 0, 32;
    %delay 0, 0;
    %pushi/str "S3.no_stall_store";
    %store/str v0x5692b0104600_0;
    %load/vec4 v0x5692b01298c0_0;
    %pushi/vec4 0, 0, 1;
    %cmp/e;
    %flag_get/vec4 6;
    %store/vec4 v0x5692b0104380_0, 0, 1;
    %fork TD_tb_dcache.check, S_0x5692b0125d30;
    %join;
    %pushi/str "S3.bram_wen";
    %store/str v0x5692b0104600_0;
    %load/vec4 v0x5692b0129e40_0;
    %pushi/vec4 1, 0, 1;
    %cmp/e;
    %flag_get/vec4 6;
    %store/vec4 v0x5692b0104380_0, 0, 1;
    %fork TD_tb_dcache.check, S_0x5692b0125d30;
    %join;
    %pushi/str "S3.bram_addr";
    %store/str v0x5692b0104600_0;
    %load/vec4 v0x5692b0129b00_0;
    %pushi/vec4 8, 0, 32;
    %cmp/e;
    %flag_get/vec4 6;
    %store/vec4 v0x5692b0104380_0, 0, 1;
    %fork TD_tb_dcache.check, S_0x5692b0125d30;
    %join;
    %pushi/str "S3.bram_wdata";
    %store/str v0x5692b0104600_0;
    %load/vec4 v0x5692b0129d70_0;
    %pushi/vec4 3735928559, 0, 32;
    %cmp/e;
    %flag_get/vec4 6;
    %store/vec4 v0x5692b0104380_0, 0, 1;
    %fork TD_tb_dcache.check, S_0x5692b0125d30;
    %join;
    %wait E_0x5692b00c3e90;
    %delay 1000, 0;
    %pushi/vec4 0, 0, 1;
    %store/vec4 v0x5692b0129720_0, 0, 1;
    %pushi/vec4 0, 0, 32;
    %store/vec4 v0x5692b01293c0_0, 0, 32;
    %pushi/vec4 0, 0, 4;
    %store/vec4 v0x5692b01297f0_0, 0, 4;
    %fork TD_tb_dcache.idle_cycle, S_0x5692b0128ff0;
    %join;
    %pushi/vec4 8, 0, 32;
    %store/vec4 v0x5692b01293c0_0, 0, 32;
    %pushi/vec4 1, 0, 1;
    %store/vec4 v0x5692b0129560_0, 0, 1;
    %pushi/str "S3.hit_after_store";
    %store/str v0x5692b0104600_0;
    %load/vec4 v0x5692b01298c0_0;
    %pushi/vec4 0, 0, 1;
    %cmp/e;
    %flag_get/vec4 6;
    %store/vec4 v0x5692b0104380_0, 0, 1;
    %fork TD_tb_dcache.check, S_0x5692b0125d30;
    %join;
    %wait E_0x5692b00c3e90;
    %delay 1000, 0;
    %pushi/vec4 0, 0, 1;
    %store/vec4 v0x5692b0129560_0, 0, 1;
    %pushi/vec4 0, 0, 32;
    %store/vec4 v0x5692b01293c0_0, 0, 32;
    %pushi/str "S3.rdata_after_store";
    %store/str v0x5692b0104600_0;
    %load/vec4 v0x5692b0129490_0;
    %pushi/vec4 3735928559, 0, 32;
    %cmp/e;
    %flag_get/vec4 6;
    %store/vec4 v0x5692b0104380_0, 0, 1;
    %fork TD_tb_dcache.check, S_0x5692b0125d30;
    %join;
    %vpi_call/w 3 198 "$display", "\012--- S4: Write-through miss (no stall, no cache fill) ---" {0 0 0};
    %fork TD_tb_dcache.idle_cycle, S_0x5692b0128ff0;
    %join;
    %pushi/vec4 256, 0, 32;
    %store/vec4 v0x5692b01293c0_0, 0, 32;
    %pushi/vec4 1, 0, 1;
    %store/vec4 v0x5692b0129720_0, 0, 1;
    %pushi/vec4 15, 0, 4;
    %store/vec4 v0x5692b01297f0_0, 0, 4;
    %pushi/vec4 305419896, 0, 32;
    %store/vec4 v0x5692b0129650_0, 0, 32;
    %delay 0, 0;
    %pushi/str "S4.no_stall";
    %store/str v0x5692b0104600_0;
    %load/vec4 v0x5692b01298c0_0;
    %pushi/vec4 0, 0, 1;
    %cmp/e;
    %flag_get/vec4 6;
    %store/vec4 v0x5692b0104380_0, 0, 1;
    %fork TD_tb_dcache.check, S_0x5692b0125d30;
    %join;
    %pushi/str "S4.wen_to_bram";
    %store/str v0x5692b0104600_0;
    %load/vec4 v0x5692b0129e40_0;
    %pushi/vec4 1, 0, 1;
    %cmp/e;
    %flag_get/vec4 6;
    %store/vec4 v0x5692b0104380_0, 0, 1;
    %fork TD_tb_dcache.check, S_0x5692b0125d30;
    %join;
    %wait E_0x5692b00c3e90;
    %delay 1000, 0;
    %pushi/vec4 0, 0, 1;
    %store/vec4 v0x5692b0129720_0, 0, 1;
    %pushi/vec4 0, 0, 32;
    %store/vec4 v0x5692b01293c0_0, 0, 32;
    %fork TD_tb_dcache.idle_cycle, S_0x5692b0128ff0;
    %join;
    %pushi/vec4 256, 0, 32;
    %store/vec4 v0x5692b01293c0_0, 0, 32;
    %pushi/vec4 1, 0, 1;
    %store/vec4 v0x5692b0129560_0, 0, 1;
    %delay 0, 0;
    %pushi/str "S4.miss_after_store";
    %store/str v0x5692b0104600_0;
    %load/vec4 v0x5692b01298c0_0;
    %pushi/vec4 1, 0, 1;
    %cmp/e;
    %flag_get/vec4 6;
    %store/vec4 v0x5692b0104380_0, 0, 1;
    %fork TD_tb_dcache.check, S_0x5692b0125d30;
    %join;
    %wait E_0x5692b00c3e90;
    %delay 1000, 0;
    %wait E_0x5692b00c3e90;
    %delay 1000, 0;
    %pushi/vec4 0, 0, 1;
    %store/vec4 v0x5692b0129560_0, 0, 1;
    %pushi/vec4 0, 0, 32;
    %store/vec4 v0x5692b01293c0_0, 0, 32;
    %pushi/str "S4.rdata_after_fill";
    %store/str v0x5692b0104600_0;
    %load/vec4 v0x5692b0129490_0;
    %pushi/vec4 305419896, 0, 32;
    %cmp/e;
    %flag_get/vec4 6;
    %store/vec4 v0x5692b0104380_0, 0, 1;
    %fork TD_tb_dcache.check, S_0x5692b0125d30;
    %join;
    %vpi_call/w 3 226 "$display", "\012--- S5: Tag aliasing / eviction ---" {0 0 0};
    %fork TD_tb_dcache.idle_cycle, S_0x5692b0128ff0;
    %join;
    %pushi/vec4 0, 0, 32;
    %store/vec4 v0x5692b01293c0_0, 0, 32;
    %pushi/vec4 1, 0, 1;
    %store/vec4 v0x5692b0129560_0, 0, 1;
    %delay 0, 0;
    %pushi/str "S5.first_miss";
    %store/str v0x5692b0104600_0;
    %load/vec4 v0x5692b01298c0_0;
    %pushi/vec4 1, 0, 1;
    %cmp/e;
    %flag_get/vec4 6;
    %store/vec4 v0x5692b0104380_0, 0, 1;
    %fork TD_tb_dcache.check, S_0x5692b0125d30;
    %join;
    %wait E_0x5692b00c3e90;
    %delay 1000, 0;
    %wait E_0x5692b00c3e90;
    %delay 1000, 0;
    %pushi/vec4 0, 0, 1;
    %store/vec4 v0x5692b0129560_0, 0, 1;
    %pushi/vec4 0, 0, 32;
    %store/vec4 v0x5692b01293c0_0, 0, 32;
    %fork TD_tb_dcache.idle_cycle, S_0x5692b0128ff0;
    %join;
    %pushi/vec4 0, 0, 32;
    %store/vec4 v0x5692b01293c0_0, 0, 32;
    %pushi/vec4 1, 0, 1;
    %store/vec4 v0x5692b0129560_0, 0, 1;
    %pushi/str "S5.hit_A";
    %store/str v0x5692b0104600_0;
    %load/vec4 v0x5692b01298c0_0;
    %pushi/vec4 0, 0, 1;
    %cmp/e;
    %flag_get/vec4 6;
    %store/vec4 v0x5692b0104380_0, 0, 1;
    %fork TD_tb_dcache.check, S_0x5692b0125d30;
    %join;
    %wait E_0x5692b00c3e90;
    %delay 1000, 0;
    %pushi/vec4 0, 0, 1;
    %store/vec4 v0x5692b0129560_0, 0, 1;
    %pushi/vec4 0, 0, 32;
    %store/vec4 v0x5692b01293c0_0, 0, 32;
    %fork TD_tb_dcache.idle_cycle, S_0x5692b0128ff0;
    %join;
    %pushi/vec4 512, 0, 32;
    %store/vec4 v0x5692b01293c0_0, 0, 32;
    %pushi/vec4 1, 0, 1;
    %store/vec4 v0x5692b0129560_0, 0, 1;
    %delay 0, 0;
    %pushi/str "S5.alias_miss";
    %store/str v0x5692b0104600_0;
    %load/vec4 v0x5692b01298c0_0;
    %pushi/vec4 1, 0, 1;
    %cmp/e;
    %flag_get/vec4 6;
    %store/vec4 v0x5692b0104380_0, 0, 1;
    %fork TD_tb_dcache.check, S_0x5692b0125d30;
    %join;
    %wait E_0x5692b00c3e90;
    %delay 1000, 0;
    %wait E_0x5692b00c3e90;
    %delay 1000, 0;
    %pushi/vec4 0, 0, 1;
    %store/vec4 v0x5692b0129560_0, 0, 1;
    %pushi/vec4 0, 0, 32;
    %store/vec4 v0x5692b01293c0_0, 0, 32;
    %fork TD_tb_dcache.idle_cycle, S_0x5692b0128ff0;
    %join;
    %pushi/vec4 0, 0, 32;
    %store/vec4 v0x5692b01293c0_0, 0, 32;
    %pushi/vec4 1, 0, 1;
    %store/vec4 v0x5692b0129560_0, 0, 1;
    %delay 0, 0;
    %pushi/str "S5.eviction_miss";
    %store/str v0x5692b0104600_0;
    %load/vec4 v0x5692b01298c0_0;
    %pushi/vec4 1, 0, 1;
    %cmp/e;
    %flag_get/vec4 6;
    %store/vec4 v0x5692b0104380_0, 0, 1;
    %fork TD_tb_dcache.check, S_0x5692b0125d30;
    %join;
    %wait E_0x5692b00c3e90;
    %delay 1000, 0;
    %wait E_0x5692b00c3e90;
    %delay 1000, 0;
    %pushi/vec4 0, 0, 1;
    %store/vec4 v0x5692b0129560_0, 0, 1;
    %pushi/vec4 0, 0, 32;
    %store/vec4 v0x5692b01293c0_0, 0, 32;
    %vpi_call/w 3 266 "$display", "\012--- S6: Counters sanity ---" {0 0 0};
    %fork TD_tb_dcache.idle_cycle, S_0x5692b0128ff0;
    %join;
    %pushi/str "S6.hit_count_nonzero";
    %store/str v0x5692b0104600_0;
    %pushi/vec4 0, 0, 32;
    %load/vec4 v0x5692b0129a30_0;
    %cmp/u;
    %flag_get/vec4 5;
    %store/vec4 v0x5692b0104380_0, 0, 1;
    %fork TD_tb_dcache.check, S_0x5692b0125d30;
    %join;
    %pushi/str "S6.miss_count_nonzero";
    %store/str v0x5692b0104600_0;
    %pushi/vec4 0, 0, 32;
    %load/vec4 v0x5692b0129fe0_0;
    %cmp/u;
    %flag_get/vec4 5;
    %store/vec4 v0x5692b0104380_0, 0, 1;
    %fork TD_tb_dcache.check, S_0x5692b0125d30;
    %join;
    %pushi/vec4 2, 0, 32;
T_8.4 %dup/vec4;
    %pushi/vec4 0, 0, 32;
    %cmp/s;
    %jmp/1xz T_8.5, 5;
    %jmp/1 T_8.5, 4;
    %pushi/vec4 1, 0, 32;
    %sub;
    %fork TD_tb_dcache.idle_cycle, S_0x5692b0128ff0;
    %join;
    %jmp T_8.4;
T_8.5 ;
    %pop/vec4 1;
    %vpi_call/w 3 275 "$display", "\012============ tb_dcache: %0d passed, %0d failed ============", v0x5692b012a0b0_0, v0x5692b0129990_0 {0 0 0};
    %load/vec4 v0x5692b0129990_0;
    %cmpi/ne 0, 0, 32;
    %jmp/0xz  T_8.6, 4;
    %vpi_call/w 3 277 "$fatal", 32'sb00000000000000000000000000000001, "tb_dcache: FAILURES detected" {0 0 0};
T_8.6 ;
    %vpi_call/w 3 278 "$finish" {0 0 0};
    %end;
    .thread T_8;
    .scope S_0x5692b00d2e50;
T_9 ;
    %delay 50000000, 0;
    %vpi_call/w 3 283 "$fatal", 32'sb00000000000000000000000000000001, "tb_dcache: timeout" {0 0 0};
    %end;
    .thread T_9;
# The file index is used to find the file name in the following table.
:file_names 5;
    "N/A";
    "<interactive>";
    "-";
    "verification/unit/cache/tb_dcache.sv";
    "rtl/cache/dcache.sv";
