Copyright 1986-2022 Xilinx, Inc. All Rights Reserved. Copyright 2022-2023 Advanced Micro Devices, Inc. All Rights Reserved.
---------------------------------------------------------------------------------------------------------------------------------------------
| Tool Version : Vivado v.2023.1 (lin64) Build 3865809 Sun May  7 15:04:56 MDT 2023
| Date         : Thu Jul  2 05:00:51 2026
| Host         : lnx-141209 running 64-bit Ubuntu 24.04.4 LTS
| Command      : report_timing_summary -file /home/lnx-141209/Desktop/FluxCore/reports/implementation/fluxcore_soc_timing_summary_route.rpt
| Design       : fluxcore_soc
| Device       : 7z020-clg400
| Speed File   : -1  PRODUCTION 1.12 2019-11-22
| Design State : Routed
---------------------------------------------------------------------------------------------------------------------------------------------

Timing Summary Report

------------------------------------------------------------------------------------------------
| Timer Settings
| --------------
------------------------------------------------------------------------------------------------

  Enable Multi Corner Analysis               :  Yes
  Enable Pessimism Removal                   :  Yes
  Pessimism Removal Resolution               :  Nearest Common Node
  Enable Input Delay Default Clock           :  No
  Enable Preset / Clear Arcs                 :  No
  Disable Flight Delays                      :  No
  Ignore I/O Paths                           :  No
  Timing Early Launch at Borrowing Latches   :  No
  Borrow Time for Max Delay Exceptions       :  Yes
  Merge Timing Exceptions                    :  Yes

  Corner  Analyze    Analyze    
  Name    Max Paths  Min Paths  
  ------  ---------  ---------  
  Slow    Yes        Yes        
  Fast    Yes        Yes        


------------------------------------------------------------------------------------------------
| Report Methodology
| ------------------
------------------------------------------------------------------------------------------------

No report available as report_methodology has not been run prior. Run report_methodology on the current design for the summary of methodology violations.



check_timing report

Table of Contents
-----------------
1. checking no_clock (0)
2. checking constant_clock (0)
3. checking pulse_width_clock (0)
4. checking unconstrained_internal_endpoints (0)
5. checking no_input_delay (0)
6. checking no_output_delay (0)
7. checking multiple_clock (0)
8. checking generated_clocks (0)
9. checking loops (0)
10. checking partial_input_delay (0)
11. checking partial_output_delay (0)
12. checking latch_loops (0)

1. checking no_clock (0)
------------------------
 There are 0 register/latch pins with no clock.


2. checking constant_clock (0)
------------------------------
 There are 0 register/latch pins with constant_clock.


3. checking pulse_width_clock (0)
---------------------------------
 There are 0 register/latch pins which need pulse_width check


4. checking unconstrained_internal_endpoints (0)
------------------------------------------------
 There are 0 pins that are not constrained for maximum delay.

 There are 0 pins that are not constrained for maximum delay due to constant clock.


5. checking no_input_delay (0)
------------------------------
 There are 0 input ports with no input delay specified.

 There are 0 input ports with no input delay but user has a false path constraint.


6. checking no_output_delay (0)
-------------------------------
 There are 0 ports with no output delay specified.

 There are 0 ports with no output delay but user has a false path constraint

 There are 0 ports with no output delay but with a timing clock defined on it or propagating through it


7. checking multiple_clock (0)
------------------------------
 There are 0 register/latch pins with multiple clocks.


8. checking generated_clocks (0)
--------------------------------
 There are 0 generated clocks that are not connected to a clock source.


9. checking loops (0)
---------------------
 There are 0 combinational loops in the design.


10. checking partial_input_delay (0)
------------------------------------
 There are 0 input ports with partial input delay specified.


11. checking partial_output_delay (0)
-------------------------------------
 There are 0 ports with partial output delay specified.


12. checking latch_loops (0)
----------------------------
 There are 0 combinational latch loops in the design through latch input



------------------------------------------------------------------------------------------------
| Design Timing Summary
| ---------------------
------------------------------------------------------------------------------------------------

    WNS(ns)      TNS(ns)  TNS Failing Endpoints  TNS Total Endpoints      WHS(ns)      THS(ns)  THS Failing Endpoints  THS Total Endpoints     WPWS(ns)     TPWS(ns)  TPWS Failing Endpoints  TPWS Total Endpoints  
    -------      -------  ---------------------  -------------------      -------      -------  ---------------------  -------------------     --------     --------  ----------------------  --------------------  
      1.110        0.000                      0                 7185        0.064        0.000                      0                 7185        9.500        0.000                       0                  2441  


All user specified timing constraints are met.


------------------------------------------------------------------------------------------------
| Clock Summary
| -------------
------------------------------------------------------------------------------------------------

Clock         Waveform(ns)       Period(ns)      Frequency(MHz)
-----         ------------       ----------      --------------
fluxcore_clk  {0.000 10.000}     20.000          50.000          


------------------------------------------------------------------------------------------------
| Intra Clock Table
| -----------------
------------------------------------------------------------------------------------------------

Clock             WNS(ns)      TNS(ns)  TNS Failing Endpoints  TNS Total Endpoints      WHS(ns)      THS(ns)  THS Failing Endpoints  THS Total Endpoints     WPWS(ns)     TPWS(ns)  TPWS Failing Endpoints  TPWS Total Endpoints  
-----             -------      -------  ---------------------  -------------------      -------      -------  ---------------------  -------------------     --------     --------  ----------------------  --------------------  
fluxcore_clk        1.110        0.000                      0                 7185        0.064        0.000                      0                 7185        9.500        0.000                       0                  2441  


------------------------------------------------------------------------------------------------
| Inter Clock Table
| -----------------
------------------------------------------------------------------------------------------------

From Clock    To Clock          WNS(ns)      TNS(ns)  TNS Failing Endpoints  TNS Total Endpoints      WHS(ns)      THS(ns)  THS Failing Endpoints  THS Total Endpoints  
----------    --------          -------      -------  ---------------------  -------------------      -------      -------  ---------------------  -------------------  


------------------------------------------------------------------------------------------------
| Other Path Groups Table
| -----------------------
------------------------------------------------------------------------------------------------

Path Group    From Clock    To Clock          WNS(ns)      TNS(ns)  TNS Failing Endpoints  TNS Total Endpoints      WHS(ns)      THS(ns)  THS Failing Endpoints  THS Total Endpoints  
----------    ----------    --------          -------      -------  ---------------------  -------------------      -------      -------  ---------------------  -------------------  


------------------------------------------------------------------------------------------------
| Timing Details
| --------------
------------------------------------------------------------------------------------------------


---------------------------------------------------------------------------------------------------
From Clock:  fluxcore_clk
  To Clock:  fluxcore_clk

Setup :            0  Failing Endpoints,  Worst Slack        1.110ns,  Total Violation        0.000ns
Hold  :            0  Failing Endpoints,  Worst Slack        0.064ns,  Total Violation        0.000ns
PW    :            0  Failing Endpoints,  Worst Slack        9.500ns,  Total Violation        0.000ns
---------------------------------------------------------------------------------------------------


Max Delay Paths
--------------------------------------------------------------------------------------
Slack (MET) :             1.110ns  (required time - arrival time)
  Source:                 g_no_dcache.u_dmem/mem3_reg/CLKARDCLK
                            (rising edge-triggered cell RAMB18E1 clocked by fluxcore_clk  {rise@0.000ns fall@10.000ns period=20.000ns})
  Destination:            u_cpu/u_ex_mem_reg/q_o_reg[alu_result][14]/D
                            (rising edge-triggered cell FDRE clocked by fluxcore_clk  {rise@0.000ns fall@10.000ns period=20.000ns})
  Path Group:             fluxcore_clk
  Path Type:              Setup (Max at Slow Process Corner)
  Requirement:            20.000ns  (fluxcore_clk rise@20.000ns - fluxcore_clk rise@0.000ns)
  Data Path Delay:        18.712ns  (logic 10.899ns (58.246%)  route 7.813ns (41.754%))
  Logic Levels:           20  (CARRY4=8 DSP48E1=2 LUT2=1 LUT4=1 LUT5=1 LUT6=7)
  Clock Path Skew:        -0.171ns (DCD - SCD + CPR)
    Destination Clock Delay (DCD):    5.340ns = ( 25.340 - 20.000 ) 
    Source Clock Delay      (SCD):    5.935ns
    Clock Pessimism Removal (CPR):    0.424ns
  Clock Uncertainty:      0.035ns  ((TSJ^2 + TIJ^2)^1/2 + DJ) / 2 + PE
    Total System Jitter     (TSJ):    0.071ns
    Total Input Jitter      (TIJ):    0.000ns
    Discrete Jitter          (DJ):    0.000ns
    Phase Error              (PE):    0.000ns

    Location             Delay type                Incr(ns)  Path(ns)    Netlist Resource(s)
  -------------------------------------------------------------------    -------------------
                         (clock fluxcore_clk rise edge)
                                                      0.000     0.000 r  
    K17                                               0.000     0.000 r  clk (IN)
                         net (fo=0)                   0.000     0.000    clk
    K17                  IBUF (Prop_ibuf_I_O)         1.475     1.475 r  clk_IBUF_inst/O
                         net (fo=1, routed)           2.522     3.997    clk_IBUF
    BUFGCTRL_X0Y16       BUFG (Prop_bufg_I_O)         0.101     4.098 r  clk_IBUF_BUFG_inst/O
                         net (fo=2440, routed)        1.837     5.935    g_no_dcache.u_dmem/clk
    RAMB18_X4Y5          RAMB18E1                                     r  g_no_dcache.u_dmem/mem3_reg/CLKARDCLK
  -------------------------------------------------------------------    -------------------
    RAMB18_X4Y5          RAMB18E1 (Prop_ramb18e1_CLKARDCLK_DOADO[7])
                                                      2.454     8.389 r  g_no_dcache.u_dmem/mem3_reg/DOADO[7]
                         net (fo=1, routed)           0.799     9.189    u_bus/mem_rdata[31]
    SLICE_X88Y13         LUT4 (Prop_lut4_I3_O)        0.124     9.313 r  u_bus/u_cpu_i_1/O
                         net (fo=9, routed)           0.760    10.073    u_cpu/u_mem_wb_reg/dmem_rdata_i[31]
    SLICE_X87Y11         LUT6 (Prop_lut6_I0_O)        0.124    10.197 r  u_cpu/u_mem_wb_reg/retire_o[rd_data][14]_INST_0_i_4/O
                         net (fo=1, routed)           0.151    10.348    u_cpu/u_mem_wb_reg/retire_o[rd_data][14]_INST_0_i_4_n_0
    SLICE_X87Y11         LUT6 (Prop_lut6_I0_O)        0.124    10.472 r  u_cpu/u_mem_wb_reg/retire_o[rd_data][14]_INST_0_i_3/O
                         net (fo=7, routed)           0.532    11.004    u_cpu/u_mem_wb_reg/retire_o[rd_data][14]_INST_0_i_3_n_0
    SLICE_X87Y12         LUT6 (Prop_lut6_I5_O)        0.124    11.128 r  u_cpu/u_mem_wb_reg/retire_o[rd_data][11]_INST_0/O
                         net (fo=37, routed)          0.599    11.727    u_cpu/u_id_ex_reg/prod_su__1_10
    SLICE_X85Y13         LUT6 (Prop_lut6_I3_O)        0.124    11.851 r  u_cpu/u_id_ex_reg/prod_ss__1_i_6/O
                         net (fo=29, routed)          1.403    13.254    u_cpu/u_muldiv/id_ex_fwd_s[rs1_data][11]
    DSP48_X4Y6           DSP48E1 (Prop_dsp48e1_A[11]_PCOUT[47])
                                                      4.036    17.290 r  u_cpu/u_muldiv/prod_ss__1/PCOUT[47]
                         net (fo=1, routed)           0.002    17.292    u_cpu/u_muldiv/prod_ss__1_n_106
    DSP48_X4Y7           DSP48E1 (Prop_dsp48e1_PCIN[47]_P[0])
                                                      1.518    18.810 r  u_cpu/u_muldiv/prod_ss__2/P[0]
                         net (fo=2, routed)           1.157    19.967    u_cpu/u_muldiv/prod_ss__2_n_105
    SLICE_X95Y8          LUT2 (Prop_lut2_I0_O)        0.124    20.091 r  u_cpu/u_muldiv/q_o[alu_result][19]_i_33/O
                         net (fo=1, routed)           0.000    20.091    u_cpu/u_muldiv/q_o[alu_result][19]_i_33_n_0
    SLICE_X95Y8          CARRY4 (Prop_carry4_S[1]_CO[3])
                                                      0.550    20.641 r  u_cpu/u_muldiv/q_o_reg[alu_result][19]_i_20/CO[3]
                         net (fo=1, routed)           0.000    20.641    u_cpu/u_muldiv/q_o_reg[alu_result][19]_i_20_n_0
    SLICE_X95Y9          CARRY4 (Prop_carry4_CI_CO[3])
                                                      0.114    20.755 r  u_cpu/u_muldiv/q_o_reg[alu_result][23]_i_19/CO[3]
                         net (fo=1, routed)           0.000    20.755    u_cpu/u_muldiv/q_o_reg[alu_result][23]_i_19_n_0
    SLICE_X95Y10         CARRY4 (Prop_carry4_CI_CO[3])
                                                      0.114    20.869 r  u_cpu/u_muldiv/q_o_reg[alu_result][27]_i_20/CO[3]
                         net (fo=1, routed)           0.000    20.869    u_cpu/u_muldiv/q_o_reg[alu_result][27]_i_20_n_0
    SLICE_X95Y11         CARRY4 (Prop_carry4_CI_CO[3])
                                                      0.114    20.983 r  u_cpu/u_muldiv/q_o_reg[alu_result][31]_i_39/CO[3]
                         net (fo=1, routed)           0.000    20.983    u_cpu/u_muldiv/q_o_reg[alu_result][31]_i_39_n_0
    SLICE_X95Y12         CARRY4 (Prop_carry4_CI_CO[3])
                                                      0.114    21.097 r  u_cpu/u_muldiv/q_o_reg[alu_result][0]_i_32/CO[3]
                         net (fo=1, routed)           0.000    21.097    u_cpu/u_muldiv/q_o_reg[alu_result][0]_i_32_n_0
    SLICE_X95Y13         CARRY4 (Prop_carry4_CI_CO[3])
                                                      0.114    21.211 r  u_cpu/u_muldiv/q_o_reg[alu_result][7]_i_28/CO[3]
                         net (fo=1, routed)           0.000    21.211    u_cpu/u_muldiv/q_o_reg[alu_result][7]_i_28_n_0
    SLICE_X95Y14         CARRY4 (Prop_carry4_CI_CO[3])
                                                      0.114    21.325 r  u_cpu/u_muldiv/q_o_reg[alu_result][11]_i_28/CO[3]
                         net (fo=1, routed)           0.000    21.325    u_cpu/u_muldiv/q_o_reg[alu_result][11]_i_28_n_0
    SLICE_X95Y15         CARRY4 (Prop_carry4_CI_O[2])
                                                      0.239    21.564 r  u_cpu/u_muldiv/q_o_reg[alu_result][15]_i_29/O[2]
                         net (fo=1, routed)           0.595    22.159    u_cpu/u_id_ex_reg/data1[14]
    SLICE_X92Y16         LUT6 (Prop_lut6_I5_O)        0.302    22.461 r  u_cpu/u_id_ex_reg/q_o[alu_result][14]_i_18/O
                         net (fo=1, routed)           0.638    23.100    u_cpu/u_id_ex_reg/q_o[alu_result][14]_i_18_n_0
    SLICE_X92Y20         LUT6 (Prop_lut6_I2_O)        0.124    23.224 r  u_cpu/u_id_ex_reg/q_o[alu_result][14]_i_13/O
                         net (fo=1, routed)           0.607    23.831    u_cpu/u_muldiv/q_o_reg[alu_result][14]
    SLICE_X92Y20         LUT5 (Prop_lut5_I3_O)        0.124    23.955 r  u_cpu/u_muldiv/q_o[alu_result][14]_i_6/O
                         net (fo=1, routed)           0.569    24.523    u_cpu/u_id_ex_reg/q_o_reg[alu_result][14]
    SLICE_X84Y20         LUT6 (Prop_lut6_I5_O)        0.124    24.647 r  u_cpu/u_id_ex_reg/q_o[alu_result][14]_i_1/O
                         net (fo=1, routed)           0.000    24.647    u_cpu/u_ex_mem_reg/q_o_reg[alu_result][31]_3[14]
    SLICE_X84Y20         FDRE                                         r  u_cpu/u_ex_mem_reg/q_o_reg[alu_result][14]/D
  -------------------------------------------------------------------    -------------------

                         (clock fluxcore_clk rise edge)
                                                     20.000    20.000 r  
    K17                                               0.000    20.000 r  clk (IN)
                         net (fo=0)                   0.000    20.000    clk
    K17                  IBUF (Prop_ibuf_I_O)         1.404    21.404 r  clk_IBUF_inst/O
                         net (fo=1, routed)           2.293    23.697    clk_IBUF
    BUFGCTRL_X0Y16       BUFG (Prop_bufg_I_O)         0.091    23.788 r  clk_IBUF_BUFG_inst/O
                         net (fo=2440, routed)        1.551    25.340    u_cpu/u_ex_mem_reg/clk
    SLICE_X84Y20         FDRE                                         r  u_cpu/u_ex_mem_reg/q_o_reg[alu_result][14]/C
                         clock pessimism              0.424    25.764    
                         clock uncertainty           -0.035    25.728    
    SLICE_X84Y20         FDRE (Setup_fdre_C_D)        0.029    25.757    u_cpu/u_ex_mem_reg/q_o_reg[alu_result][14]
  -------------------------------------------------------------------
                         required time                         25.757    
                         arrival time                         -24.647    
  -------------------------------------------------------------------
                         slack                                  1.110    





Min Delay Paths
--------------------------------------------------------------------------------------
Slack (MET) :             0.064ns  (arrival time - required time)
  Source:                 u_cpu/u_id_ex_reg/q_o_reg[decoded][csr_addr][4]/C
                            (rising edge-triggered cell FDRE clocked by fluxcore_clk  {rise@0.000ns fall@10.000ns period=20.000ns})
  Destination:            u_cpu/u_ex_mem_reg/q_o_reg[decoded][csr_addr][4]/D
                            (rising edge-triggered cell FDRE clocked by fluxcore_clk  {rise@0.000ns fall@10.000ns period=20.000ns})
  Path Group:             fluxcore_clk
  Path Type:              Hold (Min at Fast Process Corner)
  Requirement:            0.000ns  (fluxcore_clk rise@0.000ns - fluxcore_clk rise@0.000ns)
  Data Path Delay:        0.396ns  (logic 0.141ns (35.629%)  route 0.255ns (64.371%))
  Logic Levels:           0  
  Clock Path Skew:        0.261ns (DCD - SCD - CPR)
    Destination Clock Delay (DCD):    2.191ns
    Source Clock Delay      (SCD):    1.668ns
    Clock Pessimism Removal (CPR):    0.261ns

    Location             Delay type                Incr(ns)  Path(ns)    Netlist Resource(s)
  -------------------------------------------------------------------    -------------------
                         (clock fluxcore_clk rise edge)
                                                      0.000     0.000 r  
    K17                                               0.000     0.000 r  clk (IN)
                         net (fo=0)                   0.000     0.000    clk
    K17                  IBUF (Prop_ibuf_I_O)         0.243     0.243 r  clk_IBUF_inst/O
                         net (fo=1, routed)           0.842     1.084    clk_IBUF
    BUFGCTRL_X0Y16       BUFG (Prop_bufg_I_O)         0.026     1.110 r  clk_IBUF_BUFG_inst/O
                         net (fo=2440, routed)        0.558     1.668    u_cpu/u_id_ex_reg/clk
    SLICE_X44Y13         FDRE                                         r  u_cpu/u_id_ex_reg/q_o_reg[decoded][csr_addr][4]/C
  -------------------------------------------------------------------    -------------------
    SLICE_X44Y13         FDRE (Prop_fdre_C_Q)         0.141     1.809 r  u_cpu/u_id_ex_reg/q_o_reg[decoded][csr_addr][4]/Q
                         net (fo=12, routed)          0.255     2.064    u_cpu/u_ex_mem_reg/q_o_reg[decoded][csr_addr][11]_0[3]
    SLICE_X51Y8          FDRE                                         r  u_cpu/u_ex_mem_reg/q_o_reg[decoded][csr_addr][4]/D
  -------------------------------------------------------------------    -------------------

                         (clock fluxcore_clk rise edge)
                                                      0.000     0.000 r  
    K17                                               0.000     0.000 r  clk (IN)
                         net (fo=0)                   0.000     0.000    clk
    K17                  IBUF (Prop_ibuf_I_O)         0.431     0.431 r  clk_IBUF_inst/O
                         net (fo=1, routed)           0.907     1.338    clk_IBUF
    BUFGCTRL_X0Y16       BUFG (Prop_bufg_I_O)         0.029     1.367 r  clk_IBUF_BUFG_inst/O
                         net (fo=2440, routed)        0.824     2.191    u_cpu/u_ex_mem_reg/clk
    SLICE_X51Y8          FDRE                                         r  u_cpu/u_ex_mem_reg/q_o_reg[decoded][csr_addr][4]/C
                         clock pessimism             -0.261     1.929    
    SLICE_X51Y8          FDRE (Hold_fdre_C_D)         0.070     1.999    u_cpu/u_ex_mem_reg/q_o_reg[decoded][csr_addr][4]
  -------------------------------------------------------------------
                         required time                         -1.999    
                         arrival time                           2.064    
  -------------------------------------------------------------------
                         slack                                  0.064    





Pulse Width Checks
--------------------------------------------------------------------------------------
Clock Name:         fluxcore_clk
Waveform(ns):       { 0.000 10.000 }
Period(ns):         20.000
Sources:            { clk }

Check Type        Corner  Lib Pin             Reference Pin  Required(ns)  Actual(ns)  Slack(ns)  Location      Pin
Min Period        n/a     RAMB18E1/CLKARDCLK  n/a            2.576         20.000      17.424     RAMB18_X4Y2   g_no_dcache.u_dmem/mem0_reg/CLKARDCLK
Low Pulse Width   Slow    FDRE/C              n/a            0.500         10.000      9.500      SLICE_X88Y33  rst_sync_q_reg[0]/C
High Pulse Width  Slow    FDRE/C              n/a            0.500         10.000      9.500      SLICE_X88Y33  rst_sync_q_reg[0]/C



