Copyright 1986-2022 Xilinx, Inc. All Rights Reserved. Copyright 2022-2023 Advanced Micro Devices, Inc. All Rights Reserved.
---------------------------------------------------------------------------------------------------------------------------------------------
| Tool Version : Vivado v.2023.1 (lin64) Build 3865809 Sun May  7 15:04:56 MDT 2023
| Date         : Tue Jun 30 04:57:22 2026
| Host         : lnx-141209 running 64-bit Ubuntu 24.04.4 LTS
| Command      : report_timing_summary -file /home/lnx-141209/Desktop/FluxCore/reports/implementation/fluxcore_soc_timing_summary_place.rpt
| Design       : fluxcore_soc
| Device       : 7z020-clg400
| Speed File   : -1  PRODUCTION 1.12 2019-11-22
| Design State : Fully Placed
---------------------------------------------------------------------------------------------------------------------------------------------

Timing Summary Report

------------------------------------------------------------------------------------------------
| Timer Settings
| --------------
------------------------------------------------------------------------------------------------

  Enable Multi Corner Analysis               :  Yes
  Enable Pessimism Removal                   :  Yes
  Pessimism Removal Resolution               :  Nearest Common Node
  Enable Input Delay Default Clock           :  No
  Enable Preset / Clear Arcs                 :  No
  Disable Flight Delays                      :  No
  Ignore I/O Paths                           :  No
  Timing Early Launch at Borrowing Latches   :  No
  Borrow Time for Max Delay Exceptions       :  Yes
  Merge Timing Exceptions                    :  Yes

  Corner  Analyze    Analyze    
  Name    Max Paths  Min Paths  
  ------  ---------  ---------  
  Slow    Yes        Yes        
  Fast    Yes        Yes        


------------------------------------------------------------------------------------------------
| Report Methodology
| ------------------
------------------------------------------------------------------------------------------------

No report available as report_methodology has not been run prior. Run report_methodology on the current design for the summary of methodology violations.



check_timing report

Table of Contents
-----------------
1. checking no_clock (0)
2. checking constant_clock (0)
3. checking pulse_width_clock (0)
4. checking unconstrained_internal_endpoints (0)
5. checking no_input_delay (0)
6. checking no_output_delay (0)
7. checking multiple_clock (0)
8. checking generated_clocks (0)
9. checking loops (0)
10. checking partial_input_delay (0)
11. checking partial_output_delay (0)
12. checking latch_loops (0)

1. checking no_clock (0)
------------------------
 There are 0 register/latch pins with no clock.


2. checking constant_clock (0)
------------------------------
 There are 0 register/latch pins with constant_clock.


3. checking pulse_width_clock (0)
---------------------------------
 There are 0 register/latch pins which need pulse_width check


4. checking unconstrained_internal_endpoints (0)
------------------------------------------------
 There are 0 pins that are not constrained for maximum delay.

 There are 0 pins that are not constrained for maximum delay due to constant clock.


5. checking no_input_delay (0)
------------------------------
 There are 0 input ports with no input delay specified.

 There are 0 input ports with no input delay but user has a false path constraint.


6. checking no_output_delay (0)
-------------------------------
 There are 0 ports with no output delay specified.

 There are 0 ports with no output delay but user has a false path constraint

 There are 0 ports with no output delay but with a timing clock defined on it or propagating through it


7. checking multiple_clock (0)
------------------------------
 There are 0 register/latch pins with multiple clocks.


8. checking generated_clocks (0)
--------------------------------
 There are 0 generated clocks that are not connected to a clock source.


9. checking loops (0)
---------------------
 There are 0 combinational loops in the design.


10. checking partial_input_delay (0)
------------------------------------
 There are 0 input ports with partial input delay specified.


11. checking partial_output_delay (0)
-------------------------------------
 There are 0 ports with partial output delay specified.


12. checking latch_loops (0)
----------------------------
 There are 0 combinational latch loops in the design through latch input



------------------------------------------------------------------------------------------------
| Design Timing Summary
| ---------------------
------------------------------------------------------------------------------------------------

    WNS(ns)      TNS(ns)  TNS Failing Endpoints  TNS Total Endpoints      WHS(ns)      THS(ns)  THS Failing Endpoints  THS Total Endpoints     WPWS(ns)     TPWS(ns)  TPWS Failing Endpoints  TPWS Total Endpoints  
    -------      -------  ---------------------  -------------------      -------      -------  ---------------------  -------------------     --------     --------  ----------------------  --------------------  
      2.940        0.000                      0                 5153        0.119        0.000                      0                 5153        9.500        0.000                       0                  2009  


All user specified timing constraints are met.


------------------------------------------------------------------------------------------------
| Clock Summary
| -------------
------------------------------------------------------------------------------------------------

Clock         Waveform(ns)       Period(ns)      Frequency(MHz)
-----         ------------       ----------      --------------
fluxcore_clk  {0.000 10.000}     20.000          50.000          


------------------------------------------------------------------------------------------------
| Intra Clock Table
| -----------------
------------------------------------------------------------------------------------------------

Clock             WNS(ns)      TNS(ns)  TNS Failing Endpoints  TNS Total Endpoints      WHS(ns)      THS(ns)  THS Failing Endpoints  THS Total Endpoints     WPWS(ns)     TPWS(ns)  TPWS Failing Endpoints  TPWS Total Endpoints  
-----             -------      -------  ---------------------  -------------------      -------      -------  ---------------------  -------------------     --------     --------  ----------------------  --------------------  
fluxcore_clk        2.940        0.000                      0                 5153        0.119        0.000                      0                 5153        9.500        0.000                       0                  2009  


------------------------------------------------------------------------------------------------
| Inter Clock Table
| -----------------
------------------------------------------------------------------------------------------------

From Clock    To Clock          WNS(ns)      TNS(ns)  TNS Failing Endpoints  TNS Total Endpoints      WHS(ns)      THS(ns)  THS Failing Endpoints  THS Total Endpoints  
----------    --------          -------      -------  ---------------------  -------------------      -------      -------  ---------------------  -------------------  


------------------------------------------------------------------------------------------------
| Other Path Groups Table
| -----------------------
------------------------------------------------------------------------------------------------

Path Group    From Clock    To Clock          WNS(ns)      TNS(ns)  TNS Failing Endpoints  TNS Total Endpoints      WHS(ns)      THS(ns)  THS Failing Endpoints  THS Total Endpoints  
----------    ----------    --------          -------      -------  ---------------------  -------------------      -------      -------  ---------------------  -------------------  


------------------------------------------------------------------------------------------------
| Timing Details
| --------------
------------------------------------------------------------------------------------------------


---------------------------------------------------------------------------------------------------
From Clock:  fluxcore_clk
  To Clock:  fluxcore_clk

Setup :            0  Failing Endpoints,  Worst Slack        2.940ns,  Total Violation        0.000ns
Hold  :            0  Failing Endpoints,  Worst Slack        0.119ns,  Total Violation        0.000ns
PW    :            0  Failing Endpoints,  Worst Slack        9.500ns,  Total Violation        0.000ns
---------------------------------------------------------------------------------------------------


Max Delay Paths
--------------------------------------------------------------------------------------
Slack (MET) :             2.940ns  (required time - arrival time)
  Source:                 u_dmem/mem0_reg/CLKARDCLK
                            (rising edge-triggered cell RAMB18E1 clocked by fluxcore_clk  {rise@0.000ns fall@10.000ns period=20.000ns})
  Destination:            u_cpu/u_if_id_reg/q_o_reg[instr][19]/R
                            (rising edge-triggered cell FDRE clocked by fluxcore_clk  {rise@0.000ns fall@10.000ns period=20.000ns})
  Path Group:             fluxcore_clk
  Path Type:              Setup (Max at Slow Process Corner)
  Requirement:            20.000ns  (fluxcore_clk rise@20.000ns - fluxcore_clk rise@0.000ns)
  Data Path Delay:        16.218ns  (logic 4.845ns (29.874%)  route 11.373ns (70.126%))
  Logic Levels:           12  (CARRY4=2 LUT2=2 LUT4=1 LUT5=2 LUT6=5)
  Clock Path Skew:        -0.175ns (DCD - SCD + CPR)
    Destination Clock Delay (DCD):    5.598ns = ( 25.598 - 20.000 ) 
    Source Clock Delay      (SCD):    6.111ns
    Clock Pessimism Removal (CPR):    0.338ns
  Clock Uncertainty:      0.035ns  ((TSJ^2 + TIJ^2)^1/2 + DJ) / 2 + PE
    Total System Jitter     (TSJ):    0.071ns
    Total Input Jitter      (TIJ):    0.000ns
    Discrete Jitter          (DJ):    0.000ns
    Phase Error              (PE):    0.000ns

    Location             Delay type                Incr(ns)  Path(ns)    Netlist Resource(s)
  -------------------------------------------------------------------    -------------------
                         (clock fluxcore_clk rise edge)
                                                      0.000     0.000 r  
    K17                                               0.000     0.000 r  clk (IN)
                         net (fo=0)                   0.000     0.000    clk
    K17                  IBUF (Prop_ibuf_I_O)         1.475     1.475 r  clk_IBUF_inst/O
                         net (fo=1, estimated)        2.522     3.997    clk_IBUF
    BUFGCTRL_X0Y16       BUFG (Prop_bufg_I_O)         0.101     4.098 r  clk_IBUF_BUFG_inst/O
                         net (fo=2008, estimated)     2.013     6.111    u_dmem/clk
    RAMB18_X4Y42         RAMB18E1                                     r  u_dmem/mem0_reg/CLKARDCLK
  -------------------------------------------------------------------    -------------------
    RAMB18_X4Y42         RAMB18E1 (Prop_ramb18e1_CLKARDCLK_DOADO[7])
                                                      2.454     8.565 r  u_dmem/mem0_reg/DOADO[7]
                         net (fo=6, estimated)        1.640    10.205    u_cpu/u_mem_wb_reg/dmem_rdata_i[7]
    SLICE_X98Y114        LUT6 (Prop_lut6_I1_O)        0.124    10.329 r  u_cpu/u_mem_wb_reg/retire_o[rd_data][31]_INST_0_i_5/O
                         net (fo=25, estimated)       1.047    11.376    u_cpu/u_mem_wb_reg/retire_o[rd_data][31]_INST_0_i_5_n_0
    SLICE_X95Y129        LUT6 (Prop_lut6_I0_O)        0.124    11.500 r  u_cpu/u_mem_wb_reg/retire_o[rd_data][18]_INST_0_i_1/O
                         net (fo=1, estimated)        0.292    11.792    u_cpu/u_mem_wb_reg/retire_o[rd_data][18]_INST_0_i_1_n_0
    SLICE_X95Y129        LUT6 (Prop_lut6_I0_O)        0.124    11.916 r  u_cpu/u_mem_wb_reg/retire_o[rd_data][18]_INST_0/O
                         net (fo=34, estimated)       0.965    12.881    u_cpu/u_mem_wb_reg/mem2_reg_1
    SLICE_X105Y131       LUT6 (Prop_lut6_I3_O)        0.124    13.005 r  u_cpu/u_mem_wb_reg/taken_o0_carry__0_i_16/O
                         net (fo=13, estimated)       1.176    14.181    u_cpu/u_mem_wb_reg/id_ex_fwd_s[rs2_data][18]
    SLICE_X97Y127        LUT4 (Prop_lut4_I0_O)        0.124    14.305 r  u_cpu/u_mem_wb_reg/taken_o0__23_carry__1_i_3/O
                         net (fo=2, estimated)        0.645    14.950    u_cpu/u_execute/u_branch_unit/taken_o0__23_carry__2_0[1]
    SLICE_X98Y123        CARRY4 (Prop_carry4_DI[1]_CO[3])
                                                      0.520    15.470 r  u_cpu/u_execute/u_branch_unit/taken_o0__23_carry__1/CO[3]
                         net (fo=1, estimated)        0.000    15.470    u_cpu/u_execute/u_branch_unit/taken_o0__23_carry__1_n_0
    SLICE_X98Y124        CARRY4 (Prop_carry4_CI_CO[3])
                                                      0.117    15.587 r  u_cpu/u_execute/u_branch_unit/taken_o0__23_carry__2/CO[3]
                         net (fo=1, estimated)        0.979    16.566    u_cpu/u_mem_wb_reg/imem_addr_next_o[13]_INST_0_i_9[0]
    SLICE_X96Y129        LUT5 (Prop_lut5_I0_O)        0.124    16.690 r  u_cpu/u_mem_wb_reg/imem_addr_next_o[13]_INST_0_i_18/O
                         net (fo=1, estimated)        0.581    17.271    u_cpu/u_id_ex_reg/imem_addr_next_o[13]_INST_0_i_5_0
    SLICE_X93Y130        LUT6 (Prop_lut6_I2_O)        0.124    17.395 r  u_cpu/u_id_ex_reg/imem_addr_next_o[13]_INST_0_i_9/O
                         net (fo=1, estimated)        0.801    18.196    u_cpu/u_id_ex_reg/u_pctrl/redirect_branch_s0
    SLICE_X90Y130        LUT2 (Prop_lut2_I1_O)        0.153    18.349 r  u_cpu/u_id_ex_reg/imem_addr_next_o[13]_INST_0_i_5/O
                         net (fo=36, estimated)       1.029    19.378    u_cpu/u_id_ex_reg/u_pctrl/redirect_branch_s
    SLICE_X90Y130        LUT5 (Prop_lut5_I1_O)        0.359    19.737 r  u_cpu/u_id_ex_reg/imem_addr_next_o[13]_INST_0_i_3/O
                         net (fo=43, estimated)       1.097    20.834    u_cpu/u_id_ex_reg/redirect_valid_s
    SLICE_X88Y129        LUT2 (Prop_lut2_I1_O)        0.374    21.208 r  u_cpu/u_id_ex_reg/q_o[valid]_i_1/O
                         net (fo=65, estimated)       1.121    22.329    u_cpu/u_if_id_reg/SR[0]
    SLICE_X67Y132        FDRE                                         r  u_cpu/u_if_id_reg/q_o_reg[instr][19]/R
  -------------------------------------------------------------------    -------------------

                         (clock fluxcore_clk rise edge)
                                                     20.000    20.000 r  
    K17                                               0.000    20.000 r  clk (IN)
                         net (fo=0)                   0.000    20.000    clk
    K17                  IBUF (Prop_ibuf_I_O)         1.404    21.404 r  clk_IBUF_inst/O
                         net (fo=1, estimated)        2.396    23.800    clk_IBUF
    BUFGCTRL_X0Y16       BUFG (Prop_bufg_I_O)         0.091    23.891 r  clk_IBUF_BUFG_inst/O
                         net (fo=2008, estimated)     1.707    25.598    u_cpu/u_if_id_reg/clk
    SLICE_X67Y132        FDRE                                         r  u_cpu/u_if_id_reg/q_o_reg[instr][19]/C
                         clock pessimism              0.338    25.936    
                         clock uncertainty           -0.035    25.900    
    SLICE_X67Y132        FDRE (Setup_fdre_C_R)       -0.631    25.269    u_cpu/u_if_id_reg/q_o_reg[instr][19]
  -------------------------------------------------------------------
                         required time                         25.269    
                         arrival time                         -22.329    
  -------------------------------------------------------------------
                         slack                                  2.940    





Min Delay Paths
--------------------------------------------------------------------------------------
Slack (MET) :             0.119ns  (arrival time - required time)
  Source:                 u_cpu/u_id_ex_reg/q_o_reg[instr][1]/C
                            (rising edge-triggered cell FDRE clocked by fluxcore_clk  {rise@0.000ns fall@10.000ns period=20.000ns})
  Destination:            u_cpu/u_ex_mem_reg/q_o_reg[instr][1]/D
                            (rising edge-triggered cell FDRE clocked by fluxcore_clk  {rise@0.000ns fall@10.000ns period=20.000ns})
  Path Group:             fluxcore_clk
  Path Type:              Hold (Min at Fast Process Corner)
  Requirement:            0.000ns  (fluxcore_clk rise@0.000ns - fluxcore_clk rise@0.000ns)
  Data Path Delay:        0.210ns  (logic 0.141ns (67.101%)  route 0.069ns (32.898%))
  Logic Levels:           0  
  Clock Path Skew:        0.015ns (DCD - SCD - CPR)
    Destination Clock Delay (DCD):    2.508ns
    Source Clock Delay      (SCD):    1.990ns
    Clock Pessimism Removal (CPR):    0.503ns

    Location             Delay type                Incr(ns)  Path(ns)    Netlist Resource(s)
  -------------------------------------------------------------------    -------------------
                         (clock fluxcore_clk rise edge)
                                                      0.000     0.000 r  
    K17                                               0.000     0.000 r  clk (IN)
                         net (fo=0)                   0.000     0.000    clk
    K17                  IBUF (Prop_ibuf_I_O)         0.243     0.243 r  clk_IBUF_inst/O
                         net (fo=1, estimated)        1.063     1.306    clk_IBUF
    BUFGCTRL_X0Y16       BUFG (Prop_bufg_I_O)         0.026     1.332 r  clk_IBUF_BUFG_inst/O
                         net (fo=2008, estimated)     0.658     1.990    u_cpu/u_id_ex_reg/clk
    SLICE_X67Y137        FDRE                                         r  u_cpu/u_id_ex_reg/q_o_reg[instr][1]/C
  -------------------------------------------------------------------    -------------------
    SLICE_X67Y137        FDRE (Prop_fdre_C_Q)         0.141     2.131 r  u_cpu/u_id_ex_reg/q_o_reg[instr][1]/Q
                         net (fo=1, estimated)        0.069     2.200    u_cpu/u_ex_mem_reg/id_ex_q[instr][1]
    SLICE_X66Y137        FDRE                                         r  u_cpu/u_ex_mem_reg/q_o_reg[instr][1]/D
  -------------------------------------------------------------------    -------------------

                         (clock fluxcore_clk rise edge)
                                                      0.000     0.000 r  
    K17                                               0.000     0.000 r  clk (IN)
                         net (fo=0)                   0.000     0.000    clk
    K17                  IBUF (Prop_ibuf_I_O)         0.431     0.431 r  clk_IBUF_inst/O
                         net (fo=1, estimated)        1.119     1.550    clk_IBUF
    BUFGCTRL_X0Y16       BUFG (Prop_bufg_I_O)         0.029     1.579 r  clk_IBUF_BUFG_inst/O
                         net (fo=2008, estimated)     0.929     2.508    u_cpu/u_ex_mem_reg/clk
    SLICE_X66Y137        FDRE                                         r  u_cpu/u_ex_mem_reg/q_o_reg[instr][1]/C
                         clock pessimism             -0.503     2.005    
    SLICE_X66Y137        FDRE (Hold_fdre_C_D)         0.076     2.081    u_cpu/u_ex_mem_reg/q_o_reg[instr][1]
  -------------------------------------------------------------------
                         required time                         -2.081    
                         arrival time                           2.200    
  -------------------------------------------------------------------
                         slack                                  0.119    





Pulse Width Checks
--------------------------------------------------------------------------------------
Clock Name:         fluxcore_clk
Waveform(ns):       { 0.000 10.000 }
Period(ns):         20.000
Sources:            { clk }

Check Type        Corner  Lib Pin             Reference Pin  Required(ns)  Actual(ns)  Slack(ns)  Location        Pin
Min Period        n/a     RAMB18E1/CLKARDCLK  n/a            2.576         20.000      17.424     RAMB18_X4Y42    u_dmem/mem0_reg/CLKARDCLK
Low Pulse Width   Slow    FDRE/C              n/a            0.500         10.000      9.500      SLICE_X101Y138  rst_sync_q_reg[0]/C
High Pulse Width  Slow    FDRE/C              n/a            0.500         10.000      9.500      SLICE_X101Y138  rst_sync_q_reg[0]/C



