Copyright 1986-2022 Xilinx, Inc. All Rights Reserved. Copyright 2022-2023 Advanced Micro Devices, Inc. All Rights Reserved.
---------------------------------------------------------------------------------------------------------------------------------------------
| Tool Version : Vivado v.2023.1 (lin64) Build 3865809 Sun May  7 15:04:56 MDT 2023
| Date         : Tue Jun 30 04:57:13 2026
| Host         : lnx-141209 running 64-bit Ubuntu 24.04.4 LTS
| Command      : report_timing_summary -file /home/lnx-141209/Desktop/FluxCore/reports/implementation/fluxcore_soc_timing_summary_opt.rpt
| Design       : fluxcore_soc
| Device       : 7z020-clg400
| Speed File   : -1  PRODUCTION 1.12 2019-11-22
| Design State : Optimized
---------------------------------------------------------------------------------------------------------------------------------------------

Timing Summary Report

------------------------------------------------------------------------------------------------
| Timer Settings
| --------------
------------------------------------------------------------------------------------------------

  Enable Multi Corner Analysis               :  Yes
  Enable Pessimism Removal                   :  Yes
  Pessimism Removal Resolution               :  Nearest Common Node
  Enable Input Delay Default Clock           :  No
  Enable Preset / Clear Arcs                 :  No
  Disable Flight Delays                      :  No
  Ignore I/O Paths                           :  No
  Timing Early Launch at Borrowing Latches   :  No
  Borrow Time for Max Delay Exceptions       :  Yes
  Merge Timing Exceptions                    :  Yes

  Corner  Analyze    Analyze    
  Name    Max Paths  Min Paths  
  ------  ---------  ---------  
  Slow    Yes        Yes        
  Fast    Yes        Yes        


------------------------------------------------------------------------------------------------
| Report Methodology
| ------------------
------------------------------------------------------------------------------------------------

No report available as report_methodology has not been run prior. Run report_methodology on the current design for the summary of methodology violations.



check_timing report

Table of Contents
-----------------
1. checking no_clock (0)
2. checking constant_clock (0)
3. checking pulse_width_clock (0)
4. checking unconstrained_internal_endpoints (0)
5. checking no_input_delay (0)
6. checking no_output_delay (0)
7. checking multiple_clock (0)
8. checking generated_clocks (0)
9. checking loops (0)
10. checking partial_input_delay (0)
11. checking partial_output_delay (0)
12. checking latch_loops (0)

1. checking no_clock (0)
------------------------
 There are 0 register/latch pins with no clock.


2. checking constant_clock (0)
------------------------------
 There are 0 register/latch pins with constant_clock.


3. checking pulse_width_clock (0)
---------------------------------
 There are 0 register/latch pins which need pulse_width check


4. checking unconstrained_internal_endpoints (0)
------------------------------------------------
 There are 0 pins that are not constrained for maximum delay.

 There are 0 pins that are not constrained for maximum delay due to constant clock.


5. checking no_input_delay (0)
------------------------------
 There are 0 input ports with no input delay specified.

 There are 0 input ports with no input delay but user has a false path constraint.


6. checking no_output_delay (0)
-------------------------------
 There are 0 ports with no output delay specified.

 There are 0 ports with no output delay but user has a false path constraint

 There are 0 ports with no output delay but with a timing clock defined on it or propagating through it


7. checking multiple_clock (0)
------------------------------
 There are 0 register/latch pins with multiple clocks.


8. checking generated_clocks (0)
--------------------------------
 There are 0 generated clocks that are not connected to a clock source.


9. checking loops (0)
---------------------
 There are 0 combinational loops in the design.


10. checking partial_input_delay (0)
------------------------------------
 There are 0 input ports with partial input delay specified.


11. checking partial_output_delay (0)
-------------------------------------
 There are 0 ports with partial output delay specified.


12. checking latch_loops (0)
----------------------------
 There are 0 combinational latch loops in the design through latch input



------------------------------------------------------------------------------------------------
| Design Timing Summary
| ---------------------
------------------------------------------------------------------------------------------------

    WNS(ns)      TNS(ns)  TNS Failing Endpoints  TNS Total Endpoints      WHS(ns)      THS(ns)  THS Failing Endpoints  THS Total Endpoints     WPWS(ns)     TPWS(ns)  TPWS Failing Endpoints  TPWS Total Endpoints  
    -------      -------  ---------------------  -------------------      -------      -------  ---------------------  -------------------     --------     --------  ----------------------  --------------------  
      6.147        0.000                      0                 5153        0.152        0.000                      0                 5153        9.500        0.000                       0                  2009  


All user specified timing constraints are met.


------------------------------------------------------------------------------------------------
| Clock Summary
| -------------
------------------------------------------------------------------------------------------------

Clock         Waveform(ns)       Period(ns)      Frequency(MHz)
-----         ------------       ----------      --------------
fluxcore_clk  {0.000 10.000}     20.000          50.000          


------------------------------------------------------------------------------------------------
| Intra Clock Table
| -----------------
------------------------------------------------------------------------------------------------

Clock             WNS(ns)      TNS(ns)  TNS Failing Endpoints  TNS Total Endpoints      WHS(ns)      THS(ns)  THS Failing Endpoints  THS Total Endpoints     WPWS(ns)     TPWS(ns)  TPWS Failing Endpoints  TPWS Total Endpoints  
-----             -------      -------  ---------------------  -------------------      -------      -------  ---------------------  -------------------     --------     --------  ----------------------  --------------------  
fluxcore_clk        6.147        0.000                      0                 5153        0.152        0.000                      0                 5153        9.500        0.000                       0                  2009  


------------------------------------------------------------------------------------------------
| Inter Clock Table
| -----------------
------------------------------------------------------------------------------------------------

From Clock    To Clock          WNS(ns)      TNS(ns)  TNS Failing Endpoints  TNS Total Endpoints      WHS(ns)      THS(ns)  THS Failing Endpoints  THS Total Endpoints  
----------    --------          -------      -------  ---------------------  -------------------      -------      -------  ---------------------  -------------------  


------------------------------------------------------------------------------------------------
| Other Path Groups Table
| -----------------------
------------------------------------------------------------------------------------------------

Path Group    From Clock    To Clock          WNS(ns)      TNS(ns)  TNS Failing Endpoints  TNS Total Endpoints      WHS(ns)      THS(ns)  THS Failing Endpoints  THS Total Endpoints  
----------    ----------    --------          -------      -------  ---------------------  -------------------      -------      -------  ---------------------  -------------------  


------------------------------------------------------------------------------------------------
| Timing Details
| --------------
------------------------------------------------------------------------------------------------


---------------------------------------------------------------------------------------------------
From Clock:  fluxcore_clk
  To Clock:  fluxcore_clk

Setup :            0  Failing Endpoints,  Worst Slack        6.147ns,  Total Violation        0.000ns
Hold  :            0  Failing Endpoints,  Worst Slack        0.152ns,  Total Violation        0.000ns
PW    :            0  Failing Endpoints,  Worst Slack        9.500ns,  Total Violation        0.000ns
---------------------------------------------------------------------------------------------------


Max Delay Paths
--------------------------------------------------------------------------------------
Slack (MET) :             6.147ns  (required time - arrival time)
  Source:                 u_dmem/mem2_reg/CLKARDCLK
                            (rising edge-triggered cell RAMB18E1 clocked by fluxcore_clk  {rise@0.000ns fall@10.000ns period=20.000ns})
  Destination:            u_imem/rdata_o_reg/ADDRARDADDR[11]
                            (rising edge-triggered cell RAMB18E1 clocked by fluxcore_clk  {rise@0.000ns fall@10.000ns period=20.000ns})
  Path Group:             fluxcore_clk
  Path Type:              Setup (Max at Slow Process Corner)
  Requirement:            20.000ns  (fluxcore_clk rise@20.000ns - fluxcore_clk rise@0.000ns)
  Data Path Delay:        13.106ns  (logic 5.576ns (42.544%)  route 7.530ns (57.456%))
  Logic Levels:           17  (CARRY4=7 LUT2=1 LUT4=1 LUT5=2 LUT6=6)
  Clock Path Skew:        -0.145ns (DCD - SCD + CPR)
    Destination Clock Delay (DCD):    2.694ns = ( 22.694 - 20.000 ) 
    Source Clock Delay      (SCD):    2.960ns
    Clock Pessimism Removal (CPR):    0.120ns
  Clock Uncertainty:      0.035ns  ((TSJ^2 + TIJ^2)^1/2 + DJ) / 2 + PE
    Total System Jitter     (TSJ):    0.071ns
    Total Input Jitter      (TIJ):    0.000ns
    Discrete Jitter          (DJ):    0.000ns
    Phase Error              (PE):    0.000ns

    Location             Delay type                Incr(ns)  Path(ns)    Netlist Resource(s)
  -------------------------------------------------------------------    -------------------
                         (clock fluxcore_clk rise edge)
                                                      0.000     0.000 r  
    K17                                               0.000     0.000 r  clk (IN)
                         net (fo=0)                   0.000     0.000    clk
    K17                  IBUF (Prop_ibuf_I_O)         1.475     1.475 r  clk_IBUF_inst/O
                         net (fo=1, unplaced)         0.800     2.275    clk_IBUF
                         BUFG (Prop_bufg_I_O)         0.101     2.376 r  clk_IBUF_BUFG_inst/O
                         net (fo=2008, unplaced)      0.584     2.960    u_dmem/clk
                         RAMB18E1                                     r  u_dmem/mem2_reg/CLKARDCLK
  -------------------------------------------------------------------    -------------------
                         RAMB18E1 (Prop_ramb18e1_CLKARDCLK_DOADO[2])
                                                      2.454     5.414 f  u_dmem/mem2_reg/DOADO[2]
                         net (fo=6, unplaced)         0.800     6.213    u_cpu/u_mem_wb_reg/dmem_rdata_i[18]
                         LUT6 (Prop_lut6_I5_O)        0.124     6.337 f  u_cpu/u_mem_wb_reg/retire_o[rd_data][2]_INST_0_i_2/O
                         net (fo=1, unplaced)         0.449     6.786    u_cpu/u_mem_wb_reg/retire_o[rd_data][2]_INST_0_i_2_n_0
                         LUT5 (Prop_lut5_I4_O)        0.124     6.910 f  u_cpu/u_mem_wb_reg/retire_o[rd_data][2]_INST_0_i_1/O
                         net (fo=1, unplaced)         0.449     7.359    u_cpu/u_mem_wb_reg/retire_o[rd_data][2]_INST_0_i_1_n_0
                         LUT6 (Prop_lut6_I0_O)        0.124     7.483 f  u_cpu/u_mem_wb_reg/retire_o[rd_data][2]_INST_0/O
                         net (fo=35, unplaced)        0.492     7.975    u_cpu/u_mem_wb_reg/mem0_reg_1
                         LUT6 (Prop_lut6_I3_O)        0.124     8.099 f  u_cpu/u_mem_wb_reg/taken_o0_carry_i_23/O
                         net (fo=14, unplaced)        0.953     9.052    u_cpu/u_mem_wb_reg/q_o_reg[rs1_data][30][2]
                         LUT4 (Prop_lut4_I1_O)        0.124     9.176 r  u_cpu/u_mem_wb_reg/taken_o0__23_carry_i_3/O
                         net (fo=2, unplaced)         0.650     9.826    u_cpu/u_execute/u_branch_unit/DI[1]
                         CARRY4 (Prop_carry4_DI[1]_CO[3])
                                                      0.520    10.346 r  u_cpu/u_execute/u_branch_unit/taken_o0__23_carry/CO[3]
                         net (fo=1, unplaced)         0.009    10.355    u_cpu/u_execute/u_branch_unit/taken_o0__23_carry_n_0
                         CARRY4 (Prop_carry4_CI_CO[3])
                                                      0.117    10.472 r  u_cpu/u_execute/u_branch_unit/taken_o0__23_carry__0/CO[3]
                         net (fo=1, unplaced)         0.000    10.472    u_cpu/u_execute/u_branch_unit/taken_o0__23_carry__0_n_0
                         CARRY4 (Prop_carry4_CI_CO[3])
                                                      0.117    10.589 r  u_cpu/u_execute/u_branch_unit/taken_o0__23_carry__1/CO[3]
                         net (fo=1, unplaced)         0.000    10.589    u_cpu/u_execute/u_branch_unit/taken_o0__23_carry__1_n_0
                         CARRY4 (Prop_carry4_CI_CO[3])
                                                      0.117    10.706 r  u_cpu/u_execute/u_branch_unit/taken_o0__23_carry__2/CO[3]
                         net (fo=1, unplaced)         0.900    11.606    u_cpu/u_mem_wb_reg/imem_addr_next_o[13]_INST_0_i_9[0]
                         LUT5 (Prop_lut5_I0_O)        0.124    11.730 r  u_cpu/u_mem_wb_reg/imem_addr_next_o[13]_INST_0_i_18/O
                         net (fo=1, unplaced)         0.419    12.149    u_cpu/u_id_ex_reg/imem_addr_next_o[13]_INST_0_i_5_0
                         LUT6 (Prop_lut6_I2_O)        0.124    12.273 r  u_cpu/u_id_ex_reg/imem_addr_next_o[13]_INST_0_i_9/O
                         net (fo=1, unplaced)         0.449    12.722    u_cpu/u_id_ex_reg/u_pctrl/redirect_branch_s0
                         LUT2 (Prop_lut2_I1_O)        0.124    12.846 r  u_cpu/u_id_ex_reg/imem_addr_next_o[13]_INST_0_i_5/O
                         net (fo=36, unplaced)        0.523    13.369    u_cpu/u_id_ex_reg/u_pctrl/redirect_branch_s
                         LUT6 (Prop_lut6_I1_O)        0.124    13.493 r  u_cpu/u_id_ex_reg/imem_addr_next_o[3]_INST_0_i_5/O
                         net (fo=1, unplaced)         0.000    13.493    u_cpu/u_fetch/S[0]
                         CARRY4 (Prop_carry4_S[2]_CO[3])
                                                      0.380    13.873 r  u_cpu/u_fetch/imem_addr_next_o[3]_INST_0_i_2/CO[3]
                         net (fo=1, unplaced)         0.009    13.882    u_cpu/u_fetch/imem_addr_next_o[3]_INST_0_i_2_n_0
                         CARRY4 (Prop_carry4_CI_CO[3])
                                                      0.117    13.999 r  u_cpu/u_fetch/imem_addr_next_o[7]_INST_0_i_2/CO[3]
                         net (fo=1, unplaced)         0.000    13.999    u_cpu/u_fetch/imem_addr_next_o[7]_INST_0_i_2_n_0
                         CARRY4 (Prop_carry4_CI_O[3])
                                                      0.331    14.330 r  u_cpu/u_fetch/imem_addr_next_o[11]_INST_0_i_2/O[3]
                         net (fo=2, unplaced)         0.629    14.959    u_cpu/u_id_ex_reg/next_pc_s[11]
                         LUT6 (Prop_lut6_I3_O)        0.307    15.266 r  u_cpu/u_id_ex_reg/imem_addr_next_o[11]_INST_0/O
                         net (fo=1, unplaced)         0.800    16.066    u_imem/imem_addr_next_o[9]
                         RAMB18E1                                     r  u_imem/rdata_o_reg/ADDRARDADDR[11]
  -------------------------------------------------------------------    -------------------

                         (clock fluxcore_clk rise edge)
                                                     20.000    20.000 r  
    K17                                               0.000    20.000 r  clk (IN)
                         net (fo=0)                   0.000    20.000    clk
    K17                  IBUF (Prop_ibuf_I_O)         1.404    21.404 r  clk_IBUF_inst/O
                         net (fo=1, unplaced)         0.760    22.164    clk_IBUF
                         BUFG (Prop_bufg_I_O)         0.091    22.255 r  clk_IBUF_BUFG_inst/O
                         net (fo=2008, unplaced)      0.439    22.694    u_imem/CLK
                         RAMB18E1                                     r  u_imem/rdata_o_reg/CLKARDCLK
                         clock pessimism              0.120    22.815    
                         clock uncertainty           -0.035    22.779    
                         RAMB18E1 (Setup_ramb18e1_CLKARDCLK_ADDRARDADDR[11])
                                                     -0.566    22.213    u_imem/rdata_o_reg
  -------------------------------------------------------------------
                         required time                         22.213    
                         arrival time                         -16.066    
  -------------------------------------------------------------------
                         slack                                  6.147    





Min Delay Paths
--------------------------------------------------------------------------------------
Slack (MET) :             0.152ns  (arrival time - required time)
  Source:                 rst_sync_q_reg[0]/C
                            (rising edge-triggered cell FDRE clocked by fluxcore_clk  {rise@0.000ns fall@10.000ns period=20.000ns})
  Destination:            rst_sync_q_reg[1]/D
                            (rising edge-triggered cell FDRE clocked by fluxcore_clk  {rise@0.000ns fall@10.000ns period=20.000ns})
  Path Group:             fluxcore_clk
  Path Type:              Hold (Min at Fast Process Corner)
  Requirement:            0.000ns  (fluxcore_clk rise@0.000ns - fluxcore_clk rise@0.000ns)
  Data Path Delay:        0.288ns  (logic 0.147ns (51.079%)  route 0.141ns (48.921%))
  Logic Levels:           0  
  Clock Path Skew:        0.145ns (DCD - SCD - CPR)
    Destination Clock Delay (DCD):    1.073ns
    Source Clock Delay      (SCD):    0.720ns
    Clock Pessimism Removal (CPR):    0.209ns

    Location             Delay type                Incr(ns)  Path(ns)    Netlist Resource(s)
  -------------------------------------------------------------------    -------------------
                         (clock fluxcore_clk rise edge)
                                                      0.000     0.000 r  
    K17                                               0.000     0.000 r  clk (IN)
                         net (fo=0)                   0.000     0.000    clk
    K17                  IBUF (Prop_ibuf_I_O)         0.243     0.243 r  clk_IBUF_inst/O
                         net (fo=1, unplaced)         0.337     0.580    clk_IBUF
                         BUFG (Prop_bufg_I_O)         0.026     0.606 r  clk_IBUF_BUFG_inst/O
                         net (fo=2008, unplaced)      0.114     0.720    clk_IBUF_BUFG
                         FDRE                                         r  rst_sync_q_reg[0]/C
  -------------------------------------------------------------------    -------------------
                         FDRE (Prop_fdre_C_Q)         0.147     0.867 r  rst_sync_q_reg[0]/Q
                         net (fo=1, unplaced)         0.141     1.008    p_0_in[1]
                         FDRE                                         r  rst_sync_q_reg[1]/D
  -------------------------------------------------------------------    -------------------

                         (clock fluxcore_clk rise edge)
                                                      0.000     0.000 r  
    K17                                               0.000     0.000 r  clk (IN)
                         net (fo=0)                   0.000     0.000    clk
    K17                  IBUF (Prop_ibuf_I_O)         0.431     0.431 r  clk_IBUF_inst/O
                         net (fo=1, unplaced)         0.355     0.785    clk_IBUF
                         BUFG (Prop_bufg_I_O)         0.029     0.814 r  clk_IBUF_BUFG_inst/O
                         net (fo=2008, unplaced)      0.259     1.073    clk_IBUF_BUFG
                         FDRE                                         r  rst_sync_q_reg[1]/C
                         clock pessimism             -0.209     0.865    
                         FDRE (Hold_fdre_C_D)        -0.009     0.856    rst_sync_q_reg[1]
  -------------------------------------------------------------------
                         required time                         -0.856    
                         arrival time                           1.008    
  -------------------------------------------------------------------
                         slack                                  0.152    





Pulse Width Checks
--------------------------------------------------------------------------------------
Clock Name:         fluxcore_clk
Waveform(ns):       { 0.000 10.000 }
Period(ns):         20.000
Sources:            { clk }

Check Type        Corner  Lib Pin             Reference Pin  Required(ns)  Actual(ns)  Slack(ns)  Location  Pin
Min Period        n/a     RAMB18E1/CLKARDCLK  n/a            2.576         20.000      17.424               u_dmem/mem0_reg/CLKARDCLK
Low Pulse Width   Slow    FDRE/C              n/a            0.500         10.000      9.500                rst_sync_q_reg[0]/C
High Pulse Width  Slow    FDRE/C              n/a            0.500         10.000      9.500                rst_sync_q_reg[0]/C



