Copyright 1986-2022 Xilinx, Inc. All Rights Reserved. Copyright 2022-2023 Advanced Micro Devices, Inc. All Rights Reserved.
---------------------------------------------------------------------------------------------------------------------------------------------
| Tool Version : Vivado v.2023.1 (lin64) Build 3865809 Sun May  7 15:04:56 MDT 2023
| Date         : Tue Jun 30 04:57:48 2026
| Host         : lnx-141209 running 64-bit Ubuntu 24.04.4 LTS
| Command      : report_timing_summary -file /home/lnx-141209/Desktop/FluxCore/reports/implementation/fluxcore_soc_timing_summary_route.rpt
| Design       : fluxcore_soc
| Device       : 7z020-clg400
| Speed File   : -1  PRODUCTION 1.12 2019-11-22
| Design State : Routed
---------------------------------------------------------------------------------------------------------------------------------------------

Timing Summary Report

------------------------------------------------------------------------------------------------
| Timer Settings
| --------------
------------------------------------------------------------------------------------------------

  Enable Multi Corner Analysis               :  Yes
  Enable Pessimism Removal                   :  Yes
  Pessimism Removal Resolution               :  Nearest Common Node
  Enable Input Delay Default Clock           :  No
  Enable Preset / Clear Arcs                 :  No
  Disable Flight Delays                      :  No
  Ignore I/O Paths                           :  No
  Timing Early Launch at Borrowing Latches   :  No
  Borrow Time for Max Delay Exceptions       :  Yes
  Merge Timing Exceptions                    :  Yes

  Corner  Analyze    Analyze    
  Name    Max Paths  Min Paths  
  ------  ---------  ---------  
  Slow    Yes        Yes        
  Fast    Yes        Yes        


------------------------------------------------------------------------------------------------
| Report Methodology
| ------------------
------------------------------------------------------------------------------------------------

No report available as report_methodology has not been run prior. Run report_methodology on the current design for the summary of methodology violations.



check_timing report

Table of Contents
-----------------
1. checking no_clock (0)
2. checking constant_clock (0)
3. checking pulse_width_clock (0)
4. checking unconstrained_internal_endpoints (0)
5. checking no_input_delay (0)
6. checking no_output_delay (0)
7. checking multiple_clock (0)
8. checking generated_clocks (0)
9. checking loops (0)
10. checking partial_input_delay (0)
11. checking partial_output_delay (0)
12. checking latch_loops (0)

1. checking no_clock (0)
------------------------
 There are 0 register/latch pins with no clock.


2. checking constant_clock (0)
------------------------------
 There are 0 register/latch pins with constant_clock.


3. checking pulse_width_clock (0)
---------------------------------
 There are 0 register/latch pins which need pulse_width check


4. checking unconstrained_internal_endpoints (0)
------------------------------------------------
 There are 0 pins that are not constrained for maximum delay.

 There are 0 pins that are not constrained for maximum delay due to constant clock.


5. checking no_input_delay (0)
------------------------------
 There are 0 input ports with no input delay specified.

 There are 0 input ports with no input delay but user has a false path constraint.


6. checking no_output_delay (0)
-------------------------------
 There are 0 ports with no output delay specified.

 There are 0 ports with no output delay but user has a false path constraint

 There are 0 ports with no output delay but with a timing clock defined on it or propagating through it


7. checking multiple_clock (0)
------------------------------
 There are 0 register/latch pins with multiple clocks.


8. checking generated_clocks (0)
--------------------------------
 There are 0 generated clocks that are not connected to a clock source.


9. checking loops (0)
---------------------
 There are 0 combinational loops in the design.


10. checking partial_input_delay (0)
------------------------------------
 There are 0 input ports with partial input delay specified.


11. checking partial_output_delay (0)
-------------------------------------
 There are 0 ports with partial output delay specified.


12. checking latch_loops (0)
----------------------------
 There are 0 combinational latch loops in the design through latch input



------------------------------------------------------------------------------------------------
| Design Timing Summary
| ---------------------
------------------------------------------------------------------------------------------------

    WNS(ns)      TNS(ns)  TNS Failing Endpoints  TNS Total Endpoints      WHS(ns)      THS(ns)  THS Failing Endpoints  THS Total Endpoints     WPWS(ns)     TPWS(ns)  TPWS Failing Endpoints  TPWS Total Endpoints  
    -------      -------  ---------------------  -------------------      -------      -------  ---------------------  -------------------     --------     --------  ----------------------  --------------------  
      3.780        0.000                      0                 5153        0.106        0.000                      0                 5153        9.500        0.000                       0                  2009  


All user specified timing constraints are met.


------------------------------------------------------------------------------------------------
| Clock Summary
| -------------
------------------------------------------------------------------------------------------------

Clock         Waveform(ns)       Period(ns)      Frequency(MHz)
-----         ------------       ----------      --------------
fluxcore_clk  {0.000 10.000}     20.000          50.000          


------------------------------------------------------------------------------------------------
| Intra Clock Table
| -----------------
------------------------------------------------------------------------------------------------

Clock             WNS(ns)      TNS(ns)  TNS Failing Endpoints  TNS Total Endpoints      WHS(ns)      THS(ns)  THS Failing Endpoints  THS Total Endpoints     WPWS(ns)     TPWS(ns)  TPWS Failing Endpoints  TPWS Total Endpoints  
-----             -------      -------  ---------------------  -------------------      -------      -------  ---------------------  -------------------     --------     --------  ----------------------  --------------------  
fluxcore_clk        3.780        0.000                      0                 5153        0.106        0.000                      0                 5153        9.500        0.000                       0                  2009  


------------------------------------------------------------------------------------------------
| Inter Clock Table
| -----------------
------------------------------------------------------------------------------------------------

From Clock    To Clock          WNS(ns)      TNS(ns)  TNS Failing Endpoints  TNS Total Endpoints      WHS(ns)      THS(ns)  THS Failing Endpoints  THS Total Endpoints  
----------    --------          -------      -------  ---------------------  -------------------      -------      -------  ---------------------  -------------------  


------------------------------------------------------------------------------------------------
| Other Path Groups Table
| -----------------------
------------------------------------------------------------------------------------------------

Path Group    From Clock    To Clock          WNS(ns)      TNS(ns)  TNS Failing Endpoints  TNS Total Endpoints      WHS(ns)      THS(ns)  THS Failing Endpoints  THS Total Endpoints  
----------    ----------    --------          -------      -------  ---------------------  -------------------      -------      -------  ---------------------  -------------------  


------------------------------------------------------------------------------------------------
| Timing Details
| --------------
------------------------------------------------------------------------------------------------


---------------------------------------------------------------------------------------------------
From Clock:  fluxcore_clk
  To Clock:  fluxcore_clk

Setup :            0  Failing Endpoints,  Worst Slack        3.780ns,  Total Violation        0.000ns
Hold  :            0  Failing Endpoints,  Worst Slack        0.106ns,  Total Violation        0.000ns
PW    :            0  Failing Endpoints,  Worst Slack        9.500ns,  Total Violation        0.000ns
---------------------------------------------------------------------------------------------------


Max Delay Paths
--------------------------------------------------------------------------------------
Slack (MET) :             3.780ns  (required time - arrival time)
  Source:                 u_dmem/mem0_reg/CLKARDCLK
                            (rising edge-triggered cell RAMB18E1 clocked by fluxcore_clk  {rise@0.000ns fall@10.000ns period=20.000ns})
  Destination:            u_imem/rdata_o_reg/ADDRARDADDR[13]
                            (rising edge-triggered cell RAMB18E1 clocked by fluxcore_clk  {rise@0.000ns fall@10.000ns period=20.000ns})
  Path Group:             fluxcore_clk
  Path Type:              Setup (Max at Slow Process Corner)
  Requirement:            20.000ns  (fluxcore_clk rise@20.000ns - fluxcore_clk rise@0.000ns)
  Data Path Delay:        15.579ns  (logic 5.583ns (35.836%)  route 9.996ns (64.164%))
  Logic Levels:           15  (CARRY4=5 LUT2=1 LUT4=2 LUT6=7)
  Clock Path Skew:        -0.039ns (DCD - SCD + CPR)
    Destination Clock Delay (DCD):    5.595ns = ( 25.595 - 20.000 ) 
    Source Clock Delay      (SCD):    6.112ns
    Clock Pessimism Removal (CPR):    0.478ns
  Clock Uncertainty:      0.035ns  ((TSJ^2 + TIJ^2)^1/2 + DJ) / 2 + PE
    Total System Jitter     (TSJ):    0.071ns
    Total Input Jitter      (TIJ):    0.000ns
    Discrete Jitter          (DJ):    0.000ns
    Phase Error              (PE):    0.000ns

    Location             Delay type                Incr(ns)  Path(ns)    Netlist Resource(s)
  -------------------------------------------------------------------    -------------------
                         (clock fluxcore_clk rise edge)
                                                      0.000     0.000 r  
    K17                                               0.000     0.000 r  clk (IN)
                         net (fo=0)                   0.000     0.000    clk
    K17                  IBUF (Prop_ibuf_I_O)         1.475     1.475 r  clk_IBUF_inst/O
                         net (fo=1, routed)           2.522     3.997    clk_IBUF
    BUFGCTRL_X0Y16       BUFG (Prop_bufg_I_O)         0.101     4.098 r  clk_IBUF_BUFG_inst/O
                         net (fo=2008, routed)        2.014     6.112    u_dmem/clk
    RAMB18_X4Y42         RAMB18E1                                     r  u_dmem/mem0_reg/CLKARDCLK
  -------------------------------------------------------------------    -------------------
    RAMB18_X4Y42         RAMB18E1 (Prop_ramb18e1_CLKARDCLK_DOADO[7])
                                                      2.454     8.566 f  u_dmem/mem0_reg/DOADO[7]
                         net (fo=6, routed)           1.581    10.147    u_cpu/u_mem_wb_reg/dmem_rdata_i[7]
    SLICE_X98Y114        LUT6 (Prop_lut6_I1_O)        0.124    10.271 f  u_cpu/u_mem_wb_reg/retire_o[rd_data][31]_INST_0_i_5/O
                         net (fo=25, routed)          1.252    11.523    u_cpu/u_mem_wb_reg/retire_o[rd_data][31]_INST_0_i_5_n_0
    SLICE_X98Y131        LUT6 (Prop_lut6_I0_O)        0.124    11.647 f  u_cpu/u_mem_wb_reg/retire_o[rd_data][24]_INST_0_i_1/O
                         net (fo=1, routed)           0.446    12.093    u_cpu/u_mem_wb_reg/retire_o[rd_data][24]_INST_0_i_1_n_0
    SLICE_X97Y132        LUT6 (Prop_lut6_I0_O)        0.124    12.217 f  u_cpu/u_mem_wb_reg/retire_o[rd_data][24]_INST_0/O
                         net (fo=35, routed)          0.771    12.988    u_cpu/u_mem_wb_reg/mem3_reg
    SLICE_X104Y133       LUT6 (Prop_lut6_I3_O)        0.124    13.112 f  u_cpu/u_mem_wb_reg/taken_o0_carry__1_i_18/O
                         net (fo=12, routed)          0.955    14.067    u_cpu/u_mem_wb_reg/q_o_reg[rs1_data][30][24]
    SLICE_X100Y128       LUT4 (Prop_lut4_I1_O)        0.124    14.191 r  u_cpu/u_mem_wb_reg/taken_o0__23_carry__2_i_4/O
                         net (fo=2, routed)           0.524    14.715    u_cpu/u_execute/u_branch_unit/imem_addr_next_o[13]_INST_0_i_18_1[0]
    SLICE_X98Y128        CARRY4 (Prop_carry4_DI[0]_CO[3])
                                                      0.550    15.265 r  u_cpu/u_execute/u_branch_unit/taken_o0__55_carry__2/CO[3]
                         net (fo=1, routed)           1.062    16.326    u_cpu/u_id_ex_reg/imem_addr_next_o[13]_INST_0_i_9_0[0]
    SLICE_X96Y130        LUT4 (Prop_lut4_I1_O)        0.124    16.450 r  u_cpu/u_id_ex_reg/imem_addr_next_o[13]_INST_0_i_19/O
                         net (fo=1, routed)           0.565    17.015    u_cpu/u_id_ex_reg/imem_addr_next_o[13]_INST_0_i_19_n_0
    SLICE_X93Y130        LUT6 (Prop_lut6_I3_O)        0.124    17.139 r  u_cpu/u_id_ex_reg/imem_addr_next_o[13]_INST_0_i_9/O
                         net (fo=1, routed)           0.567    17.706    u_cpu/u_id_ex_reg/u_pctrl/redirect_branch_s0
    SLICE_X90Y130        LUT2 (Prop_lut2_I1_O)        0.117    17.823 r  u_cpu/u_id_ex_reg/imem_addr_next_o[13]_INST_0_i_5/O
                         net (fo=36, routed)          1.027    18.850    u_cpu/u_id_ex_reg/u_pctrl/redirect_branch_s
    SLICE_X89Y121        LUT6 (Prop_lut6_I1_O)        0.331    19.181 r  u_cpu/u_id_ex_reg/imem_addr_next_o[3]_INST_0_i_5/O
                         net (fo=1, routed)           0.000    19.181    u_cpu/u_fetch/S[0]
    SLICE_X89Y121        CARRY4 (Prop_carry4_S[2]_CO[3])
                                                      0.398    19.579 r  u_cpu/u_fetch/imem_addr_next_o[3]_INST_0_i_2/CO[3]
                         net (fo=1, routed)           0.000    19.579    u_cpu/u_fetch/imem_addr_next_o[3]_INST_0_i_2_n_0
    SLICE_X89Y122        CARRY4 (Prop_carry4_CI_CO[3])
                                                      0.114    19.693 r  u_cpu/u_fetch/imem_addr_next_o[7]_INST_0_i_2/CO[3]
                         net (fo=1, routed)           0.000    19.693    u_cpu/u_fetch/imem_addr_next_o[7]_INST_0_i_2_n_0
    SLICE_X89Y123        CARRY4 (Prop_carry4_CI_CO[3])
                                                      0.114    19.807 r  u_cpu/u_fetch/imem_addr_next_o[11]_INST_0_i_2/CO[3]
                         net (fo=1, routed)           0.000    19.807    u_cpu/u_fetch/imem_addr_next_o[11]_INST_0_i_2_n_0
    SLICE_X89Y124        CARRY4 (Prop_carry4_CI_O[1])
                                                      0.334    20.141 r  u_cpu/u_fetch/imem_addr_next_o[13]_INST_0_i_2/O[1]
                         net (fo=2, routed)           0.580    20.721    u_cpu/u_id_ex_reg/next_pc_s[13]
    SLICE_X87Y124        LUT6 (Prop_lut6_I3_O)        0.303    21.024 r  u_cpu/u_id_ex_reg/imem_addr_next_o[13]_INST_0/O
                         net (fo=1, routed)           0.668    21.692    u_imem/imem_addr_next_o[11]
    RAMB18_X4Y48         RAMB18E1                                     r  u_imem/rdata_o_reg/ADDRARDADDR[13]
  -------------------------------------------------------------------    -------------------

                         (clock fluxcore_clk rise edge)
                                                     20.000    20.000 r  
    K17                                               0.000    20.000 r  clk (IN)
                         net (fo=0)                   0.000    20.000    clk
    K17                  IBUF (Prop_ibuf_I_O)         1.404    21.404 r  clk_IBUF_inst/O
                         net (fo=1, routed)           2.293    23.697    clk_IBUF
    BUFGCTRL_X0Y16       BUFG (Prop_bufg_I_O)         0.091    23.788 r  clk_IBUF_BUFG_inst/O
                         net (fo=2008, routed)        1.807    25.595    u_imem/CLK
    RAMB18_X4Y48         RAMB18E1                                     r  u_imem/rdata_o_reg/CLKARDCLK
                         clock pessimism              0.478    26.073    
                         clock uncertainty           -0.035    26.038    
    RAMB18_X4Y48         RAMB18E1 (Setup_ramb18e1_CLKARDCLK_ADDRARDADDR[13])
                                                     -0.566    25.472    u_imem/rdata_o_reg
  -------------------------------------------------------------------
                         required time                         25.472    
                         arrival time                         -21.692    
  -------------------------------------------------------------------
                         slack                                  3.780    





Min Delay Paths
--------------------------------------------------------------------------------------
Slack (MET) :             0.106ns  (arrival time - required time)
  Source:                 u_cpu/u_id_ex_reg/q_o_reg[instr][1]/C
                            (rising edge-triggered cell FDRE clocked by fluxcore_clk  {rise@0.000ns fall@10.000ns period=20.000ns})
  Destination:            u_cpu/u_ex_mem_reg/q_o_reg[instr][1]/D
                            (rising edge-triggered cell FDRE clocked by fluxcore_clk  {rise@0.000ns fall@10.000ns period=20.000ns})
  Path Group:             fluxcore_clk
  Path Type:              Hold (Min at Fast Process Corner)
  Requirement:            0.000ns  (fluxcore_clk rise@0.000ns - fluxcore_clk rise@0.000ns)
  Data Path Delay:        0.195ns  (logic 0.141ns (72.269%)  route 0.054ns (27.731%))
  Logic Levels:           0  
  Clock Path Skew:        0.013ns (DCD - SCD - CPR)
    Destination Clock Delay (DCD):    2.297ns
    Source Clock Delay      (SCD):    1.768ns
    Clock Pessimism Removal (CPR):    0.515ns

    Location             Delay type                Incr(ns)  Path(ns)    Netlist Resource(s)
  -------------------------------------------------------------------    -------------------
                         (clock fluxcore_clk rise edge)
                                                      0.000     0.000 r  
    K17                                               0.000     0.000 r  clk (IN)
                         net (fo=0)                   0.000     0.000    clk
    K17                  IBUF (Prop_ibuf_I_O)         0.243     0.243 r  clk_IBUF_inst/O
                         net (fo=1, routed)           0.842     1.084    clk_IBUF
    BUFGCTRL_X0Y16       BUFG (Prop_bufg_I_O)         0.026     1.110 r  clk_IBUF_BUFG_inst/O
                         net (fo=2008, routed)        0.658     1.768    u_cpu/u_id_ex_reg/clk
    SLICE_X67Y137        FDRE                                         r  u_cpu/u_id_ex_reg/q_o_reg[instr][1]/C
  -------------------------------------------------------------------    -------------------
    SLICE_X67Y137        FDRE (Prop_fdre_C_Q)         0.141     1.909 r  u_cpu/u_id_ex_reg/q_o_reg[instr][1]/Q
                         net (fo=1, routed)           0.054     1.964    u_cpu/u_ex_mem_reg/id_ex_q[instr][1]
    SLICE_X66Y137        FDRE                                         r  u_cpu/u_ex_mem_reg/q_o_reg[instr][1]/D
  -------------------------------------------------------------------    -------------------

                         (clock fluxcore_clk rise edge)
                                                      0.000     0.000 r  
    K17                                               0.000     0.000 r  clk (IN)
                         net (fo=0)                   0.000     0.000    clk
    K17                  IBUF (Prop_ibuf_I_O)         0.431     0.431 r  clk_IBUF_inst/O
                         net (fo=1, routed)           0.907     1.338    clk_IBUF
    BUFGCTRL_X0Y16       BUFG (Prop_bufg_I_O)         0.029     1.367 r  clk_IBUF_BUFG_inst/O
                         net (fo=2008, routed)        0.930     2.297    u_cpu/u_ex_mem_reg/clk
    SLICE_X66Y137        FDRE                                         r  u_cpu/u_ex_mem_reg/q_o_reg[instr][1]/C
                         clock pessimism             -0.515     1.781    
    SLICE_X66Y137        FDRE (Hold_fdre_C_D)         0.076     1.857    u_cpu/u_ex_mem_reg/q_o_reg[instr][1]
  -------------------------------------------------------------------
                         required time                         -1.857    
                         arrival time                           1.964    
  -------------------------------------------------------------------
                         slack                                  0.106    





Pulse Width Checks
--------------------------------------------------------------------------------------
Clock Name:         fluxcore_clk
Waveform(ns):       { 0.000 10.000 }
Period(ns):         20.000
Sources:            { clk }

Check Type        Corner  Lib Pin             Reference Pin  Required(ns)  Actual(ns)  Slack(ns)  Location        Pin
Min Period        n/a     RAMB18E1/CLKARDCLK  n/a            2.576         20.000      17.424     RAMB18_X4Y42    u_dmem/mem0_reg/CLKARDCLK
Low Pulse Width   Slow    FDRE/C              n/a            0.500         10.000      9.500      SLICE_X101Y138  rst_sync_q_reg[0]/C
High Pulse Width  Slow    FDRE/C              n/a            0.500         10.000      9.500      SLICE_X101Y138  rst_sync_q_reg[0]/C



