[32m    INFO[0m | [32m****** RISCOF: RISC-V Architectural Test Framework 1.25.3 *******[0m
[32m    INFO[0m | [32musing riscv_isac version : 0.18.0[0m
[32m    INFO[0m | [32musing riscv_config version : 3.18.3[0m
[32m    INFO[0m | [32mReading configuration from: /home/lnx-141209/Desktop/FluxCore/verification/riscof/config.ini[0m
[32m    INFO[0m | [32mPreparing Models[0m
[32m    INFO[0m | [32mInput-ISA file[0m
[32m    INFO[0m | [32mISACheck: Loading input file: /home/lnx-141209/Desktop/FluxCore/verification/riscof/fluxcore/fluxcore_isa.yaml[0m
[32m    INFO[0m | [32mISACheck: Load Schema /home/lnx-141209/Desktop/FluxCore/.venv/lib/python3.13/site-packages/riscv_config/schemas/schema_isa.yaml[0m
[32m    INFO[0m | [32mISACheck: Processing Hart:0[0m
[32m    INFO[0m | [32mISACheck: Initiating Validation for Hart:0[0m
[32m    INFO[0m | [32mISACheck: No errors for Hart:0[0m
[32m    INFO[0m | [32mISACheck:  Updating fields node for each CSR in Hart:0[0m
[32m    INFO[0m | [32mISACheck: Dumping out Normalized Checked YAML: /home/lnx-141209/Desktop/FluxCore/verification/riscof/riscof_work/fluxcore_isa_checked.yaml[0m
[32m    INFO[0m | [32mInput-Platform file[0m
[32m    INFO[0m | [32mLoading input file: /home/lnx-141209/Desktop/FluxCore/verification/riscof/fluxcore/fluxcore_platform.yaml[0m
[32m    INFO[0m | [32mLoad Schema /home/lnx-141209/Desktop/FluxCore/.venv/lib/python3.13/site-packages/riscv_config/schemas/schema_platform.yaml[0m
[32m    INFO[0m | [32mInitiating Validation[0m
[32m    INFO[0m | [32mNo Syntax errors in Input Platform Yaml. :)[0m
[32m    INFO[0m | [32mDumping out Normalized Checked YAML: /home/lnx-141209/Desktop/FluxCore/verification/riscof/riscof_work/fluxcore_platform_checked.yaml[0m
[32m    INFO[0m | [32mGenerating database for suite: /home/lnx-141209/Desktop/FluxCore/verification/riscof/riscv-arch-test/riscv-test-suite/rv32i_m/F[0m
[32m    INFO[0m | [32mDatabase File Generated: /home/lnx-141209/Desktop/FluxCore/verification/riscof/riscof_work/database.yaml[0m
[32m    INFO[0m | [32mEnv path set to/home/lnx-141209/Desktop/FluxCore/verification/riscof/riscv-arch-test/riscv-test-suite/env[0m
[32m    INFO[0m | [32mRunning Build for DUT[0m
[32m    INFO[0m | [32mRunning Build for Reference[0m
[32m    INFO[0m | [32mSelecting Tests.[0m
[32m    INFO[0m | [32mRunning Tests on DUT.[0m
[32m    INFO[0m | [32mRunning Tests on Reference Model.[0m
[32m    INFO[0m | [32mInitiating signature checking.[0m
[32m    INFO[0m | [32mFollowing 342 tests have been run :
[0m
[32m    INFO[0m | [32mTEST NAME                                          : COMMIT ID                                : STATUS[0m
[32m    INFO[0m | [32m/home/lnx-141209/Desktop/FluxCore/verification/riscof/riscv-arch-test/riscv-test-suite/rv32i_m/F/src/fadd_b1-01.S : 0810992fae7cc5ecd844ff07aed8d3b67750b792 : Passed[0m
[32m    INFO[0m | [32m/home/lnx-141209/Desktop/FluxCore/verification/riscof/riscv-arch-test/riscv-test-suite/rv32i_m/F/src/fadd_b10-01.S : 0810992fae7cc5ecd844ff07aed8d3b67750b792 : Passed[0m
[32m    INFO[0m | [32m/home/lnx-141209/Desktop/FluxCore/verification/riscof/riscv-arch-test/riscv-test-suite/rv32i_m/F/src/fadd_b11-01.S : 0810992fae7cc5ecd844ff07aed8d3b67750b792 : Passed[0m
[32m    INFO[0m | [32m/home/lnx-141209/Desktop/FluxCore/verification/riscof/riscv-arch-test/riscv-test-suite/rv32i_m/F/src/fadd_b12-01.S : 0810992fae7cc5ecd844ff07aed8d3b67750b792 : Passed[0m
[32m    INFO[0m | [32m/home/lnx-141209/Desktop/FluxCore/verification/riscof/riscv-arch-test/riscv-test-suite/rv32i_m/F/src/fadd_b13-01.S : 0810992fae7cc5ecd844ff07aed8d3b67750b792 : Passed[0m
[32m    INFO[0m | [32m/home/lnx-141209/Desktop/FluxCore/verification/riscof/riscv-arch-test/riscv-test-suite/rv32i_m/F/src/fadd_b2-01.S : 0810992fae7cc5ecd844ff07aed8d3b67750b792 : Passed[0m
[1;31m   ERROR[0m | [1;31m/home/lnx-141209/Desktop/FluxCore/verification/riscof/riscv-arch-test/riscv-test-suite/rv32i_m/F/src/fadd_b3-01.S : 0810992fae7cc5ecd844ff07aed8d3b67750b792 : Failed[0m
[1;31m   ERROR[0m | [1;31m/home/lnx-141209/Desktop/FluxCore/verification/riscof/riscv-arch-test/riscv-test-suite/rv32i_m/F/src/fadd_b4-01.S : 0810992fae7cc5ecd844ff07aed8d3b67750b792 : Failed[0m
[1;31m   ERROR[0m | [1;31m/home/lnx-141209/Desktop/FluxCore/verification/riscof/riscv-arch-test/riscv-test-suite/rv32i_m/F/src/fadd_b5-01.S : 0810992fae7cc5ecd844ff07aed8d3b67750b792 : Failed[0m
[32m    INFO[0m | [32m/home/lnx-141209/Desktop/FluxCore/verification/riscof/riscv-arch-test/riscv-test-suite/rv32i_m/F/src/fadd_b7-01.S : 0810992fae7cc5ecd844ff07aed8d3b67750b792 : Passed[0m
[1;31m   ERROR[0m | [1;31m/home/lnx-141209/Desktop/FluxCore/verification/riscof/riscv-arch-test/riscv-test-suite/rv32i_m/F/src/fadd_b8-01.S : 0810992fae7cc5ecd844ff07aed8d3b67750b792 : Failed[0m
[32m    INFO[0m | [32m/home/lnx-141209/Desktop/FluxCore/verification/riscof/riscv-arch-test/riscv-test-suite/rv32i_m/F/src/fclass_b1-01.S : 0810992fae7cc5ecd844ff07aed8d3b67750b792 : Passed[0m
[32m    INFO[0m | [32m/home/lnx-141209/Desktop/FluxCore/verification/riscof/riscv-arch-test/riscv-test-suite/rv32i_m/F/src/fcvt.s.w_b25-01.S : 752c0fb721b9ab264682d491283d98813f95e45b : Passed[0m
[32m    INFO[0m | [32m/home/lnx-141209/Desktop/FluxCore/verification/riscof/riscv-arch-test/riscv-test-suite/rv32i_m/F/src/fcvt.s.w_b26-01.S : 752c0fb721b9ab264682d491283d98813f95e45b : Passed[0m
[32m    INFO[0m | [32m/home/lnx-141209/Desktop/FluxCore/verification/riscof/riscv-arch-test/riscv-test-suite/rv32i_m/F/src/fcvt.s.wu_b25-01.S : 752c0fb721b9ab264682d491283d98813f95e45b : Passed[0m
[32m    INFO[0m | [32m/home/lnx-141209/Desktop/FluxCore/verification/riscof/riscv-arch-test/riscv-test-suite/rv32i_m/F/src/fcvt.s.wu_b26-01.S : 752c0fb721b9ab264682d491283d98813f95e45b : Passed[0m
[32m    INFO[0m | [32m/home/lnx-141209/Desktop/FluxCore/verification/riscof/riscv-arch-test/riscv-test-suite/rv32i_m/F/src/fcvt.w.s_b1-01.S : 0810992fae7cc5ecd844ff07aed8d3b67750b792 : Passed[0m
[32m    INFO[0m | [32m/home/lnx-141209/Desktop/FluxCore/verification/riscof/riscv-arch-test/riscv-test-suite/rv32i_m/F/src/fcvt.w.s_b22-01.S : 0810992fae7cc5ecd844ff07aed8d3b67750b792 : Passed[0m
[32m    INFO[0m | [32m/home/lnx-141209/Desktop/FluxCore/verification/riscof/riscv-arch-test/riscv-test-suite/rv32i_m/F/src/fcvt.w.s_b23-01.S : 0810992fae7cc5ecd844ff07aed8d3b67750b792 : Passed[0m
[1;31m   ERROR[0m | [1;31m/home/lnx-141209/Desktop/FluxCore/verification/riscof/riscv-arch-test/riscv-test-suite/rv32i_m/F/src/fcvt.w.s_b24-01.S : 0810992fae7cc5ecd844ff07aed8d3b67750b792 : Failed[0m
[32m    INFO[0m | [32m/home/lnx-141209/Desktop/FluxCore/verification/riscof/riscv-arch-test/riscv-test-suite/rv32i_m/F/src/fcvt.w.s_b27-01.S : 0810992fae7cc5ecd844ff07aed8d3b67750b792 : Passed[0m
[32m    INFO[0m | [32m/home/lnx-141209/Desktop/FluxCore/verification/riscof/riscv-arch-test/riscv-test-suite/rv32i_m/F/src/fcvt.w.s_b28-01.S : 0810992fae7cc5ecd844ff07aed8d3b67750b792 : Passed[0m
[1;31m   ERROR[0m | [1;31m/home/lnx-141209/Desktop/FluxCore/verification/riscof/riscv-arch-test/riscv-test-suite/rv32i_m/F/src/fcvt.w.s_b29-01.S : 0810992fae7cc5ecd844ff07aed8d3b67750b792 : Failed[0m
[32m    INFO[0m | [32m/home/lnx-141209/Desktop/FluxCore/verification/riscof/riscv-arch-test/riscv-test-suite/rv32i_m/F/src/fcvt.wu.s_b1-01.S : 0810992fae7cc5ecd844ff07aed8d3b67750b792 : Passed[0m
[32m    INFO[0m | [32m/home/lnx-141209/Desktop/FluxCore/verification/riscof/riscv-arch-test/riscv-test-suite/rv32i_m/F/src/fcvt.wu.s_b22-01.S : 0810992fae7cc5ecd844ff07aed8d3b67750b792 : Passed[0m
[32m    INFO[0m | [32m/home/lnx-141209/Desktop/FluxCore/verification/riscof/riscv-arch-test/riscv-test-suite/rv32i_m/F/src/fcvt.wu.s_b23-01.S : 0810992fae7cc5ecd844ff07aed8d3b67750b792 : Passed[0m
[1;31m   ERROR[0m | [1;31m/home/lnx-141209/Desktop/FluxCore/verification/riscof/riscv-arch-test/riscv-test-suite/rv32i_m/F/src/fcvt.wu.s_b24-01.S : 0810992fae7cc5ecd844ff07aed8d3b67750b792 : Failed[0m
[32m    INFO[0m | [32m/home/lnx-141209/Desktop/FluxCore/verification/riscof/riscv-arch-test/riscv-test-suite/rv32i_m/F/src/fcvt.wu.s_b27-01.S : 0810992fae7cc5ecd844ff07aed8d3b67750b792 : Passed[0m
[32m    INFO[0m | [32m/home/lnx-141209/Desktop/FluxCore/verification/riscof/riscv-arch-test/riscv-test-suite/rv32i_m/F/src/fcvt.wu.s_b28-01.S : 0810992fae7cc5ecd844ff07aed8d3b67750b792 : Passed[0m
[1;31m   ERROR[0m | [1;31m/home/lnx-141209/Desktop/FluxCore/verification/riscof/riscv-arch-test/riscv-test-suite/rv32i_m/F/src/fcvt.wu.s_b29-01.S : 0810992fae7cc5ecd844ff07aed8d3b67750b792 : Failed[0m
[32m    INFO[0m | [32m/home/lnx-141209/Desktop/FluxCore/verification/riscof/riscv-arch-test/riscv-test-suite/rv32i_m/F/src/fdiv_b1-01.S : 0810992fae7cc5ecd844ff07aed8d3b67750b792 : Passed[0m
[32m    INFO[0m | [32m/home/lnx-141209/Desktop/FluxCore/verification/riscof/riscv-arch-test/riscv-test-suite/rv32i_m/F/src/fdiv_b2-01.S : 0810992fae7cc5ecd844ff07aed8d3b67750b792 : Passed[0m
[32m    INFO[0m | [32m/home/lnx-141209/Desktop/FluxCore/verification/riscof/riscv-arch-test/riscv-test-suite/rv32i_m/F/src/fdiv_b20-01.S : 0810992fae7cc5ecd844ff07aed8d3b67750b792 : Passed[0m
[32m    INFO[0m | [32m/home/lnx-141209/Desktop/FluxCore/verification/riscof/riscv-arch-test/riscv-test-suite/rv32i_m/F/src/fdiv_b21-01.S : 0810992fae7cc5ecd844ff07aed8d3b67750b792 : Passed[0m
[32m    INFO[0m | [32m/home/lnx-141209/Desktop/FluxCore/verification/riscof/riscv-arch-test/riscv-test-suite/rv32i_m/F/src/fdiv_b3-01.S : 0810992fae7cc5ecd844ff07aed8d3b67750b792 : Passed[0m
[32m    INFO[0m | [32m/home/lnx-141209/Desktop/FluxCore/verification/riscof/riscv-arch-test/riscv-test-suite/rv32i_m/F/src/fdiv_b4-01.S : 0810992fae7cc5ecd844ff07aed8d3b67750b792 : Passed[0m
[32m    INFO[0m | [32m/home/lnx-141209/Desktop/FluxCore/verification/riscof/riscv-arch-test/riscv-test-suite/rv32i_m/F/src/fdiv_b5-01.S : 0810992fae7cc5ecd844ff07aed8d3b67750b792 : Passed[0m
[32m    INFO[0m | [32m/home/lnx-141209/Desktop/FluxCore/verification/riscof/riscv-arch-test/riscv-test-suite/rv32i_m/F/src/fdiv_b6-01.S : 0810992fae7cc5ecd844ff07aed8d3b67750b792 : Passed[0m
[32m    INFO[0m | [32m/home/lnx-141209/Desktop/FluxCore/verification/riscof/riscv-arch-test/riscv-test-suite/rv32i_m/F/src/fdiv_b7-01.S : 0810992fae7cc5ecd844ff07aed8d3b67750b792 : Passed[0m
[32m    INFO[0m | [32m/home/lnx-141209/Desktop/FluxCore/verification/riscof/riscv-arch-test/riscv-test-suite/rv32i_m/F/src/fdiv_b8-01.S : 0810992fae7cc5ecd844ff07aed8d3b67750b792 : Passed[0m
[32m    INFO[0m | [32m/home/lnx-141209/Desktop/FluxCore/verification/riscof/riscv-arch-test/riscv-test-suite/rv32i_m/F/src/fdiv_b9-01.S : 0810992fae7cc5ecd844ff07aed8d3b67750b792 : Passed[0m
[32m    INFO[0m | [32m/home/lnx-141209/Desktop/FluxCore/verification/riscof/riscv-arch-test/riscv-test-suite/rv32i_m/F/src/feq_b1-01.S : 0810992fae7cc5ecd844ff07aed8d3b67750b792 : Passed[0m
[32m    INFO[0m | [32m/home/lnx-141209/Desktop/FluxCore/verification/riscof/riscv-arch-test/riscv-test-suite/rv32i_m/F/src/feq_b19-01.S : 0810992fae7cc5ecd844ff07aed8d3b67750b792 : Passed[0m
[32m    INFO[0m | [32m/home/lnx-141209/Desktop/FluxCore/verification/riscof/riscv-arch-test/riscv-test-suite/rv32i_m/F/src/fle_b1-01.S : 0810992fae7cc5ecd844ff07aed8d3b67750b792 : Passed[0m
[32m    INFO[0m | [32m/home/lnx-141209/Desktop/FluxCore/verification/riscof/riscv-arch-test/riscv-test-suite/rv32i_m/F/src/fle_b19-01.S : 0810992fae7cc5ecd844ff07aed8d3b67750b792 : Passed[0m
[32m    INFO[0m | [32m/home/lnx-141209/Desktop/FluxCore/verification/riscof/riscv-arch-test/riscv-test-suite/rv32i_m/F/src/flt_b1-01.S : 0810992fae7cc5ecd844ff07aed8d3b67750b792 : Passed[0m
[32m    INFO[0m | [32m/home/lnx-141209/Desktop/FluxCore/verification/riscof/riscv-arch-test/riscv-test-suite/rv32i_m/F/src/flt_b19-01.S : 0810992fae7cc5ecd844ff07aed8d3b67750b792 : Passed[0m
[32m    INFO[0m | [32m/home/lnx-141209/Desktop/FluxCore/verification/riscof/riscv-arch-test/riscv-test-suite/rv32i_m/F/src/flw-align-01.S : 752c0fb721b9ab264682d491283d98813f95e45b : Passed[0m
[1;31m   ERROR[0m | [1;31m/home/lnx-141209/Desktop/FluxCore/verification/riscof/riscv-arch-test/riscv-test-suite/rv32i_m/F/src/fmadd_b1-01.S : 752c0fb721b9ab264682d491283d98813f95e45b : Failed[0m
[32m    INFO[0m | [32m/home/lnx-141209/Desktop/FluxCore/verification/riscof/riscv-arch-test/riscv-test-suite/rv32i_m/F/src/fmadd_b14-01.S : 752c0fb721b9ab264682d491283d98813f95e45b : Passed[0m
[32m    INFO[0m | [32m/home/lnx-141209/Desktop/FluxCore/verification/riscof/riscv-arch-test/riscv-test-suite/rv32i_m/F/src/fmadd_b15/fmadd_b15-001.S : 0810992fae7cc5ecd844ff07aed8d3b67750b792 : Passed[0m
[32m    INFO[0m | [32m/home/lnx-141209/Desktop/FluxCore/verification/riscof/riscv-arch-test/riscv-test-suite/rv32i_m/F/src/fmadd_b15/fmadd_b15-002.S : 0810992fae7cc5ecd844ff07aed8d3b67750b792 : Passed[0m
[1;31m   ERROR[0m | [1;31m/home/lnx-141209/Desktop/FluxCore/verification/riscof/riscv-arch-test/riscv-test-suite/rv32i_m/F/src/fmadd_b15/fmadd_b15-003.S : 0810992fae7cc5ecd844ff07aed8d3b67750b792 : Failed[0m
[32m    INFO[0m | [32m/home/lnx-141209/Desktop/FluxCore/verification/riscof/riscv-arch-test/riscv-test-suite/rv32i_m/F/src/fmadd_b15/fmadd_b15-004.S : 0810992fae7cc5ecd844ff07aed8d3b67750b792 : Passed[0m
[1;31m   ERROR[0m | [1;31m/home/lnx-141209/Desktop/FluxCore/verification/riscof/riscv-arch-test/riscv-test-suite/rv32i_m/F/src/fmadd_b15/fmadd_b15-005.S : 0810992fae7cc5ecd844ff07aed8d3b67750b792 : Failed[0m
[32m    INFO[0m | [32m/home/lnx-141209/Desktop/FluxCore/verification/riscof/riscv-arch-test/riscv-test-suite/rv32i_m/F/src/fmadd_b15/fmadd_b15-006.S : 0810992fae7cc5ecd844ff07aed8d3b67750b792 : Passed[0m
[32m    INFO[0m | [32m/home/lnx-141209/Desktop/FluxCore/verification/riscof/riscv-arch-test/riscv-test-suite/rv32i_m/F/src/fmadd_b15/fmadd_b15-007.S : 0810992fae7cc5ecd844ff07aed8d3b67750b792 : Passed[0m
[32m    INFO[0m | [32m/home/lnx-141209/Desktop/FluxCore/verification/riscof/riscv-arch-test/riscv-test-suite/rv32i_m/F/src/fmadd_b15/fmadd_b15-008.S : 0810992fae7cc5ecd844ff07aed8d3b67750b792 : Passed[0m
[32m    INFO[0m | [32m/home/lnx-141209/Desktop/FluxCore/verification/riscof/riscv-arch-test/riscv-test-suite/rv32i_m/F/src/fmadd_b15/fmadd_b15-009.S : 0810992fae7cc5ecd844ff07aed8d3b67750b792 : Passed[0m
[32m    INFO[0m | [32m/home/lnx-141209/Desktop/FluxCore/verification/riscof/riscv-arch-test/riscv-test-suite/rv32i_m/F/src/fmadd_b15/fmadd_b15-010.S : 0810992fae7cc5ecd844ff07aed8d3b67750b792 : Passed[0m
[32m    INFO[0m | [32m/home/lnx-141209/Desktop/FluxCore/verification/riscof/riscv-arch-test/riscv-test-suite/rv32i_m/F/src/fmadd_b15/fmadd_b15-011.S : 0810992fae7cc5ecd844ff07aed8d3b67750b792 : Passed[0m
[32m    INFO[0m | [32m/home/lnx-141209/Desktop/FluxCore/verification/riscof/riscv-arch-test/riscv-test-suite/rv32i_m/F/src/fmadd_b15/fmadd_b15-012.S : 0810992fae7cc5ecd844ff07aed8d3b67750b792 : Passed[0m
[32m    INFO[0m | [32m/home/lnx-141209/Desktop/FluxCore/verification/riscof/riscv-arch-test/riscv-test-suite/rv32i_m/F/src/fmadd_b15/fmadd_b15-013.S : 0810992fae7cc5ecd844ff07aed8d3b67750b792 : Passed[0m
[32m    INFO[0m | [32m/home/lnx-141209/Desktop/FluxCore/verification/riscof/riscv-arch-test/riscv-test-suite/rv32i_m/F/src/fmadd_b15/fmadd_b15-014.S : 0810992fae7cc5ecd844ff07aed8d3b67750b792 : Passed[0m
[32m    INFO[0m | [32m/home/lnx-141209/Desktop/FluxCore/verification/riscof/riscv-arch-test/riscv-test-suite/rv32i_m/F/src/fmadd_b15/fmadd_b15-015.S : 0810992fae7cc5ecd844ff07aed8d3b67750b792 : Passed[0m
[32m    INFO[0m | [32m/home/lnx-141209/Desktop/FluxCore/verification/riscof/riscv-arch-test/riscv-test-suite/rv32i_m/F/src/fmadd_b15/fmadd_b15-016.S : 0810992fae7cc5ecd844ff07aed8d3b67750b792 : Passed[0m
[32m    INFO[0m | [32m/home/lnx-141209/Desktop/FluxCore/verification/riscof/riscv-arch-test/riscv-test-suite/rv32i_m/F/src/fmadd_b15/fmadd_b15-017.S : 0810992fae7cc5ecd844ff07aed8d3b67750b792 : Passed[0m
[32m    INFO[0m | [32m/home/lnx-141209/Desktop/FluxCore/verification/riscof/riscv-arch-test/riscv-test-suite/rv32i_m/F/src/fmadd_b15/fmadd_b15-018.S : 0810992fae7cc5ecd844ff07aed8d3b67750b792 : Passed[0m
[32m    INFO[0m | [32m/home/lnx-141209/Desktop/FluxCore/verification/riscof/riscv-arch-test/riscv-test-suite/rv32i_m/F/src/fmadd_b15/fmadd_b15-019.S : 0810992fae7cc5ecd844ff07aed8d3b67750b792 : Passed[0m
[32m    INFO[0m | [32m/home/lnx-141209/Desktop/FluxCore/verification/riscof/riscv-arch-test/riscv-test-suite/rv32i_m/F/src/fmadd_b15/fmadd_b15-020.S : 0810992fae7cc5ecd844ff07aed8d3b67750b792 : Passed[0m
[32m    INFO[0m | [32m/home/lnx-141209/Desktop/FluxCore/verification/riscof/riscv-arch-test/riscv-test-suite/rv32i_m/F/src/fmadd_b15/fmadd_b15-021.S : 0810992fae7cc5ecd844ff07aed8d3b67750b792 : Passed[0m
[32m    INFO[0m | [32m/home/lnx-141209/Desktop/FluxCore/verification/riscof/riscv-arch-test/riscv-test-suite/rv32i_m/F/src/fmadd_b15/fmadd_b15-022.S : 0810992fae7cc5ecd844ff07aed8d3b67750b792 : Passed[0m
[32m    INFO[0m | [32m/home/lnx-141209/Desktop/FluxCore/verification/riscof/riscv-arch-test/riscv-test-suite/rv32i_m/F/src/fmadd_b15/fmadd_b15-023.S : 0810992fae7cc5ecd844ff07aed8d3b67750b792 : Passed[0m
[32m    INFO[0m | [32m/home/lnx-141209/Desktop/FluxCore/verification/riscof/riscv-arch-test/riscv-test-suite/rv32i_m/F/src/fmadd_b15/fmadd_b15-024.S : 0810992fae7cc5ecd844ff07aed8d3b67750b792 : Passed[0m
[32m    INFO[0m | [32m/home/lnx-141209/Desktop/FluxCore/verification/riscof/riscv-arch-test/riscv-test-suite/rv32i_m/F/src/fmadd_b15/fmadd_b15-025.S : 0810992fae7cc5ecd844ff07aed8d3b67750b792 : Passed[0m
[32m    INFO[0m | [32m/home/lnx-141209/Desktop/FluxCore/verification/riscof/riscv-arch-test/riscv-test-suite/rv32i_m/F/src/fmadd_b15/fmadd_b15-026.S : 0810992fae7cc5ecd844ff07aed8d3b67750b792 : Passed[0m
[1;31m   ERROR[0m | [1;31m/home/lnx-141209/Desktop/FluxCore/verification/riscof/riscv-arch-test/riscv-test-suite/rv32i_m/F/src/fmadd_b15/fmadd_b15-027.S : 0810992fae7cc5ecd844ff07aed8d3b67750b792 : Failed[0m
[1;31m   ERROR[0m | [1;31m/home/lnx-141209/Desktop/FluxCore/verification/riscof/riscv-arch-test/riscv-test-suite/rv32i_m/F/src/fmadd_b15/fmadd_b15-028.S : 0810992fae7cc5ecd844ff07aed8d3b67750b792 : Failed[0m
[32m    INFO[0m | [32m/home/lnx-141209/Desktop/FluxCore/verification/riscof/riscv-arch-test/riscv-test-suite/rv32i_m/F/src/fmadd_b15/fmadd_b15-029.S : 0810992fae7cc5ecd844ff07aed8d3b67750b792 : Passed[0m
[32m    INFO[0m | [32m/home/lnx-141209/Desktop/FluxCore/verification/riscof/riscv-arch-test/riscv-test-suite/rv32i_m/F/src/fmadd_b15/fmadd_b15-030.S : 0810992fae7cc5ecd844ff07aed8d3b67750b792 : Passed[0m
[32m    INFO[0m | [32m/home/lnx-141209/Desktop/FluxCore/verification/riscof/riscv-arch-test/riscv-test-suite/rv32i_m/F/src/fmadd_b15/fmadd_b15-031.S : 0810992fae7cc5ecd844ff07aed8d3b67750b792 : Passed[0m
[32m    INFO[0m | [32m/home/lnx-141209/Desktop/FluxCore/verification/riscof/riscv-arch-test/riscv-test-suite/rv32i_m/F/src/fmadd_b15/fmadd_b15-032.S : 0810992fae7cc5ecd844ff07aed8d3b67750b792 : Passed[0m
[32m    INFO[0m | [32m/home/lnx-141209/Desktop/FluxCore/verification/riscof/riscv-arch-test/riscv-test-suite/rv32i_m/F/src/fmadd_b15/fmadd_b15-033.S : 0810992fae7cc5ecd844ff07aed8d3b67750b792 : Passed[0m
[32m    INFO[0m | [32m/home/lnx-141209/Desktop/FluxCore/verification/riscof/riscv-arch-test/riscv-test-suite/rv32i_m/F/src/fmadd_b15/fmadd_b15-034.S : 0810992fae7cc5ecd844ff07aed8d3b67750b792 : Passed[0m
[1;31m   ERROR[0m | [1;31m/home/lnx-141209/Desktop/FluxCore/verification/riscof/riscv-arch-test/riscv-test-suite/rv32i_m/F/src/fmadd_b15/fmadd_b15-035.S : 0810992fae7cc5ecd844ff07aed8d3b67750b792 : Failed[0m
[32m    INFO[0m | [32m/home/lnx-141209/Desktop/FluxCore/verification/riscof/riscv-arch-test/riscv-test-suite/rv32i_m/F/src/fmadd_b15/fmadd_b15-036.S : 0810992fae7cc5ecd844ff07aed8d3b67750b792 : Passed[0m
[32m    INFO[0m | [32m/home/lnx-141209/Desktop/FluxCore/verification/riscof/riscv-arch-test/riscv-test-suite/rv32i_m/F/src/fmadd_b15/fmadd_b15-037.S : 0810992fae7cc5ecd844ff07aed8d3b67750b792 : Passed[0m
[32m    INFO[0m | [32m/home/lnx-141209/Desktop/FluxCore/verification/riscof/riscv-arch-test/riscv-test-suite/rv32i_m/F/src/fmadd_b15/fmadd_b15-038.S : 0810992fae7cc5ecd844ff07aed8d3b67750b792 : Passed[0m
[32m    INFO[0m | [32m/home/lnx-141209/Desktop/FluxCore/verification/riscof/riscv-arch-test/riscv-test-suite/rv32i_m/F/src/fmadd_b15/fmadd_b15-039.S : 0810992fae7cc5ecd844ff07aed8d3b67750b792 : Passed[0m
[1;31m   ERROR[0m | [1;31m/home/lnx-141209/Desktop/FluxCore/verification/riscof/riscv-arch-test/riscv-test-suite/rv32i_m/F/src/fmadd_b15/fmadd_b15-040.S : 0810992fae7cc5ecd844ff07aed8d3b67750b792 : Failed[0m
[1;31m   ERROR[0m | [1;31m/home/lnx-141209/Desktop/FluxCore/verification/riscof/riscv-arch-test/riscv-test-suite/rv32i_m/F/src/fmadd_b15/fmadd_b15-041.S : 0810992fae7cc5ecd844ff07aed8d3b67750b792 : Failed[0m
[32m    INFO[0m | [32m/home/lnx-141209/Desktop/FluxCore/verification/riscof/riscv-arch-test/riscv-test-suite/rv32i_m/F/src/fmadd_b15/fmadd_b15-042.S : 0810992fae7cc5ecd844ff07aed8d3b67750b792 : Passed[0m
[32m    INFO[0m | [32m/home/lnx-141209/Desktop/FluxCore/verification/riscof/riscv-arch-test/riscv-test-suite/rv32i_m/F/src/fmadd_b15/fmadd_b15-043.S : 0810992fae7cc5ecd844ff07aed8d3b67750b792 : Passed[0m
[32m    INFO[0m | [32m/home/lnx-141209/Desktop/FluxCore/verification/riscof/riscv-arch-test/riscv-test-suite/rv32i_m/F/src/fmadd_b15/fmadd_b15-044.S : 0810992fae7cc5ecd844ff07aed8d3b67750b792 : Passed[0m
[32m    INFO[0m | [32m/home/lnx-141209/Desktop/FluxCore/verification/riscof/riscv-arch-test/riscv-test-suite/rv32i_m/F/src/fmadd_b15/fmadd_b15-045.S : 0810992fae7cc5ecd844ff07aed8d3b67750b792 : Passed[0m
[32m    INFO[0m | [32m/home/lnx-141209/Desktop/FluxCore/verification/riscof/riscv-arch-test/riscv-test-suite/rv32i_m/F/src/fmadd_b15/fmadd_b15-046.S : 0810992fae7cc5ecd844ff07aed8d3b67750b792 : Passed[0m
[32m    INFO[0m | [32m/home/lnx-141209/Desktop/FluxCore/verification/riscof/riscv-arch-test/riscv-test-suite/rv32i_m/F/src/fmadd_b15/fmadd_b15-047.S : 0810992fae7cc5ecd844ff07aed8d3b67750b792 : Passed[0m
[32m    INFO[0m | [32m/home/lnx-141209/Desktop/FluxCore/verification/riscof/riscv-arch-test/riscv-test-suite/rv32i_m/F/src/fmadd_b15/fmadd_b15-048.S : 0810992fae7cc5ecd844ff07aed8d3b67750b792 : Passed[0m
[1;31m   ERROR[0m | [1;31m/home/lnx-141209/Desktop/FluxCore/verification/riscof/riscv-arch-test/riscv-test-suite/rv32i_m/F/src/fmadd_b15/fmadd_b15-049.S : 0810992fae7cc5ecd844ff07aed8d3b67750b792 : Failed[0m
[32m    INFO[0m | [32m/home/lnx-141209/Desktop/FluxCore/verification/riscof/riscv-arch-test/riscv-test-suite/rv32i_m/F/src/fmadd_b15/fmadd_b15-050.S : 0810992fae7cc5ecd844ff07aed8d3b67750b792 : Passed[0m
[32m    INFO[0m | [32m/home/lnx-141209/Desktop/FluxCore/verification/riscof/riscv-arch-test/riscv-test-suite/rv32i_m/F/src/fmadd_b16-01.S : 752c0fb721b9ab264682d491283d98813f95e45b : Passed[0m
[32m    INFO[0m | [32m/home/lnx-141209/Desktop/FluxCore/verification/riscof/riscv-arch-test/riscv-test-suite/rv32i_m/F/src/fmadd_b17-01.S : 752c0fb721b9ab264682d491283d98813f95e45b : Passed[0m
[32m    INFO[0m | [32m/home/lnx-141209/Desktop/FluxCore/verification/riscof/riscv-arch-test/riscv-test-suite/rv32i_m/F/src/fmadd_b18-01.S : 752c0fb721b9ab264682d491283d98813f95e45b : Passed[0m
[32m    INFO[0m | [32m/home/lnx-141209/Desktop/FluxCore/verification/riscof/riscv-arch-test/riscv-test-suite/rv32i_m/F/src/fmadd_b2-01.S : 752c0fb721b9ab264682d491283d98813f95e45b : Passed[0m
[1;31m   ERROR[0m | [1;31m/home/lnx-141209/Desktop/FluxCore/verification/riscof/riscv-arch-test/riscv-test-suite/rv32i_m/F/src/fmadd_b3-01.S : 752c0fb721b9ab264682d491283d98813f95e45b : Failed[0m
[1;31m   ERROR[0m | [1;31m/home/lnx-141209/Desktop/FluxCore/verification/riscof/riscv-arch-test/riscv-test-suite/rv32i_m/F/src/fmadd_b4-01.S : 752c0fb721b9ab264682d491283d98813f95e45b : Failed[0m
[1;31m   ERROR[0m | [1;31m/home/lnx-141209/Desktop/FluxCore/verification/riscof/riscv-arch-test/riscv-test-suite/rv32i_m/F/src/fmadd_b5-01.S : 752c0fb721b9ab264682d491283d98813f95e45b : Failed[0m
[1;31m   ERROR[0m | [1;31m/home/lnx-141209/Desktop/FluxCore/verification/riscof/riscv-arch-test/riscv-test-suite/rv32i_m/F/src/fmadd_b6-01.S : 752c0fb721b9ab264682d491283d98813f95e45b : Failed[0m
[1;31m   ERROR[0m | [1;31m/home/lnx-141209/Desktop/FluxCore/verification/riscof/riscv-arch-test/riscv-test-suite/rv32i_m/F/src/fmadd_b7-01.S : 752c0fb721b9ab264682d491283d98813f95e45b : Failed[0m
[1;31m   ERROR[0m | [1;31m/home/lnx-141209/Desktop/FluxCore/verification/riscof/riscv-arch-test/riscv-test-suite/rv32i_m/F/src/fmadd_b8-01.S : 752c0fb721b9ab264682d491283d98813f95e45b : Failed[0m
[32m    INFO[0m | [32m/home/lnx-141209/Desktop/FluxCore/verification/riscof/riscv-arch-test/riscv-test-suite/rv32i_m/F/src/fmax_b1-01.S : 0810992fae7cc5ecd844ff07aed8d3b67750b792 : Passed[0m
[32m    INFO[0m | [32m/home/lnx-141209/Desktop/FluxCore/verification/riscof/riscv-arch-test/riscv-test-suite/rv32i_m/F/src/fmax_b19-01.S : 0810992fae7cc5ecd844ff07aed8d3b67750b792 : Passed[0m
[32m    INFO[0m | [32m/home/lnx-141209/Desktop/FluxCore/verification/riscof/riscv-arch-test/riscv-test-suite/rv32i_m/F/src/fmin_b1-01.S : 0810992fae7cc5ecd844ff07aed8d3b67750b792 : Passed[0m
[32m    INFO[0m | [32m/home/lnx-141209/Desktop/FluxCore/verification/riscof/riscv-arch-test/riscv-test-suite/rv32i_m/F/src/fmin_b19-01.S : 0810992fae7cc5ecd844ff07aed8d3b67750b792 : Passed[0m
[1;31m   ERROR[0m | [1;31m/home/lnx-141209/Desktop/FluxCore/verification/riscof/riscv-arch-test/riscv-test-suite/rv32i_m/F/src/fmsub_b1-01.S : 752c0fb721b9ab264682d491283d98813f95e45b : Failed[0m
[32m    INFO[0m | [32m/home/lnx-141209/Desktop/FluxCore/verification/riscof/riscv-arch-test/riscv-test-suite/rv32i_m/F/src/fmsub_b14-01.S : 752c0fb721b9ab264682d491283d98813f95e45b : Passed[0m
[32m    INFO[0m | [32m/home/lnx-141209/Desktop/FluxCore/verification/riscof/riscv-arch-test/riscv-test-suite/rv32i_m/F/src/fmsub_b15/fmsub_b15-001.S : 0810992fae7cc5ecd844ff07aed8d3b67750b792 : Passed[0m
[32m    INFO[0m | [32m/home/lnx-141209/Desktop/FluxCore/verification/riscof/riscv-arch-test/riscv-test-suite/rv32i_m/F/src/fmsub_b15/fmsub_b15-002.S : 0810992fae7cc5ecd844ff07aed8d3b67750b792 : Passed[0m
[32m    INFO[0m | [32m/home/lnx-141209/Desktop/FluxCore/verification/riscof/riscv-arch-test/riscv-test-suite/rv32i_m/F/src/fmsub_b15/fmsub_b15-003.S : 0810992fae7cc5ecd844ff07aed8d3b67750b792 : Passed[0m
[32m    INFO[0m | [32m/home/lnx-141209/Desktop/FluxCore/verification/riscof/riscv-arch-test/riscv-test-suite/rv32i_m/F/src/fmsub_b15/fmsub_b15-004.S : 0810992fae7cc5ecd844ff07aed8d3b67750b792 : Passed[0m
[32m    INFO[0m | [32m/home/lnx-141209/Desktop/FluxCore/verification/riscof/riscv-arch-test/riscv-test-suite/rv32i_m/F/src/fmsub_b15/fmsub_b15-005.S : 0810992fae7cc5ecd844ff07aed8d3b67750b792 : Passed[0m
[32m    INFO[0m | [32m/home/lnx-141209/Desktop/FluxCore/verification/riscof/riscv-arch-test/riscv-test-suite/rv32i_m/F/src/fmsub_b15/fmsub_b15-006.S : 0810992fae7cc5ecd844ff07aed8d3b67750b792 : Passed[0m
[32m    INFO[0m | [32m/home/lnx-141209/Desktop/FluxCore/verification/riscof/riscv-arch-test/riscv-test-suite/rv32i_m/F/src/fmsub_b15/fmsub_b15-007.S : 0810992fae7cc5ecd844ff07aed8d3b67750b792 : Passed[0m
[32m    INFO[0m | [32m/home/lnx-141209/Desktop/FluxCore/verification/riscof/riscv-arch-test/riscv-test-suite/rv32i_m/F/src/fmsub_b15/fmsub_b15-008.S : 0810992fae7cc5ecd844ff07aed8d3b67750b792 : Passed[0m
[32m    INFO[0m | [32m/home/lnx-141209/Desktop/FluxCore/verification/riscof/riscv-arch-test/riscv-test-suite/rv32i_m/F/src/fmsub_b15/fmsub_b15-009.S : 0810992fae7cc5ecd844ff07aed8d3b67750b792 : Passed[0m
[32m    INFO[0m | [32m/home/lnx-141209/Desktop/FluxCore/verification/riscof/riscv-arch-test/riscv-test-suite/rv32i_m/F/src/fmsub_b15/fmsub_b15-010.S : 0810992fae7cc5ecd844ff07aed8d3b67750b792 : Passed[0m
[32m    INFO[0m | [32m/home/lnx-141209/Desktop/FluxCore/verification/riscof/riscv-arch-test/riscv-test-suite/rv32i_m/F/src/fmsub_b15/fmsub_b15-011.S : 0810992fae7cc5ecd844ff07aed8d3b67750b792 : Passed[0m
[32m    INFO[0m | [32m/home/lnx-141209/Desktop/FluxCore/verification/riscof/riscv-arch-test/riscv-test-suite/rv32i_m/F/src/fmsub_b15/fmsub_b15-012.S : 0810992fae7cc5ecd844ff07aed8d3b67750b792 : Passed[0m
[32m    INFO[0m | [32m/home/lnx-141209/Desktop/FluxCore/verification/riscof/riscv-arch-test/riscv-test-suite/rv32i_m/F/src/fmsub_b15/fmsub_b15-013.S : 0810992fae7cc5ecd844ff07aed8d3b67750b792 : Passed[0m
[32m    INFO[0m | [32m/home/lnx-141209/Desktop/FluxCore/verification/riscof/riscv-arch-test/riscv-test-suite/rv32i_m/F/src/fmsub_b15/fmsub_b15-014.S : 0810992fae7cc5ecd844ff07aed8d3b67750b792 : Passed[0m
[32m    INFO[0m | [32m/home/lnx-141209/Desktop/FluxCore/verification/riscof/riscv-arch-test/riscv-test-suite/rv32i_m/F/src/fmsub_b15/fmsub_b15-015.S : 0810992fae7cc5ecd844ff07aed8d3b67750b792 : Passed[0m
[32m    INFO[0m | [32m/home/lnx-141209/Desktop/FluxCore/verification/riscof/riscv-arch-test/riscv-test-suite/rv32i_m/F/src/fmsub_b15/fmsub_b15-016.S : 0810992fae7cc5ecd844ff07aed8d3b67750b792 : Passed[0m
[32m    INFO[0m | [32m/home/lnx-141209/Desktop/FluxCore/verification/riscof/riscv-arch-test/riscv-test-suite/rv32i_m/F/src/fmsub_b15/fmsub_b15-017.S : 0810992fae7cc5ecd844ff07aed8d3b67750b792 : Passed[0m
[32m    INFO[0m | [32m/home/lnx-141209/Desktop/FluxCore/verification/riscof/riscv-arch-test/riscv-test-suite/rv32i_m/F/src/fmsub_b15/fmsub_b15-018.S : 0810992fae7cc5ecd844ff07aed8d3b67750b792 : Passed[0m
[32m    INFO[0m | [32m/home/lnx-141209/Desktop/FluxCore/verification/riscof/riscv-arch-test/riscv-test-suite/rv32i_m/F/src/fmsub_b15/fmsub_b15-019.S : 0810992fae7cc5ecd844ff07aed8d3b67750b792 : Passed[0m
[32m    INFO[0m | [32m/home/lnx-141209/Desktop/FluxCore/verification/riscof/riscv-arch-test/riscv-test-suite/rv32i_m/F/src/fmsub_b15/fmsub_b15-020.S : 0810992fae7cc5ecd844ff07aed8d3b67750b792 : Passed[0m
[32m    INFO[0m | [32m/home/lnx-141209/Desktop/FluxCore/verification/riscof/riscv-arch-test/riscv-test-suite/rv32i_m/F/src/fmsub_b15/fmsub_b15-021.S : 0810992fae7cc5ecd844ff07aed8d3b67750b792 : Passed[0m
[32m    INFO[0m | [32m/home/lnx-141209/Desktop/FluxCore/verification/riscof/riscv-arch-test/riscv-test-suite/rv32i_m/F/src/fmsub_b15/fmsub_b15-022.S : 0810992fae7cc5ecd844ff07aed8d3b67750b792 : Passed[0m
[32m    INFO[0m | [32m/home/lnx-141209/Desktop/FluxCore/verification/riscof/riscv-arch-test/riscv-test-suite/rv32i_m/F/src/fmsub_b15/fmsub_b15-023.S : 0810992fae7cc5ecd844ff07aed8d3b67750b792 : Passed[0m
[32m    INFO[0m | [32m/home/lnx-141209/Desktop/FluxCore/verification/riscof/riscv-arch-test/riscv-test-suite/rv32i_m/F/src/fmsub_b15/fmsub_b15-024.S : 0810992fae7cc5ecd844ff07aed8d3b67750b792 : Passed[0m
[32m    INFO[0m | [32m/home/lnx-141209/Desktop/FluxCore/verification/riscof/riscv-arch-test/riscv-test-suite/rv32i_m/F/src/fmsub_b15/fmsub_b15-025.S : 0810992fae7cc5ecd844ff07aed8d3b67750b792 : Passed[0m
[32m    INFO[0m | [32m/home/lnx-141209/Desktop/FluxCore/verification/riscof/riscv-arch-test/riscv-test-suite/rv32i_m/F/src/fmsub_b15/fmsub_b15-026.S : 0810992fae7cc5ecd844ff07aed8d3b67750b792 : Passed[0m
[32m    INFO[0m | [32m/home/lnx-141209/Desktop/FluxCore/verification/riscof/riscv-arch-test/riscv-test-suite/rv32i_m/F/src/fmsub_b15/fmsub_b15-027.S : 0810992fae7cc5ecd844ff07aed8d3b67750b792 : Passed[0m
[32m    INFO[0m | [32m/home/lnx-141209/Desktop/FluxCore/verification/riscof/riscv-arch-test/riscv-test-suite/rv32i_m/F/src/fmsub_b15/fmsub_b15-028.S : 0810992fae7cc5ecd844ff07aed8d3b67750b792 : Passed[0m
[32m    INFO[0m | [32m/home/lnx-141209/Desktop/FluxCore/verification/riscof/riscv-arch-test/riscv-test-suite/rv32i_m/F/src/fmsub_b15/fmsub_b15-029.S : 0810992fae7cc5ecd844ff07aed8d3b67750b792 : Passed[0m
[32m    INFO[0m | [32m/home/lnx-141209/Desktop/FluxCore/verification/riscof/riscv-arch-test/riscv-test-suite/rv32i_m/F/src/fmsub_b15/fmsub_b15-030.S : 0810992fae7cc5ecd844ff07aed8d3b67750b792 : Passed[0m
[32m    INFO[0m | [32m/home/lnx-141209/Desktop/FluxCore/verification/riscof/riscv-arch-test/riscv-test-suite/rv32i_m/F/src/fmsub_b15/fmsub_b15-031.S : 0810992fae7cc5ecd844ff07aed8d3b67750b792 : Passed[0m
[32m    INFO[0m | [32m/home/lnx-141209/Desktop/FluxCore/verification/riscof/riscv-arch-test/riscv-test-suite/rv32i_m/F/src/fmsub_b15/fmsub_b15-032.S : 0810992fae7cc5ecd844ff07aed8d3b67750b792 : Passed[0m
[32m    INFO[0m | [32m/home/lnx-141209/Desktop/FluxCore/verification/riscof/riscv-arch-test/riscv-test-suite/rv32i_m/F/src/fmsub_b15/fmsub_b15-033.S : 0810992fae7cc5ecd844ff07aed8d3b67750b792 : Passed[0m
[32m    INFO[0m | [32m/home/lnx-141209/Desktop/FluxCore/verification/riscof/riscv-arch-test/riscv-test-suite/rv32i_m/F/src/fmsub_b15/fmsub_b15-034.S : 0810992fae7cc5ecd844ff07aed8d3b67750b792 : Passed[0m
[32m    INFO[0m | [32m/home/lnx-141209/Desktop/FluxCore/verification/riscof/riscv-arch-test/riscv-test-suite/rv32i_m/F/src/fmsub_b15/fmsub_b15-035.S : 0810992fae7cc5ecd844ff07aed8d3b67750b792 : Passed[0m
[32m    INFO[0m | [32m/home/lnx-141209/Desktop/FluxCore/verification/riscof/riscv-arch-test/riscv-test-suite/rv32i_m/F/src/fmsub_b15/fmsub_b15-036.S : 0810992fae7cc5ecd844ff07aed8d3b67750b792 : Passed[0m
[32m    INFO[0m | [32m/home/lnx-141209/Desktop/FluxCore/verification/riscof/riscv-arch-test/riscv-test-suite/rv32i_m/F/src/fmsub_b15/fmsub_b15-037.S : 0810992fae7cc5ecd844ff07aed8d3b67750b792 : Passed[0m
[32m    INFO[0m | [32m/home/lnx-141209/Desktop/FluxCore/verification/riscof/riscv-arch-test/riscv-test-suite/rv32i_m/F/src/fmsub_b15/fmsub_b15-038.S : 0810992fae7cc5ecd844ff07aed8d3b67750b792 : Passed[0m
[32m    INFO[0m | [32m/home/lnx-141209/Desktop/FluxCore/verification/riscof/riscv-arch-test/riscv-test-suite/rv32i_m/F/src/fmsub_b15/fmsub_b15-039.S : 0810992fae7cc5ecd844ff07aed8d3b67750b792 : Passed[0m
[32m    INFO[0m | [32m/home/lnx-141209/Desktop/FluxCore/verification/riscof/riscv-arch-test/riscv-test-suite/rv32i_m/F/src/fmsub_b15/fmsub_b15-040.S : 0810992fae7cc5ecd844ff07aed8d3b67750b792 : Passed[0m
[32m    INFO[0m | [32m/home/lnx-141209/Desktop/FluxCore/verification/riscof/riscv-arch-test/riscv-test-suite/rv32i_m/F/src/fmsub_b15/fmsub_b15-041.S : 0810992fae7cc5ecd844ff07aed8d3b67750b792 : Passed[0m
[32m    INFO[0m | [32m/home/lnx-141209/Desktop/FluxCore/verification/riscof/riscv-arch-test/riscv-test-suite/rv32i_m/F/src/fmsub_b15/fmsub_b15-042.S : 0810992fae7cc5ecd844ff07aed8d3b67750b792 : Passed[0m
[32m    INFO[0m | [32m/home/lnx-141209/Desktop/FluxCore/verification/riscof/riscv-arch-test/riscv-test-suite/rv32i_m/F/src/fmsub_b15/fmsub_b15-043.S : 0810992fae7cc5ecd844ff07aed8d3b67750b792 : Passed[0m
[32m    INFO[0m | [32m/home/lnx-141209/Desktop/FluxCore/verification/riscof/riscv-arch-test/riscv-test-suite/rv32i_m/F/src/fmsub_b15/fmsub_b15-044.S : 0810992fae7cc5ecd844ff07aed8d3b67750b792 : Passed[0m
[32m    INFO[0m | [32m/home/lnx-141209/Desktop/FluxCore/verification/riscof/riscv-arch-test/riscv-test-suite/rv32i_m/F/src/fmsub_b15/fmsub_b15-045.S : 0810992fae7cc5ecd844ff07aed8d3b67750b792 : Passed[0m
[32m    INFO[0m | [32m/home/lnx-141209/Desktop/FluxCore/verification/riscof/riscv-arch-test/riscv-test-suite/rv32i_m/F/src/fmsub_b15/fmsub_b15-046.S : 0810992fae7cc5ecd844ff07aed8d3b67750b792 : Passed[0m
[32m    INFO[0m | [32m/home/lnx-141209/Desktop/FluxCore/verification/riscof/riscv-arch-test/riscv-test-suite/rv32i_m/F/src/fmsub_b15/fmsub_b15-047.S : 0810992fae7cc5ecd844ff07aed8d3b67750b792 : Passed[0m
[32m    INFO[0m | [32m/home/lnx-141209/Desktop/FluxCore/verification/riscof/riscv-arch-test/riscv-test-suite/rv32i_m/F/src/fmsub_b15/fmsub_b15-048.S : 0810992fae7cc5ecd844ff07aed8d3b67750b792 : Passed[0m
[32m    INFO[0m | [32m/home/lnx-141209/Desktop/FluxCore/verification/riscof/riscv-arch-test/riscv-test-suite/rv32i_m/F/src/fmsub_b15/fmsub_b15-049.S : 0810992fae7cc5ecd844ff07aed8d3b67750b792 : Passed[0m
[32m    INFO[0m | [32m/home/lnx-141209/Desktop/FluxCore/verification/riscof/riscv-arch-test/riscv-test-suite/rv32i_m/F/src/fmsub_b15/fmsub_b15-050.S : 0810992fae7cc5ecd844ff07aed8d3b67750b792 : Passed[0m
[32m    INFO[0m | [32m/home/lnx-141209/Desktop/FluxCore/verification/riscof/riscv-arch-test/riscv-test-suite/rv32i_m/F/src/fmsub_b16-01.S : 752c0fb721b9ab264682d491283d98813f95e45b : Passed[0m
[32m    INFO[0m | [32m/home/lnx-141209/Desktop/FluxCore/verification/riscof/riscv-arch-test/riscv-test-suite/rv32i_m/F/src/fmsub_b17-01.S : 752c0fb721b9ab264682d491283d98813f95e45b : Passed[0m
[1;31m   ERROR[0m | [1;31m/home/lnx-141209/Desktop/FluxCore/verification/riscof/riscv-arch-test/riscv-test-suite/rv32i_m/F/src/fmsub_b18-01.S : 752c0fb721b9ab264682d491283d98813f95e45b : Failed[0m
[32m    INFO[0m | [32m/home/lnx-141209/Desktop/FluxCore/verification/riscof/riscv-arch-test/riscv-test-suite/rv32i_m/F/src/fmsub_b2-01.S : 752c0fb721b9ab264682d491283d98813f95e45b : Passed[0m
[1;31m   ERROR[0m | [1;31m/home/lnx-141209/Desktop/FluxCore/verification/riscof/riscv-arch-test/riscv-test-suite/rv32i_m/F/src/fmsub_b3-01.S : 752c0fb721b9ab264682d491283d98813f95e45b : Failed[0m
[1;31m   ERROR[0m | [1;31m/home/lnx-141209/Desktop/FluxCore/verification/riscof/riscv-arch-test/riscv-test-suite/rv32i_m/F/src/fmsub_b4-01.S : 752c0fb721b9ab264682d491283d98813f95e45b : Failed[0m
[1;31m   ERROR[0m | [1;31m/home/lnx-141209/Desktop/FluxCore/verification/riscof/riscv-arch-test/riscv-test-suite/rv32i_m/F/src/fmsub_b5-01.S : 752c0fb721b9ab264682d491283d98813f95e45b : Failed[0m
[1;31m   ERROR[0m | [1;31m/home/lnx-141209/Desktop/FluxCore/verification/riscof/riscv-arch-test/riscv-test-suite/rv32i_m/F/src/fmsub_b6-01.S : 752c0fb721b9ab264682d491283d98813f95e45b : Failed[0m
[1;31m   ERROR[0m | [1;31m/home/lnx-141209/Desktop/FluxCore/verification/riscof/riscv-arch-test/riscv-test-suite/rv32i_m/F/src/fmsub_b7-01.S : 752c0fb721b9ab264682d491283d98813f95e45b : Failed[0m
[1;31m   ERROR[0m | [1;31m/home/lnx-141209/Desktop/FluxCore/verification/riscof/riscv-arch-test/riscv-test-suite/rv32i_m/F/src/fmsub_b8-01.S : 752c0fb721b9ab264682d491283d98813f95e45b : Failed[0m
[32m    INFO[0m | [32m/home/lnx-141209/Desktop/FluxCore/verification/riscof/riscv-arch-test/riscv-test-suite/rv32i_m/F/src/fmul_b1-01.S : 0810992fae7cc5ecd844ff07aed8d3b67750b792 : Passed[0m
[32m    INFO[0m | [32m/home/lnx-141209/Desktop/FluxCore/verification/riscof/riscv-arch-test/riscv-test-suite/rv32i_m/F/src/fmul_b2-01.S : 0810992fae7cc5ecd844ff07aed8d3b67750b792 : Passed[0m
[1;31m   ERROR[0m | [1;31m/home/lnx-141209/Desktop/FluxCore/verification/riscof/riscv-arch-test/riscv-test-suite/rv32i_m/F/src/fmul_b3-01.S : 0810992fae7cc5ecd844ff07aed8d3b67750b792 : Failed[0m
[1;31m   ERROR[0m | [1;31m/home/lnx-141209/Desktop/FluxCore/verification/riscof/riscv-arch-test/riscv-test-suite/rv32i_m/F/src/fmul_b4-01.S : 0810992fae7cc5ecd844ff07aed8d3b67750b792 : Failed[0m
[1;31m   ERROR[0m | [1;31m/home/lnx-141209/Desktop/FluxCore/verification/riscof/riscv-arch-test/riscv-test-suite/rv32i_m/F/src/fmul_b5-01.S : 0810992fae7cc5ecd844ff07aed8d3b67750b792 : Failed[0m
[1;31m   ERROR[0m | [1;31m/home/lnx-141209/Desktop/FluxCore/verification/riscof/riscv-arch-test/riscv-test-suite/rv32i_m/F/src/fmul_b6-01.S : 0810992fae7cc5ecd844ff07aed8d3b67750b792 : Failed[0m
[32m    INFO[0m | [32m/home/lnx-141209/Desktop/FluxCore/verification/riscof/riscv-arch-test/riscv-test-suite/rv32i_m/F/src/fmul_b7-01.S : 0810992fae7cc5ecd844ff07aed8d3b67750b792 : Passed[0m
[1;31m   ERROR[0m | [1;31m/home/lnx-141209/Desktop/FluxCore/verification/riscof/riscv-arch-test/riscv-test-suite/rv32i_m/F/src/fmul_b8-01.S : 0810992fae7cc5ecd844ff07aed8d3b67750b792 : Failed[0m
[32m    INFO[0m | [32m/home/lnx-141209/Desktop/FluxCore/verification/riscof/riscv-arch-test/riscv-test-suite/rv32i_m/F/src/fmul_b9-01.S : 0810992fae7cc5ecd844ff07aed8d3b67750b792 : Passed[0m
[32m    INFO[0m | [32m/home/lnx-141209/Desktop/FluxCore/verification/riscof/riscv-arch-test/riscv-test-suite/rv32i_m/F/src/fmv.w.x_b25-01.S : 752c0fb721b9ab264682d491283d98813f95e45b : Passed[0m
[32m    INFO[0m | [32m/home/lnx-141209/Desktop/FluxCore/verification/riscof/riscv-arch-test/riscv-test-suite/rv32i_m/F/src/fmv.w.x_b26-01.S : 752c0fb721b9ab264682d491283d98813f95e45b : Passed[0m
[32m    INFO[0m | [32m/home/lnx-141209/Desktop/FluxCore/verification/riscof/riscv-arch-test/riscv-test-suite/rv32i_m/F/src/fmv.x.w_b1-01.S : 0810992fae7cc5ecd844ff07aed8d3b67750b792 : Passed[0m
[32m    INFO[0m | [32m/home/lnx-141209/Desktop/FluxCore/verification/riscof/riscv-arch-test/riscv-test-suite/rv32i_m/F/src/fmv.x.w_b22-01.S : 0810992fae7cc5ecd844ff07aed8d3b67750b792 : Passed[0m
[32m    INFO[0m | [32m/home/lnx-141209/Desktop/FluxCore/verification/riscof/riscv-arch-test/riscv-test-suite/rv32i_m/F/src/fmv.x.w_b23-01.S : 0810992fae7cc5ecd844ff07aed8d3b67750b792 : Passed[0m
[32m    INFO[0m | [32m/home/lnx-141209/Desktop/FluxCore/verification/riscof/riscv-arch-test/riscv-test-suite/rv32i_m/F/src/fmv.x.w_b24-01.S : 0810992fae7cc5ecd844ff07aed8d3b67750b792 : Passed[0m
[32m    INFO[0m | [32m/home/lnx-141209/Desktop/FluxCore/verification/riscof/riscv-arch-test/riscv-test-suite/rv32i_m/F/src/fmv.x.w_b27-01.S : 0810992fae7cc5ecd844ff07aed8d3b67750b792 : Passed[0m
[32m    INFO[0m | [32m/home/lnx-141209/Desktop/FluxCore/verification/riscof/riscv-arch-test/riscv-test-suite/rv32i_m/F/src/fmv.x.w_b28-01.S : 0810992fae7cc5ecd844ff07aed8d3b67750b792 : Passed[0m
[32m    INFO[0m | [32m/home/lnx-141209/Desktop/FluxCore/verification/riscof/riscv-arch-test/riscv-test-suite/rv32i_m/F/src/fmv.x.w_b29-01.S : 0810992fae7cc5ecd844ff07aed8d3b67750b792 : Passed[0m
[1;31m   ERROR[0m | [1;31m/home/lnx-141209/Desktop/FluxCore/verification/riscof/riscv-arch-test/riscv-test-suite/rv32i_m/F/src/fnmadd_b1-01.S : 752c0fb721b9ab264682d491283d98813f95e45b : Failed[0m
[32m    INFO[0m | [32m/home/lnx-141209/Desktop/FluxCore/verification/riscof/riscv-arch-test/riscv-test-suite/rv32i_m/F/src/fnmadd_b14-01.S : 752c0fb721b9ab264682d491283d98813f95e45b : Passed[0m
[32m    INFO[0m | [32m/home/lnx-141209/Desktop/FluxCore/verification/riscof/riscv-arch-test/riscv-test-suite/rv32i_m/F/src/fnmadd_b15/fnmadd_b15-001.S : 0810992fae7cc5ecd844ff07aed8d3b67750b792 : Passed[0m
[32m    INFO[0m | [32m/home/lnx-141209/Desktop/FluxCore/verification/riscof/riscv-arch-test/riscv-test-suite/rv32i_m/F/src/fnmadd_b15/fnmadd_b15-002.S : 0810992fae7cc5ecd844ff07aed8d3b67750b792 : Passed[0m
[1;31m   ERROR[0m | [1;31m/home/lnx-141209/Desktop/FluxCore/verification/riscof/riscv-arch-test/riscv-test-suite/rv32i_m/F/src/fnmadd_b15/fnmadd_b15-003.S : 0810992fae7cc5ecd844ff07aed8d3b67750b792 : Failed[0m
[32m    INFO[0m | [32m/home/lnx-141209/Desktop/FluxCore/verification/riscof/riscv-arch-test/riscv-test-suite/rv32i_m/F/src/fnmadd_b15/fnmadd_b15-004.S : 0810992fae7cc5ecd844ff07aed8d3b67750b792 : Passed[0m
[32m    INFO[0m | [32m/home/lnx-141209/Desktop/FluxCore/verification/riscof/riscv-arch-test/riscv-test-suite/rv32i_m/F/src/fnmadd_b15/fnmadd_b15-005.S : 0810992fae7cc5ecd844ff07aed8d3b67750b792 : Passed[0m
[1;31m   ERROR[0m | [1;31m/home/lnx-141209/Desktop/FluxCore/verification/riscof/riscv-arch-test/riscv-test-suite/rv32i_m/F/src/fnmadd_b15/fnmadd_b15-006.S : 0810992fae7cc5ecd844ff07aed8d3b67750b792 : Failed[0m
[1;31m   ERROR[0m | [1;31m/home/lnx-141209/Desktop/FluxCore/verification/riscof/riscv-arch-test/riscv-test-suite/rv32i_m/F/src/fnmadd_b15/fnmadd_b15-007.S : 0810992fae7cc5ecd844ff07aed8d3b67750b792 : Failed[0m
[32m    INFO[0m | [32m/home/lnx-141209/Desktop/FluxCore/verification/riscof/riscv-arch-test/riscv-test-suite/rv32i_m/F/src/fnmadd_b15/fnmadd_b15-008.S : 0810992fae7cc5ecd844ff07aed8d3b67750b792 : Passed[0m
[32m    INFO[0m | [32m/home/lnx-141209/Desktop/FluxCore/verification/riscof/riscv-arch-test/riscv-test-suite/rv32i_m/F/src/fnmadd_b15/fnmadd_b15-009.S : 0810992fae7cc5ecd844ff07aed8d3b67750b792 : Passed[0m
[32m    INFO[0m | [32m/home/lnx-141209/Desktop/FluxCore/verification/riscof/riscv-arch-test/riscv-test-suite/rv32i_m/F/src/fnmadd_b15/fnmadd_b15-010.S : 0810992fae7cc5ecd844ff07aed8d3b67750b792 : Passed[0m
[32m    INFO[0m | [32m/home/lnx-141209/Desktop/FluxCore/verification/riscof/riscv-arch-test/riscv-test-suite/rv32i_m/F/src/fnmadd_b15/fnmadd_b15-011.S : 0810992fae7cc5ecd844ff07aed8d3b67750b792 : Passed[0m
[1;31m   ERROR[0m | [1;31m/home/lnx-141209/Desktop/FluxCore/verification/riscof/riscv-arch-test/riscv-test-suite/rv32i_m/F/src/fnmadd_b15/fnmadd_b15-012.S : 0810992fae7cc5ecd844ff07aed8d3b67750b792 : Failed[0m
[32m    INFO[0m | [32m/home/lnx-141209/Desktop/FluxCore/verification/riscof/riscv-arch-test/riscv-test-suite/rv32i_m/F/src/fnmadd_b15/fnmadd_b15-013.S : 0810992fae7cc5ecd844ff07aed8d3b67750b792 : Passed[0m
[32m    INFO[0m | [32m/home/lnx-141209/Desktop/FluxCore/verification/riscof/riscv-arch-test/riscv-test-suite/rv32i_m/F/src/fnmadd_b15/fnmadd_b15-014.S : 0810992fae7cc5ecd844ff07aed8d3b67750b792 : Passed[0m
[32m    INFO[0m | [32m/home/lnx-141209/Desktop/FluxCore/verification/riscof/riscv-arch-test/riscv-test-suite/rv32i_m/F/src/fnmadd_b15/fnmadd_b15-015.S : 0810992fae7cc5ecd844ff07aed8d3b67750b792 : Passed[0m
[32m    INFO[0m | [32m/home/lnx-141209/Desktop/FluxCore/verification/riscof/riscv-arch-test/riscv-test-suite/rv32i_m/F/src/fnmadd_b15/fnmadd_b15-016.S : 0810992fae7cc5ecd844ff07aed8d3b67750b792 : Passed[0m
[32m    INFO[0m | [32m/home/lnx-141209/Desktop/FluxCore/verification/riscof/riscv-arch-test/riscv-test-suite/rv32i_m/F/src/fnmadd_b15/fnmadd_b15-017.S : 0810992fae7cc5ecd844ff07aed8d3b67750b792 : Passed[0m
[32m    INFO[0m | [32m/home/lnx-141209/Desktop/FluxCore/verification/riscof/riscv-arch-test/riscv-test-suite/rv32i_m/F/src/fnmadd_b15/fnmadd_b15-018.S : 0810992fae7cc5ecd844ff07aed8d3b67750b792 : Passed[0m
[32m    INFO[0m | [32m/home/lnx-141209/Desktop/FluxCore/verification/riscof/riscv-arch-test/riscv-test-suite/rv32i_m/F/src/fnmadd_b15/fnmadd_b15-019.S : 0810992fae7cc5ecd844ff07aed8d3b67750b792 : Passed[0m
[32m    INFO[0m | [32m/home/lnx-141209/Desktop/FluxCore/verification/riscof/riscv-arch-test/riscv-test-suite/rv32i_m/F/src/fnmadd_b15/fnmadd_b15-020.S : 0810992fae7cc5ecd844ff07aed8d3b67750b792 : Passed[0m
[32m    INFO[0m | [32m/home/lnx-141209/Desktop/FluxCore/verification/riscof/riscv-arch-test/riscv-test-suite/rv32i_m/F/src/fnmadd_b15/fnmadd_b15-021.S : 0810992fae7cc5ecd844ff07aed8d3b67750b792 : Passed[0m
[32m    INFO[0m | [32m/home/lnx-141209/Desktop/FluxCore/verification/riscof/riscv-arch-test/riscv-test-suite/rv32i_m/F/src/fnmadd_b15/fnmadd_b15-022.S : 0810992fae7cc5ecd844ff07aed8d3b67750b792 : Passed[0m
[32m    INFO[0m | [32m/home/lnx-141209/Desktop/FluxCore/verification/riscof/riscv-arch-test/riscv-test-suite/rv32i_m/F/src/fnmadd_b15/fnmadd_b15-023.S : 0810992fae7cc5ecd844ff07aed8d3b67750b792 : Passed[0m
[32m    INFO[0m | [32m/home/lnx-141209/Desktop/FluxCore/verification/riscof/riscv-arch-test/riscv-test-suite/rv32i_m/F/src/fnmadd_b15/fnmadd_b15-024.S : 0810992fae7cc5ecd844ff07aed8d3b67750b792 : Passed[0m
[32m    INFO[0m | [32m/home/lnx-141209/Desktop/FluxCore/verification/riscof/riscv-arch-test/riscv-test-suite/rv32i_m/F/src/fnmadd_b15/fnmadd_b15-025.S : 0810992fae7cc5ecd844ff07aed8d3b67750b792 : Passed[0m
[1;31m   ERROR[0m | [1;31m/home/lnx-141209/Desktop/FluxCore/verification/riscof/riscv-arch-test/riscv-test-suite/rv32i_m/F/src/fnmadd_b15/fnmadd_b15-026.S : 0810992fae7cc5ecd844ff07aed8d3b67750b792 : Failed[0m
[32m    INFO[0m | [32m/home/lnx-141209/Desktop/FluxCore/verification/riscof/riscv-arch-test/riscv-test-suite/rv32i_m/F/src/fnmadd_b15/fnmadd_b15-027.S : 0810992fae7cc5ecd844ff07aed8d3b67750b792 : Passed[0m
[32m    INFO[0m | [32m/home/lnx-141209/Desktop/FluxCore/verification/riscof/riscv-arch-test/riscv-test-suite/rv32i_m/F/src/fnmadd_b15/fnmadd_b15-028.S : 0810992fae7cc5ecd844ff07aed8d3b67750b792 : Passed[0m
[32m    INFO[0m | [32m/home/lnx-141209/Desktop/FluxCore/verification/riscof/riscv-arch-test/riscv-test-suite/rv32i_m/F/src/fnmadd_b15/fnmadd_b15-029.S : 0810992fae7cc5ecd844ff07aed8d3b67750b792 : Passed[0m
[1;31m   ERROR[0m | [1;31m/home/lnx-141209/Desktop/FluxCore/verification/riscof/riscv-arch-test/riscv-test-suite/rv32i_m/F/src/fnmadd_b15/fnmadd_b15-030.S : 0810992fae7cc5ecd844ff07aed8d3b67750b792 : Failed[0m
[32m    INFO[0m | [32m/home/lnx-141209/Desktop/FluxCore/verification/riscof/riscv-arch-test/riscv-test-suite/rv32i_m/F/src/fnmadd_b15/fnmadd_b15-031.S : 0810992fae7cc5ecd844ff07aed8d3b67750b792 : Passed[0m
[32m    INFO[0m | [32m/home/lnx-141209/Desktop/FluxCore/verification/riscof/riscv-arch-test/riscv-test-suite/rv32i_m/F/src/fnmadd_b15/fnmadd_b15-032.S : 0810992fae7cc5ecd844ff07aed8d3b67750b792 : Passed[0m
[32m    INFO[0m | [32m/home/lnx-141209/Desktop/FluxCore/verification/riscof/riscv-arch-test/riscv-test-suite/rv32i_m/F/src/fnmadd_b15/fnmadd_b15-033.S : 0810992fae7cc5ecd844ff07aed8d3b67750b792 : Passed[0m
[32m    INFO[0m | [32m/home/lnx-141209/Desktop/FluxCore/verification/riscof/riscv-arch-test/riscv-test-suite/rv32i_m/F/src/fnmadd_b15/fnmadd_b15-034.S : 0810992fae7cc5ecd844ff07aed8d3b67750b792 : Passed[0m
[1;31m   ERROR[0m | [1;31m/home/lnx-141209/Desktop/FluxCore/verification/riscof/riscv-arch-test/riscv-test-suite/rv32i_m/F/src/fnmadd_b15/fnmadd_b15-035.S : 0810992fae7cc5ecd844ff07aed8d3b67750b792 : Failed[0m
[32m    INFO[0m | [32m/home/lnx-141209/Desktop/FluxCore/verification/riscof/riscv-arch-test/riscv-test-suite/rv32i_m/F/src/fnmadd_b15/fnmadd_b15-036.S : 0810992fae7cc5ecd844ff07aed8d3b67750b792 : Passed[0m
[32m    INFO[0m | [32m/home/lnx-141209/Desktop/FluxCore/verification/riscof/riscv-arch-test/riscv-test-suite/rv32i_m/F/src/fnmadd_b15/fnmadd_b15-037.S : 0810992fae7cc5ecd844ff07aed8d3b67750b792 : Passed[0m
[32m    INFO[0m | [32m/home/lnx-141209/Desktop/FluxCore/verification/riscof/riscv-arch-test/riscv-test-suite/rv32i_m/F/src/fnmadd_b15/fnmadd_b15-038.S : 0810992fae7cc5ecd844ff07aed8d3b67750b792 : Passed[0m
[32m    INFO[0m | [32m/home/lnx-141209/Desktop/FluxCore/verification/riscof/riscv-arch-test/riscv-test-suite/rv32i_m/F/src/fnmadd_b15/fnmadd_b15-039.S : 0810992fae7cc5ecd844ff07aed8d3b67750b792 : Passed[0m
[32m    INFO[0m | [32m/home/lnx-141209/Desktop/FluxCore/verification/riscof/riscv-arch-test/riscv-test-suite/rv32i_m/F/src/fnmadd_b15/fnmadd_b15-040.S : 0810992fae7cc5ecd844ff07aed8d3b67750b792 : Passed[0m
[32m    INFO[0m | [32m/home/lnx-141209/Desktop/FluxCore/verification/riscof/riscv-arch-test/riscv-test-suite/rv32i_m/F/src/fnmadd_b15/fnmadd_b15-041.S : 0810992fae7cc5ecd844ff07aed8d3b67750b792 : Passed[0m
[1;31m   ERROR[0m | [1;31m/home/lnx-141209/Desktop/FluxCore/verification/riscof/riscv-arch-test/riscv-test-suite/rv32i_m/F/src/fnmadd_b15/fnmadd_b15-042.S : 0810992fae7cc5ecd844ff07aed8d3b67750b792 : Failed[0m
[32m    INFO[0m | [32m/home/lnx-141209/Desktop/FluxCore/verification/riscof/riscv-arch-test/riscv-test-suite/rv32i_m/F/src/fnmadd_b15/fnmadd_b15-043.S : 0810992fae7cc5ecd844ff07aed8d3b67750b792 : Passed[0m
[32m    INFO[0m | [32m/home/lnx-141209/Desktop/FluxCore/verification/riscof/riscv-arch-test/riscv-test-suite/rv32i_m/F/src/fnmadd_b15/fnmadd_b15-044.S : 0810992fae7cc5ecd844ff07aed8d3b67750b792 : Passed[0m
[32m    INFO[0m | [32m/home/lnx-141209/Desktop/FluxCore/verification/riscof/riscv-arch-test/riscv-test-suite/rv32i_m/F/src/fnmadd_b15/fnmadd_b15-045.S : 0810992fae7cc5ecd844ff07aed8d3b67750b792 : Passed[0m
[32m    INFO[0m | [32m/home/lnx-141209/Desktop/FluxCore/verification/riscof/riscv-arch-test/riscv-test-suite/rv32i_m/F/src/fnmadd_b15/fnmadd_b15-046.S : 0810992fae7cc5ecd844ff07aed8d3b67750b792 : Passed[0m
[32m    INFO[0m | [32m/home/lnx-141209/Desktop/FluxCore/verification/riscof/riscv-arch-test/riscv-test-suite/rv32i_m/F/src/fnmadd_b15/fnmadd_b15-047.S : 0810992fae7cc5ecd844ff07aed8d3b67750b792 : Passed[0m
[32m    INFO[0m | [32m/home/lnx-141209/Desktop/FluxCore/verification/riscof/riscv-arch-test/riscv-test-suite/rv32i_m/F/src/fnmadd_b15/fnmadd_b15-048.S : 0810992fae7cc5ecd844ff07aed8d3b67750b792 : Passed[0m
[32m    INFO[0m | [32m/home/lnx-141209/Desktop/FluxCore/verification/riscof/riscv-arch-test/riscv-test-suite/rv32i_m/F/src/fnmadd_b15/fnmadd_b15-049.S : 0810992fae7cc5ecd844ff07aed8d3b67750b792 : Passed[0m
[32m    INFO[0m | [32m/home/lnx-141209/Desktop/FluxCore/verification/riscof/riscv-arch-test/riscv-test-suite/rv32i_m/F/src/fnmadd_b15/fnmadd_b15-050.S : 0810992fae7cc5ecd844ff07aed8d3b67750b792 : Passed[0m
[32m    INFO[0m | [32m/home/lnx-141209/Desktop/FluxCore/verification/riscof/riscv-arch-test/riscv-test-suite/rv32i_m/F/src/fnmadd_b16-01.S : 752c0fb721b9ab264682d491283d98813f95e45b : Passed[0m
[32m    INFO[0m | [32m/home/lnx-141209/Desktop/FluxCore/verification/riscof/riscv-arch-test/riscv-test-suite/rv32i_m/F/src/fnmadd_b17-01.S : 752c0fb721b9ab264682d491283d98813f95e45b : Passed[0m
[1;31m   ERROR[0m | [1;31m/home/lnx-141209/Desktop/FluxCore/verification/riscof/riscv-arch-test/riscv-test-suite/rv32i_m/F/src/fnmadd_b18-01.S : 752c0fb721b9ab264682d491283d98813f95e45b : Failed[0m
[32m    INFO[0m | [32m/home/lnx-141209/Desktop/FluxCore/verification/riscof/riscv-arch-test/riscv-test-suite/rv32i_m/F/src/fnmadd_b2-01.S : 752c0fb721b9ab264682d491283d98813f95e45b : Passed[0m
[1;31m   ERROR[0m | [1;31m/home/lnx-141209/Desktop/FluxCore/verification/riscof/riscv-arch-test/riscv-test-suite/rv32i_m/F/src/fnmadd_b3-01.S : 752c0fb721b9ab264682d491283d98813f95e45b : Failed[0m
[1;31m   ERROR[0m | [1;31m/home/lnx-141209/Desktop/FluxCore/verification/riscof/riscv-arch-test/riscv-test-suite/rv32i_m/F/src/fnmadd_b4-01.S : 752c0fb721b9ab264682d491283d98813f95e45b : Failed[0m
[1;31m   ERROR[0m | [1;31m/home/lnx-141209/Desktop/FluxCore/verification/riscof/riscv-arch-test/riscv-test-suite/rv32i_m/F/src/fnmadd_b5-01.S : 752c0fb721b9ab264682d491283d98813f95e45b : Failed[0m
[1;31m   ERROR[0m | [1;31m/home/lnx-141209/Desktop/FluxCore/verification/riscof/riscv-arch-test/riscv-test-suite/rv32i_m/F/src/fnmadd_b6-01.S : 752c0fb721b9ab264682d491283d98813f95e45b : Failed[0m
[1;31m   ERROR[0m | [1;31m/home/lnx-141209/Desktop/FluxCore/verification/riscof/riscv-arch-test/riscv-test-suite/rv32i_m/F/src/fnmadd_b7-01.S : 752c0fb721b9ab264682d491283d98813f95e45b : Failed[0m
[1;31m   ERROR[0m | [1;31m/home/lnx-141209/Desktop/FluxCore/verification/riscof/riscv-arch-test/riscv-test-suite/rv32i_m/F/src/fnmadd_b8-01.S : 752c0fb721b9ab264682d491283d98813f95e45b : Failed[0m
[1;31m   ERROR[0m | [1;31m/home/lnx-141209/Desktop/FluxCore/verification/riscof/riscv-arch-test/riscv-test-suite/rv32i_m/F/src/fnmsub_b1-01.S : 752c0fb721b9ab264682d491283d98813f95e45b : Failed[0m
[32m    INFO[0m | [32m/home/lnx-141209/Desktop/FluxCore/verification/riscof/riscv-arch-test/riscv-test-suite/rv32i_m/F/src/fnmsub_b14-01.S : 752c0fb721b9ab264682d491283d98813f95e45b : Passed[0m
[32m    INFO[0m | [32m/home/lnx-141209/Desktop/FluxCore/verification/riscof/riscv-arch-test/riscv-test-suite/rv32i_m/F/src/fnmsub_b15/fnmsub_b15-001.S : 0810992fae7cc5ecd844ff07aed8d3b67750b792 : Passed[0m
[32m    INFO[0m | [32m/home/lnx-141209/Desktop/FluxCore/verification/riscof/riscv-arch-test/riscv-test-suite/rv32i_m/F/src/fnmsub_b15/fnmsub_b15-002.S : 0810992fae7cc5ecd844ff07aed8d3b67750b792 : Passed[0m
[32m    INFO[0m | [32m/home/lnx-141209/Desktop/FluxCore/verification/riscof/riscv-arch-test/riscv-test-suite/rv32i_m/F/src/fnmsub_b15/fnmsub_b15-003.S : 0810992fae7cc5ecd844ff07aed8d3b67750b792 : Passed[0m
[32m    INFO[0m | [32m/home/lnx-141209/Desktop/FluxCore/verification/riscof/riscv-arch-test/riscv-test-suite/rv32i_m/F/src/fnmsub_b15/fnmsub_b15-004.S : 0810992fae7cc5ecd844ff07aed8d3b67750b792 : Passed[0m
[32m    INFO[0m | [32m/home/lnx-141209/Desktop/FluxCore/verification/riscof/riscv-arch-test/riscv-test-suite/rv32i_m/F/src/fnmsub_b15/fnmsub_b15-005.S : 0810992fae7cc5ecd844ff07aed8d3b67750b792 : Passed[0m
[32m    INFO[0m | [32m/home/lnx-141209/Desktop/FluxCore/verification/riscof/riscv-arch-test/riscv-test-suite/rv32i_m/F/src/fnmsub_b15/fnmsub_b15-006.S : 0810992fae7cc5ecd844ff07aed8d3b67750b792 : Passed[0m
[32m    INFO[0m | [32m/home/lnx-141209/Desktop/FluxCore/verification/riscof/riscv-arch-test/riscv-test-suite/rv32i_m/F/src/fnmsub_b15/fnmsub_b15-007.S : 0810992fae7cc5ecd844ff07aed8d3b67750b792 : Passed[0m
[32m    INFO[0m | [32m/home/lnx-141209/Desktop/FluxCore/verification/riscof/riscv-arch-test/riscv-test-suite/rv32i_m/F/src/fnmsub_b15/fnmsub_b15-008.S : 0810992fae7cc5ecd844ff07aed8d3b67750b792 : Passed[0m
[32m    INFO[0m | [32m/home/lnx-141209/Desktop/FluxCore/verification/riscof/riscv-arch-test/riscv-test-suite/rv32i_m/F/src/fnmsub_b15/fnmsub_b15-009.S : 0810992fae7cc5ecd844ff07aed8d3b67750b792 : Passed[0m
[32m    INFO[0m | [32m/home/lnx-141209/Desktop/FluxCore/verification/riscof/riscv-arch-test/riscv-test-suite/rv32i_m/F/src/fnmsub_b15/fnmsub_b15-010.S : 0810992fae7cc5ecd844ff07aed8d3b67750b792 : Passed[0m
[32m    INFO[0m | [32m/home/lnx-141209/Desktop/FluxCore/verification/riscof/riscv-arch-test/riscv-test-suite/rv32i_m/F/src/fnmsub_b15/fnmsub_b15-011.S : 0810992fae7cc5ecd844ff07aed8d3b67750b792 : Passed[0m
[32m    INFO[0m | [32m/home/lnx-141209/Desktop/FluxCore/verification/riscof/riscv-arch-test/riscv-test-suite/rv32i_m/F/src/fnmsub_b15/fnmsub_b15-012.S : 0810992fae7cc5ecd844ff07aed8d3b67750b792 : Passed[0m
[32m    INFO[0m | [32m/home/lnx-141209/Desktop/FluxCore/verification/riscof/riscv-arch-test/riscv-test-suite/rv32i_m/F/src/fnmsub_b15/fnmsub_b15-013.S : 0810992fae7cc5ecd844ff07aed8d3b67750b792 : Passed[0m
[32m    INFO[0m | [32m/home/lnx-141209/Desktop/FluxCore/verification/riscof/riscv-arch-test/riscv-test-suite/rv32i_m/F/src/fnmsub_b15/fnmsub_b15-014.S : 0810992fae7cc5ecd844ff07aed8d3b67750b792 : Passed[0m
[32m    INFO[0m | [32m/home/lnx-141209/Desktop/FluxCore/verification/riscof/riscv-arch-test/riscv-test-suite/rv32i_m/F/src/fnmsub_b15/fnmsub_b15-015.S : 0810992fae7cc5ecd844ff07aed8d3b67750b792 : Passed[0m
[32m    INFO[0m | [32m/home/lnx-141209/Desktop/FluxCore/verification/riscof/riscv-arch-test/riscv-test-suite/rv32i_m/F/src/fnmsub_b15/fnmsub_b15-016.S : 0810992fae7cc5ecd844ff07aed8d3b67750b792 : Passed[0m
[32m    INFO[0m | [32m/home/lnx-141209/Desktop/FluxCore/verification/riscof/riscv-arch-test/riscv-test-suite/rv32i_m/F/src/fnmsub_b15/fnmsub_b15-017.S : 0810992fae7cc5ecd844ff07aed8d3b67750b792 : Passed[0m
[32m    INFO[0m | [32m/home/lnx-141209/Desktop/FluxCore/verification/riscof/riscv-arch-test/riscv-test-suite/rv32i_m/F/src/fnmsub_b15/fnmsub_b15-018.S : 0810992fae7cc5ecd844ff07aed8d3b67750b792 : Passed[0m
[32m    INFO[0m | [32m/home/lnx-141209/Desktop/FluxCore/verification/riscof/riscv-arch-test/riscv-test-suite/rv32i_m/F/src/fnmsub_b15/fnmsub_b15-019.S : 0810992fae7cc5ecd844ff07aed8d3b67750b792 : Passed[0m
[32m    INFO[0m | [32m/home/lnx-141209/Desktop/FluxCore/verification/riscof/riscv-arch-test/riscv-test-suite/rv32i_m/F/src/fnmsub_b15/fnmsub_b15-020.S : 0810992fae7cc5ecd844ff07aed8d3b67750b792 : Passed[0m
[32m    INFO[0m | [32m/home/lnx-141209/Desktop/FluxCore/verification/riscof/riscv-arch-test/riscv-test-suite/rv32i_m/F/src/fnmsub_b15/fnmsub_b15-021.S : 0810992fae7cc5ecd844ff07aed8d3b67750b792 : Passed[0m
[32m    INFO[0m | [32m/home/lnx-141209/Desktop/FluxCore/verification/riscof/riscv-arch-test/riscv-test-suite/rv32i_m/F/src/fnmsub_b15/fnmsub_b15-022.S : 0810992fae7cc5ecd844ff07aed8d3b67750b792 : Passed[0m
[32m    INFO[0m | [32m/home/lnx-141209/Desktop/FluxCore/verification/riscof/riscv-arch-test/riscv-test-suite/rv32i_m/F/src/fnmsub_b15/fnmsub_b15-023.S : 0810992fae7cc5ecd844ff07aed8d3b67750b792 : Passed[0m
[32m    INFO[0m | [32m/home/lnx-141209/Desktop/FluxCore/verification/riscof/riscv-arch-test/riscv-test-suite/rv32i_m/F/src/fnmsub_b15/fnmsub_b15-024.S : 0810992fae7cc5ecd844ff07aed8d3b67750b792 : Passed[0m
[32m    INFO[0m | [32m/home/lnx-141209/Desktop/FluxCore/verification/riscof/riscv-arch-test/riscv-test-suite/rv32i_m/F/src/fnmsub_b15/fnmsub_b15-025.S : 0810992fae7cc5ecd844ff07aed8d3b67750b792 : Passed[0m
[32m    INFO[0m | [32m/home/lnx-141209/Desktop/FluxCore/verification/riscof/riscv-arch-test/riscv-test-suite/rv32i_m/F/src/fnmsub_b15/fnmsub_b15-026.S : 0810992fae7cc5ecd844ff07aed8d3b67750b792 : Passed[0m
[32m    INFO[0m | [32m/home/lnx-141209/Desktop/FluxCore/verification/riscof/riscv-arch-test/riscv-test-suite/rv32i_m/F/src/fnmsub_b15/fnmsub_b15-027.S : 0810992fae7cc5ecd844ff07aed8d3b67750b792 : Passed[0m
[32m    INFO[0m | [32m/home/lnx-141209/Desktop/FluxCore/verification/riscof/riscv-arch-test/riscv-test-suite/rv32i_m/F/src/fnmsub_b15/fnmsub_b15-028.S : 0810992fae7cc5ecd844ff07aed8d3b67750b792 : Passed[0m
[32m    INFO[0m | [32m/home/lnx-141209/Desktop/FluxCore/verification/riscof/riscv-arch-test/riscv-test-suite/rv32i_m/F/src/fnmsub_b15/fnmsub_b15-029.S : 0810992fae7cc5ecd844ff07aed8d3b67750b792 : Passed[0m
[32m    INFO[0m | [32m/home/lnx-141209/Desktop/FluxCore/verification/riscof/riscv-arch-test/riscv-test-suite/rv32i_m/F/src/fnmsub_b15/fnmsub_b15-030.S : 0810992fae7cc5ecd844ff07aed8d3b67750b792 : Passed[0m
[32m    INFO[0m | [32m/home/lnx-141209/Desktop/FluxCore/verification/riscof/riscv-arch-test/riscv-test-suite/rv32i_m/F/src/fnmsub_b15/fnmsub_b15-031.S : 0810992fae7cc5ecd844ff07aed8d3b67750b792 : Passed[0m
[32m    INFO[0m | [32m/home/lnx-141209/Desktop/FluxCore/verification/riscof/riscv-arch-test/riscv-test-suite/rv32i_m/F/src/fnmsub_b15/fnmsub_b15-032.S : 0810992fae7cc5ecd844ff07aed8d3b67750b792 : Passed[0m
[32m    INFO[0m | [32m/home/lnx-141209/Desktop/FluxCore/verification/riscof/riscv-arch-test/riscv-test-suite/rv32i_m/F/src/fnmsub_b15/fnmsub_b15-033.S : 0810992fae7cc5ecd844ff07aed8d3b67750b792 : Passed[0m
[32m    INFO[0m | [32m/home/lnx-141209/Desktop/FluxCore/verification/riscof/riscv-arch-test/riscv-test-suite/rv32i_m/F/src/fnmsub_b15/fnmsub_b15-034.S : 0810992fae7cc5ecd844ff07aed8d3b67750b792 : Passed[0m
[32m    INFO[0m | [32m/home/lnx-141209/Desktop/FluxCore/verification/riscof/riscv-arch-test/riscv-test-suite/rv32i_m/F/src/fnmsub_b15/fnmsub_b15-035.S : 0810992fae7cc5ecd844ff07aed8d3b67750b792 : Passed[0m
[32m    INFO[0m | [32m/home/lnx-141209/Desktop/FluxCore/verification/riscof/riscv-arch-test/riscv-test-suite/rv32i_m/F/src/fnmsub_b15/fnmsub_b15-036.S : 0810992fae7cc5ecd844ff07aed8d3b67750b792 : Passed[0m
[32m    INFO[0m | [32m/home/lnx-141209/Desktop/FluxCore/verification/riscof/riscv-arch-test/riscv-test-suite/rv32i_m/F/src/fnmsub_b15/fnmsub_b15-037.S : 0810992fae7cc5ecd844ff07aed8d3b67750b792 : Passed[0m
[32m    INFO[0m | [32m/home/lnx-141209/Desktop/FluxCore/verification/riscof/riscv-arch-test/riscv-test-suite/rv32i_m/F/src/fnmsub_b15/fnmsub_b15-038.S : 0810992fae7cc5ecd844ff07aed8d3b67750b792 : Passed[0m
[32m    INFO[0m | [32m/home/lnx-141209/Desktop/FluxCore/verification/riscof/riscv-arch-test/riscv-test-suite/rv32i_m/F/src/fnmsub_b15/fnmsub_b15-039.S : 0810992fae7cc5ecd844ff07aed8d3b67750b792 : Passed[0m
[32m    INFO[0m | [32m/home/lnx-141209/Desktop/FluxCore/verification/riscof/riscv-arch-test/riscv-test-suite/rv32i_m/F/src/fnmsub_b15/fnmsub_b15-040.S : 0810992fae7cc5ecd844ff07aed8d3b67750b792 : Passed[0m
[32m    INFO[0m | [32m/home/lnx-141209/Desktop/FluxCore/verification/riscof/riscv-arch-test/riscv-test-suite/rv32i_m/F/src/fnmsub_b15/fnmsub_b15-041.S : 0810992fae7cc5ecd844ff07aed8d3b67750b792 : Passed[0m
[32m    INFO[0m | [32m/home/lnx-141209/Desktop/FluxCore/verification/riscof/riscv-arch-test/riscv-test-suite/rv32i_m/F/src/fnmsub_b15/fnmsub_b15-042.S : 0810992fae7cc5ecd844ff07aed8d3b67750b792 : Passed[0m
[32m    INFO[0m | [32m/home/lnx-141209/Desktop/FluxCore/verification/riscof/riscv-arch-test/riscv-test-suite/rv32i_m/F/src/fnmsub_b15/fnmsub_b15-043.S : 0810992fae7cc5ecd844ff07aed8d3b67750b792 : Passed[0m
[32m    INFO[0m | [32m/home/lnx-141209/Desktop/FluxCore/verification/riscof/riscv-arch-test/riscv-test-suite/rv32i_m/F/src/fnmsub_b15/fnmsub_b15-044.S : 0810992fae7cc5ecd844ff07aed8d3b67750b792 : Passed[0m
[32m    INFO[0m | [32m/home/lnx-141209/Desktop/FluxCore/verification/riscof/riscv-arch-test/riscv-test-suite/rv32i_m/F/src/fnmsub_b15/fnmsub_b15-045.S : 0810992fae7cc5ecd844ff07aed8d3b67750b792 : Passed[0m
[32m    INFO[0m | [32m/home/lnx-141209/Desktop/FluxCore/verification/riscof/riscv-arch-test/riscv-test-suite/rv32i_m/F/src/fnmsub_b15/fnmsub_b15-046.S : 0810992fae7cc5ecd844ff07aed8d3b67750b792 : Passed[0m
[32m    INFO[0m | [32m/home/lnx-141209/Desktop/FluxCore/verification/riscof/riscv-arch-test/riscv-test-suite/rv32i_m/F/src/fnmsub_b15/fnmsub_b15-047.S : 0810992fae7cc5ecd844ff07aed8d3b67750b792 : Passed[0m
[32m    INFO[0m | [32m/home/lnx-141209/Desktop/FluxCore/verification/riscof/riscv-arch-test/riscv-test-suite/rv32i_m/F/src/fnmsub_b15/fnmsub_b15-048.S : 0810992fae7cc5ecd844ff07aed8d3b67750b792 : Passed[0m
[32m    INFO[0m | [32m/home/lnx-141209/Desktop/FluxCore/verification/riscof/riscv-arch-test/riscv-test-suite/rv32i_m/F/src/fnmsub_b15/fnmsub_b15-049.S : 0810992fae7cc5ecd844ff07aed8d3b67750b792 : Passed[0m
[32m    INFO[0m | [32m/home/lnx-141209/Desktop/FluxCore/verification/riscof/riscv-arch-test/riscv-test-suite/rv32i_m/F/src/fnmsub_b15/fnmsub_b15-050.S : 0810992fae7cc5ecd844ff07aed8d3b67750b792 : Passed[0m
[32m    INFO[0m | [32m/home/lnx-141209/Desktop/FluxCore/verification/riscof/riscv-arch-test/riscv-test-suite/rv32i_m/F/src/fnmsub_b16-01.S : 752c0fb721b9ab264682d491283d98813f95e45b : Passed[0m
[32m    INFO[0m | [32m/home/lnx-141209/Desktop/FluxCore/verification/riscof/riscv-arch-test/riscv-test-suite/rv32i_m/F/src/fnmsub_b17-01.S : 752c0fb721b9ab264682d491283d98813f95e45b : Passed[0m
[32m    INFO[0m | [32m/home/lnx-141209/Desktop/FluxCore/verification/riscof/riscv-arch-test/riscv-test-suite/rv32i_m/F/src/fnmsub_b18-01.S : 752c0fb721b9ab264682d491283d98813f95e45b : Passed[0m
[1;31m   ERROR[0m | [1;31m/home/lnx-141209/Desktop/FluxCore/verification/riscof/riscv-arch-test/riscv-test-suite/rv32i_m/F/src/fnmsub_b2-01.S : 752c0fb721b9ab264682d491283d98813f95e45b : Failed[0m
[1;31m   ERROR[0m | [1;31m/home/lnx-141209/Desktop/FluxCore/verification/riscof/riscv-arch-test/riscv-test-suite/rv32i_m/F/src/fnmsub_b3-01.S : 752c0fb721b9ab264682d491283d98813f95e45b : Failed[0m
[1;31m   ERROR[0m | [1;31m/home/lnx-141209/Desktop/FluxCore/verification/riscof/riscv-arch-test/riscv-test-suite/rv32i_m/F/src/fnmsub_b4-01.S : 752c0fb721b9ab264682d491283d98813f95e45b : Failed[0m
[1;31m   ERROR[0m | [1;31m/home/lnx-141209/Desktop/FluxCore/verification/riscof/riscv-arch-test/riscv-test-suite/rv32i_m/F/src/fnmsub_b5-01.S : 752c0fb721b9ab264682d491283d98813f95e45b : Failed[0m
[1;31m   ERROR[0m | [1;31m/home/lnx-141209/Desktop/FluxCore/verification/riscof/riscv-arch-test/riscv-test-suite/rv32i_m/F/src/fnmsub_b6-01.S : 752c0fb721b9ab264682d491283d98813f95e45b : Failed[0m
[1;31m   ERROR[0m | [1;31m/home/lnx-141209/Desktop/FluxCore/verification/riscof/riscv-arch-test/riscv-test-suite/rv32i_m/F/src/fnmsub_b7-01.S : 752c0fb721b9ab264682d491283d98813f95e45b : Failed[0m
[1;31m   ERROR[0m | [1;31m/home/lnx-141209/Desktop/FluxCore/verification/riscof/riscv-arch-test/riscv-test-suite/rv32i_m/F/src/fnmsub_b8-01.S : 752c0fb721b9ab264682d491283d98813f95e45b : Failed[0m
[32m    INFO[0m | [32m/home/lnx-141209/Desktop/FluxCore/verification/riscof/riscv-arch-test/riscv-test-suite/rv32i_m/F/src/fsgnj_b1-01.S : 0810992fae7cc5ecd844ff07aed8d3b67750b792 : Passed[0m
[32m    INFO[0m | [32m/home/lnx-141209/Desktop/FluxCore/verification/riscof/riscv-arch-test/riscv-test-suite/rv32i_m/F/src/fsgnjn_b1-01.S : 0810992fae7cc5ecd844ff07aed8d3b67750b792 : Passed[0m
[32m    INFO[0m | [32m/home/lnx-141209/Desktop/FluxCore/verification/riscof/riscv-arch-test/riscv-test-suite/rv32i_m/F/src/fsgnjx_b1-01.S : 0810992fae7cc5ecd844ff07aed8d3b67750b792 : Passed[0m
[32m    INFO[0m | [32m/home/lnx-141209/Desktop/FluxCore/verification/riscof/riscv-arch-test/riscv-test-suite/rv32i_m/F/src/fsqrt_b1-01.S : 0810992fae7cc5ecd844ff07aed8d3b67750b792 : Passed[0m
[32m    INFO[0m | [32m/home/lnx-141209/Desktop/FluxCore/verification/riscof/riscv-arch-test/riscv-test-suite/rv32i_m/F/src/fsqrt_b2-01.S : 0810992fae7cc5ecd844ff07aed8d3b67750b792 : Passed[0m
[32m    INFO[0m | [32m/home/lnx-141209/Desktop/FluxCore/verification/riscof/riscv-arch-test/riscv-test-suite/rv32i_m/F/src/fsqrt_b20-01.S : 0810992fae7cc5ecd844ff07aed8d3b67750b792 : Passed[0m
[32m    INFO[0m | [32m/home/lnx-141209/Desktop/FluxCore/verification/riscof/riscv-arch-test/riscv-test-suite/rv32i_m/F/src/fsqrt_b3-01.S : 0810992fae7cc5ecd844ff07aed8d3b67750b792 : Passed[0m
[32m    INFO[0m | [32m/home/lnx-141209/Desktop/FluxCore/verification/riscof/riscv-arch-test/riscv-test-suite/rv32i_m/F/src/fsqrt_b4-01.S : 0810992fae7cc5ecd844ff07aed8d3b67750b792 : Passed[0m
[32m    INFO[0m | [32m/home/lnx-141209/Desktop/FluxCore/verification/riscof/riscv-arch-test/riscv-test-suite/rv32i_m/F/src/fsqrt_b5-01.S : 0810992fae7cc5ecd844ff07aed8d3b67750b792 : Passed[0m
[32m    INFO[0m | [32m/home/lnx-141209/Desktop/FluxCore/verification/riscof/riscv-arch-test/riscv-test-suite/rv32i_m/F/src/fsqrt_b7-01.S : 0810992fae7cc5ecd844ff07aed8d3b67750b792 : Passed[0m
[32m    INFO[0m | [32m/home/lnx-141209/Desktop/FluxCore/verification/riscof/riscv-arch-test/riscv-test-suite/rv32i_m/F/src/fsqrt_b8-01.S : 0810992fae7cc5ecd844ff07aed8d3b67750b792 : Passed[0m
[32m    INFO[0m | [32m/home/lnx-141209/Desktop/FluxCore/verification/riscof/riscv-arch-test/riscv-test-suite/rv32i_m/F/src/fsqrt_b9-01.S : 0810992fae7cc5ecd844ff07aed8d3b67750b792 : Passed[0m
[32m    INFO[0m | [32m/home/lnx-141209/Desktop/FluxCore/verification/riscof/riscv-arch-test/riscv-test-suite/rv32i_m/F/src/fsub_b1-01.S : 0810992fae7cc5ecd844ff07aed8d3b67750b792 : Passed[0m
[32m    INFO[0m | [32m/home/lnx-141209/Desktop/FluxCore/verification/riscof/riscv-arch-test/riscv-test-suite/rv32i_m/F/src/fsub_b10-01.S : 0810992fae7cc5ecd844ff07aed8d3b67750b792 : Passed[0m
[32m    INFO[0m | [32m/home/lnx-141209/Desktop/FluxCore/verification/riscof/riscv-arch-test/riscv-test-suite/rv32i_m/F/src/fsub_b11-01.S : 0810992fae7cc5ecd844ff07aed8d3b67750b792 : Passed[0m
[32m    INFO[0m | [32m/home/lnx-141209/Desktop/FluxCore/verification/riscof/riscv-arch-test/riscv-test-suite/rv32i_m/F/src/fsub_b12-01.S : 0810992fae7cc5ecd844ff07aed8d3b67750b792 : Passed[0m
[32m    INFO[0m | [32m/home/lnx-141209/Desktop/FluxCore/verification/riscof/riscv-arch-test/riscv-test-suite/rv32i_m/F/src/fsub_b13-01.S : 0810992fae7cc5ecd844ff07aed8d3b67750b792 : Passed[0m
[32m    INFO[0m | [32m/home/lnx-141209/Desktop/FluxCore/verification/riscof/riscv-arch-test/riscv-test-suite/rv32i_m/F/src/fsub_b2-01.S : 0810992fae7cc5ecd844ff07aed8d3b67750b792 : Passed[0m
[1;31m   ERROR[0m | [1;31m/home/lnx-141209/Desktop/FluxCore/verification/riscof/riscv-arch-test/riscv-test-suite/rv32i_m/F/src/fsub_b3-01.S : 0810992fae7cc5ecd844ff07aed8d3b67750b792 : Failed[0m
[1;31m   ERROR[0m | [1;31m/home/lnx-141209/Desktop/FluxCore/verification/riscof/riscv-arch-test/riscv-test-suite/rv32i_m/F/src/fsub_b4-01.S : 0810992fae7cc5ecd844ff07aed8d3b67750b792 : Failed[0m
[1;31m   ERROR[0m | [1;31m/home/lnx-141209/Desktop/FluxCore/verification/riscof/riscv-arch-test/riscv-test-suite/rv32i_m/F/src/fsub_b5-01.S : 0810992fae7cc5ecd844ff07aed8d3b67750b792 : Failed[0m
[32m    INFO[0m | [32m/home/lnx-141209/Desktop/FluxCore/verification/riscof/riscv-arch-test/riscv-test-suite/rv32i_m/F/src/fsub_b7-01.S : 0810992fae7cc5ecd844ff07aed8d3b67750b792 : Passed[0m
[1;31m   ERROR[0m | [1;31m/home/lnx-141209/Desktop/FluxCore/verification/riscof/riscv-arch-test/riscv-test-suite/rv32i_m/F/src/fsub_b8-01.S : 0810992fae7cc5ecd844ff07aed8d3b67750b792 : Failed[0m
[32m    INFO[0m | [32m/home/lnx-141209/Desktop/FluxCore/verification/riscof/riscv-arch-test/riscv-test-suite/rv32i_m/F/src/fsw-align-01.S : 752c0fb721b9ab264682d491283d98813f95e45b : Passed[0m
[32m    INFO[0m | [32mTest report generated at /home/lnx-141209/Desktop/FluxCore/verification/riscof/riscof_work/report.html.[0m
