[32m    INFO[0m | [32m****** RISCOF: RISC-V Architectural Test Framework 1.25.3 *******[0m
[32m    INFO[0m | [32musing riscv_isac version : 0.18.0[0m
[32m    INFO[0m | [32musing riscv_config version : 3.18.3[0m
[32m    INFO[0m | [32mReading configuration from: /home/lnx-141209/Desktop/FluxCore/verification/riscof/config.ini[0m
[32m    INFO[0m | [32mPreparing Models[0m
[32m    INFO[0m | [32mInput-ISA file[0m
[32m    INFO[0m | [32mISACheck: Loading input file: /home/lnx-141209/Desktop/FluxCore/verification/riscof/fluxcore/fluxcore_isa.yaml[0m
[32m    INFO[0m | [32mISACheck: Load Schema /home/lnx-141209/Desktop/FluxCore/.venv/lib/python3.13/site-packages/riscv_config/schemas/schema_isa.yaml[0m
[32m    INFO[0m | [32mISACheck: Processing Hart:0[0m
[32m    INFO[0m | [32mISACheck: Initiating Validation for Hart:0[0m
[32m    INFO[0m | [32mISACheck: No errors for Hart:0[0m
[32m    INFO[0m | [32mISACheck:  Updating fields node for each CSR in Hart:0[0m
[32m    INFO[0m | [32mISACheck: Dumping out Normalized Checked YAML: /home/lnx-141209/Desktop/FluxCore/verification/riscof/riscof_work/fluxcore_isa_checked.yaml[0m
[32m    INFO[0m | [32mInput-Platform file[0m
[32m    INFO[0m | [32mLoading input file: /home/lnx-141209/Desktop/FluxCore/verification/riscof/fluxcore/fluxcore_platform.yaml[0m
[32m    INFO[0m | [32mLoad Schema /home/lnx-141209/Desktop/FluxCore/.venv/lib/python3.13/site-packages/riscv_config/schemas/schema_platform.yaml[0m
[32m    INFO[0m | [32mInitiating Validation[0m
[32m    INFO[0m | [32mNo Syntax errors in Input Platform Yaml. :)[0m
[32m    INFO[0m | [32mDumping out Normalized Checked YAML: /home/lnx-141209/Desktop/FluxCore/verification/riscof/riscof_work/fluxcore_platform_checked.yaml[0m
[32m    INFO[0m | [32mGenerating database for suite: /home/lnx-141209/Desktop/FluxCore/verification/riscof/riscv-arch-test/riscv-test-suite/rv32i_m/Zifencei[0m
[32m    INFO[0m | [32mDatabase File Generated: /home/lnx-141209/Desktop/FluxCore/verification/riscof/riscof_work/database.yaml[0m
[32m    INFO[0m | [32mEnv path set to/home/lnx-141209/Desktop/FluxCore/verification/riscof/riscv-arch-test/riscv-test-suite/env[0m
[32m    INFO[0m | [32mRunning Build for DUT[0m
[32m    INFO[0m | [32mRunning Build for Reference[0m
[32m    INFO[0m | [32mSelecting Tests.[0m
[32m    INFO[0m | [32mRunning Tests on DUT.[0m
[32m    INFO[0m | [32mRunning Tests on Reference Model.[0m
[32m    INFO[0m | [32mInitiating signature checking.[0m
[32m    INFO[0m | [32mFollowing 1 tests have been run :
[0m
[32m    INFO[0m | [32mTEST NAME                                          : COMMIT ID                                : STATUS[0m
[32m    INFO[0m | [32m/home/lnx-141209/Desktop/FluxCore/verification/riscof/riscv-arch-test/riscv-test-suite/rv32i_m/Zifencei/src/Fencei.S : 274b6cd787d4d5b0b6c41424b9b7dcca495a9d4b : Passed[0m
[32m    INFO[0m | [32mTest report generated at /home/lnx-141209/Desktop/FluxCore/verification/riscof/riscof_work/report.html.[0m
